Component: ARM Compiler 5.06 update 7 (build 960) Tool: armlink [4d3601]

==============================================================================

Section Cross References

    startup_stm32f401xc.o(STACK) refers (Special) to heapauxi.o(.text) for __use_two_region_memory
    startup_stm32f401xc.o(HEAP) refers (Special) to heapauxi.o(.text) for __use_two_region_memory
    startup_stm32f401xc.o(RESET) refers (Special) to heapauxi.o(.text) for __use_two_region_memory
    startup_stm32f401xc.o(RESET) refers to startup_stm32f401xc.o(STACK) for __initial_sp
    startup_stm32f401xc.o(RESET) refers to startup_stm32f401xc.o(.text) for Reset_Handler
    startup_stm32f401xc.o(RESET) refers to stm32f4xx_it.o(i.NMI_Handler) for NMI_Handler
    startup_stm32f401xc.o(RESET) refers to stm32f4xx_it.o(i.HardFault_Handler) for HardFault_Handler
    startup_stm32f401xc.o(RESET) refers to stm32f4xx_it.o(i.MemManage_Handler) for MemManage_Handler
    startup_stm32f401xc.o(RESET) refers to stm32f4xx_it.o(i.BusFault_Handler) for BusFault_Handler
    startup_stm32f401xc.o(RESET) refers to stm32f4xx_it.o(i.UsageFault_Handler) for UsageFault_Handler
    startup_stm32f401xc.o(RESET) refers to stm32f4xx_it.o(i.SVC_Handler) for SVC_Handler
    startup_stm32f401xc.o(RESET) refers to stm32f4xx_it.o(i.DebugMon_Handler) for DebugMon_Handler
    startup_stm32f401xc.o(RESET) refers to stm32f4xx_it.o(i.PendSV_Handler) for PendSV_Handler
    startup_stm32f401xc.o(RESET) refers to stm32f4xx_it.o(i.SysTick_Handler) for SysTick_Handler
    startup_stm32f401xc.o(RESET) refers to stm32f4xx_it.o(i.USART1_IRQHandler) for USART1_IRQHandler
    startup_stm32f401xc.o(.text) refers (Special) to heapauxi.o(.text) for __use_two_region_memory
    startup_stm32f401xc.o(.text) refers to system_stm32f4xx.o(i.SystemInit) for SystemInit
    startup_stm32f401xc.o(.text) refers to __main.o(!!!main) for __main
    startup_stm32f401xc.o(.text) refers to startup_stm32f401xc.o(HEAP) for Heap_Mem
    startup_stm32f401xc.o(.text) refers to startup_stm32f401xc.o(STACK) for Stack_Mem
    main.o(i.SystemClock_Config) refers to rt_memclr_w.o(.text) for __aeabi_memclr4
    main.o(i.SystemClock_Config) refers to stm32f4xx_hal_rcc.o(i.HAL_RCC_OscConfig) for HAL_RCC_OscConfig
    main.o(i.SystemClock_Config) refers to stm32f4xx_hal_rcc.o(i.HAL_RCC_ClockConfig) for HAL_RCC_ClockConfig
    main.o(i.main) refers to stm32f4xx_hal.o(i.HAL_Init) for HAL_Init
    main.o(i.main) refers to main.o(i.SystemClock_Config) for SystemClock_Config
    main.o(i.main) refers to gpio.o(i.MX_GPIO_Init) for MX_GPIO_Init
    main.o(i.main) refers to usart.o(i.MX_USART1_UART_Init) for MX_USART1_UART_Init
    main.o(i.main) refers to spi.o(i.MX_SPI1_Init) for MX_SPI1_Init
    main.o(i.main) refers to lcd.o(i.LCD_Test) for LCD_Test
    main.o(i.main) refers to stm32f4xx_hal_gpio.o(i.HAL_GPIO_TogglePin) for HAL_GPIO_TogglePin
    main.o(i.main) refers to stm32f4xx_hal.o(i.HAL_Delay) for HAL_Delay
    gpio.o(i.MX_GPIO_Init) refers to rt_memclr_w.o(.text) for __aeabi_memclr4
    gpio.o(i.MX_GPIO_Init) refers to stm32f4xx_hal_gpio.o(i.HAL_GPIO_WritePin) for HAL_GPIO_WritePin
    gpio.o(i.MX_GPIO_Init) refers to stm32f4xx_hal_gpio.o(i.HAL_GPIO_Init) for HAL_GPIO_Init
    spi.o(i.HAL_SPI_MspDeInit) refers to stm32f4xx_hal_gpio.o(i.HAL_GPIO_DeInit) for HAL_GPIO_DeInit
    spi.o(i.HAL_SPI_MspInit) refers to rt_memclr_w.o(.text) for __aeabi_memclr4
    spi.o(i.HAL_SPI_MspInit) refers to stm32f4xx_hal_gpio.o(i.HAL_GPIO_Init) for HAL_GPIO_Init
    spi.o(i.MX_SPI1_Init) refers to stm32f4xx_hal_spi.o(i.HAL_SPI_Init) for HAL_SPI_Init
    spi.o(i.MX_SPI1_Init) refers to main.o(i.Error_Handler) for Error_Handler
    spi.o(i.MX_SPI1_Init) refers to spi.o(.bss) for .bss
    usart.o(i.HAL_UART_MspDeInit) refers to stm32f4xx_hal_gpio.o(i.HAL_GPIO_DeInit) for HAL_GPIO_DeInit
    usart.o(i.HAL_UART_MspDeInit) refers to stm32f4xx_hal_cortex.o(i.HAL_NVIC_DisableIRQ) for HAL_NVIC_DisableIRQ
    usart.o(i.HAL_UART_MspInit) refers to rt_memclr_w.o(.text) for __aeabi_memclr4
    usart.o(i.HAL_UART_MspInit) refers to stm32f4xx_hal_gpio.o(i.HAL_GPIO_Init) for HAL_GPIO_Init
    usart.o(i.HAL_UART_MspInit) refers to stm32f4xx_hal_cortex.o(i.HAL_NVIC_SetPriority) for HAL_NVIC_SetPriority
    usart.o(i.HAL_UART_MspInit) refers to stm32f4xx_hal_cortex.o(i.HAL_NVIC_EnableIRQ) for HAL_NVIC_EnableIRQ
    usart.o(i.MX_USART1_UART_Init) refers to stm32f4xx_hal_uart.o(i.HAL_UART_Init) for HAL_UART_Init
    usart.o(i.MX_USART1_UART_Init) refers to main.o(i.Error_Handler) for Error_Handler
    usart.o(i.MX_USART1_UART_Init) refers to usart.o(.bss) for .bss
    stm32f4xx_it.o(i.SysTick_Handler) refers to stm32f4xx_hal.o(i.HAL_IncTick) for HAL_IncTick
    stm32f4xx_it.o(i.USART1_IRQHandler) refers to stm32f4xx_hal_uart.o(i.HAL_UART_IRQHandler) for HAL_UART_IRQHandler
    stm32f4xx_it.o(i.USART1_IRQHandler) refers to usart.o(.bss) for huart1
[...]
    ../clib/printf.c                         0x00000000   Number         0  _sputc.o ABSOLUTE
    ../clib/printf.c                         0x00000000   Number         0  _printf_intcommon.o ABSOLUTE
    ../clib/printf.c                         0x00000000   Number         0  _printf_hex_ll_ptr.o ABSOLUTE
    ../clib/printf.c                         0x00000000   Number         0  __printf_nopercent.o ABSOLUTE
    ../clib/printf.c                         0x00000000   Number         0  noretval__2sprintf.o ABSOLUTE
    ../clib/printf.c                         0x00000000   Number         0  _printf_char_common.o ABSOLUTE
    ../clib/printf.c                         0x00000000   Number         0  _printf_hex_int_ll.o ABSOLUTE
    ../clib/printf.c                         0x00000000   Number         0  __printf.o ABSOLUTE
    ../clib/printf.c                         0x00000000   Number         0  _printf_hex_ll.o ABSOLUTE
    ../clib/printf.c                         0x00000000   Number         0  _printf_hex_int.o ABSOLUTE
    ../clib/printf.c                         0x00000000   Number         0  __printf_flags.o ABSOLUTE
    ../clib/printf.c                         0x00000000   Number         0  _printf_hex_ptr.o ABSOLUTE
    ../clib/printf.c                         0x00000000   Number         0  _printf_hex_int_ptr.o ABSOLUTE
    ../clib/printf.c                         0x00000000   Number         0  _printf_hex_int_ll_ptr.o ABSOLUTE
    ../clib/printf_percent.s                 0x00000000   Number         0  _printf_percent_end.o ABSOLUTE
    ../clib/printf_percent.s                 0x00000000   Number         0  _printf_percent.o ABSOLUTE
    ../clib/printf_percent.s                 0x00000000   Number         0  _printf_x.o ABSOLUTE
    ../clib/signal.c                         0x00000000   Number         0  defsig_other.o ABSOLUTE
    ../clib/signal.c                         0x00000000   Number         0  defsig_segv_inner.o ABSOLUTE
    ../clib/signal.c                         0x00000000   Number         0  defsig_cppl_inner.o ABSOLUTE
    ../clib/signal.c                         0x00000000   Number         0  defsig_pvfn_inner.o ABSOLUTE
    ../clib/signal.c                         0x00000000   Number         0  defsig_rtred_inner.o ABSOLUTE
    ../clib/signal.c                         0x00000000   Number         0  defsig_stak_inner.o ABSOLUTE
    ../clib/signal.c                         0x00000000   Number         0  defsig_abrt_inner.o ABSOLUTE
    ../clib/signal.c                         0x00000000   Number         0  defsig_general.o ABSOLUTE
    ../clib/signal.c                         0x00000000   Number         0  __raise.o ABSOLUTE
    ../clib/signal.c                         0x00000000   Number         0  defsig_fpe_inner.o ABSOLUTE
    ../clib/signal.c                         0x00000000   Number         0  defsig_rtmem_inner.o ABSOLUTE
    ../clib/signal.c                         0x00000000   Number         0  defsig_fpe_outer.o ABSOLUTE
    ../clib/signal.c                         0x00000000   Number         0  defsig_exit.o ABSOLUTE
    ../clib/signal.c                         0x00000000   Number         0  defsig_rtmem_formal.o ABSOLUTE
    ../clib/signal.c                         0x00000000   Number         0  defsig_rtmem_outer.o ABSOLUTE
    ../clib/signal.c                         0x00000000   Number         0  defsig_fpe_formal.o ABSOLUTE
    ../clib/signal.s                         0x00000000   Number         0  defsig.o ABSOLUTE
    ../clib/stdlib.c                         0x00000000   Number         0  exit.o ABSOLUTE
    ../fplib/fpinit.s                        0x00000000   Number         0  fpinit.o ABSOLUTE
    ..\Components\BSP\BSP_GPIO.c             0x00000000   Number         0  bsp_gpio.o ABSOLUTE
    ..\Components\BSP\BSP_USART.c            0x00000000   Number         0  bsp_usart.o ABSOLUTE
    ..\Components\Devices\LCD_ST7735\lcd.c   0x00000000   Number         0  lcd.o ABSOLUTE
    ..\Components\Devices\LCD_ST7735\st7735.c 0x00000000   Number         0  st7735.o ABSOLUTE
    ..\Components\Devices\LCD_ST7735\st7735_reg.c 0x00000000   Number         0  st7735_reg.o ABSOLUTE
    ..\Core\Src\gpio.c                       0x00000000   Number         0  gpio.o ABSOLUTE
    ..\Core\Src\main.c                       0x00000000   Number         0  main.o ABSOLUTE
    ..\Core\Src\spi.c                        0x00000000   Number         0  spi.o ABSOLUTE
    ..\Core\Src\stm32f4xx_hal_msp.c          0x00000000   Number         0  stm32f4xx_hal_msp.o ABSOLUTE
    ..\Core\Src\stm32f4xx_it.c               0x00000000   Number         0  stm32f4xx_it.o ABSOLUTE
    ..\Core\Src\system_stm32f4xx.c           0x00000000   Number         0  system_stm32f4xx.o ABSOLUTE
    ..\Core\Src\usart.c                      0x00000000   Number         0  usart.o ABSOLUTE
    ..\Drivers\STM32F4xx_HAL_Driver\Src\stm32f4xx_hal.c 0x00000000   Number         0  stm32f4xx_hal.o ABSOLUTE
    ..\Drivers\STM32F4xx_HAL_Driver\Src\stm32f4xx_hal_cortex.c 0x00000000   Number         0  stm32f4xx_hal_cortex.o ABSOLUTE
    ..\Drivers\STM32F4xx_HAL_Driver\Src\stm32f4xx_hal_dma.c 0x00000000   Number         0  stm32f4xx_hal_dma.o ABSOLUTE
    ..\Drivers\STM32F4xx_HAL_Driver\Src\stm32f4xx_hal_dma_ex.c 0x00000000   Number         0  stm32f4xx_hal_dma_ex.o ABSOLUTE
    ..\Drivers\STM32F4xx_HAL_Driver\Src\stm32f4xx_hal_exti.c 0x00000000   Number         0  stm32f4xx_hal_exti.o ABSOLUTE
    ..\Drivers\STM32F4xx_HAL_Driver\Src\stm32f4xx_hal_flash.c 0x00000000   Number         0  stm32f4xx_hal_flash.o ABSOLUTE
    ..\Drivers\STM32F4xx_HAL_Driver\Src\stm32f4xx_hal_flash_ex.c 0x00000000   Number         0  stm32f4xx_hal_flash_ex.o ABSOLUTE
    ..\Drivers\STM32F4xx_HAL_Driver\Src\stm32f4xx_hal_flash_ramfunc.c 0x00000000   Number         0  stm32f4xx_hal_flash_ramfunc.o ABSOLUTE
    ..\Drivers\STM32F4xx_HAL_Driver\Src\stm32f4xx_hal_gpio.c 0x00000000   Number         0  stm32f4xx_hal_gpio.o ABSOLUTE
    ..\Drivers\STM32F4xx_HAL_Driver\Src\stm32f4xx_hal_pwr.c 0x00000000   Number         0  stm32f4xx_hal_pwr.o ABSOLUTE
    ..\Drivers\STM32F4xx_HAL_Driver\Src\stm32f4xx_hal_pwr_ex.c 0x00000000   Number         0  stm32f4xx_hal_pwr_ex.o ABSOLUTE
    ..\Drivers\STM32F4xx_HAL_Driver\Src\stm32f4xx_hal_rcc.c 0x00000000   Number         0  stm32f4xx_hal_rcc.o ABSOLUTE
    ..\Drivers\STM32F4xx_HAL_Driver\Src\stm32f4xx_hal_rcc_ex.c 0x00000000   Number         0  stm32f4xx_hal_rcc_ex.o ABSOLUTE
    ..\Drivers\STM32F4xx_HAL_Driver\Src\stm32f4xx_hal_spi.c 0x00000000   Number         0  stm32f4xx_hal_spi.o ABSOLUTE
    ..\Drivers\STM32F4xx_HAL_Driver\Src\stm32f4xx_hal_tim.c 0x00000000   Number         0  stm32f4xx_hal_tim.o ABSOLUTE
    ..\Drivers\STM32F4xx_HAL_Driver\Src\stm32f4xx_hal_tim_ex.c 0x00000000   Number         0  stm32f4xx_hal_tim_ex.o ABSOLUTE
    ..\Drivers\STM32F4xx_HAL_Driver\Src\stm32f4xx_hal_uart.c 0x00000000   Number         0  stm32f4xx_hal_uart.o ABSOLUTE
    ..\\Components\\BSP\\BSP_GPIO.c          0x00000000   Number         0  bsp_gpio.o ABSOLUTE
    ..\\Components\\BSP\\BSP_USART.c         0x00000000   Number         0  bsp_usart.o ABSOLUTE
    ..\\Components\\Devices\\LCD_ST7735\\lcd.c 0x00000000   Number         0  lcd.o ABSOLUTE
    dc.s                                     0x00000000   Number         0  dc.o ABSOLUTE
    startup_stm32f401xc.s                    0x00000000   Number         0  startup_stm32f401xc.o ABSOLUTE
    RESET                                    0x08000000   Section      404  startup_stm32f401xc.o(RESET)
    !!!main                                  0x08000194   Section        8  __main.o(!!!main)
    !!!scatter                               0x0800019c   Section       52  __scatter.o(!!!scatter)
    !!handler_copy                           0x080001d0   Section       26  __scatter_copy.o(!!handler_copy)
    !!handler_zi                             0x080001ec   Section       28  __scatter_zi.o(!!handler_zi)
    .ARM.Collect$$_printf_percent$$00000000  0x08000208   Section        0  _printf_percent.o(.ARM.Collect$$_printf_percent$$00000000)
    .ARM.Collect$$_printf_percent$$0000000C  0x08000208   Section        6  _printf_x.o(.ARM.Collect$$_printf_percent$$0000000C)
    .ARM.Collect$$_printf_percent$$00000017  0x0800020e   Section        4  _printf_percent_end.o(.ARM.Collect$$_printf_percent$$00000017)
    .ARM.Collect$$libinit$$00000000          0x08000212   Section        2  libinit.o(.ARM.Collect$$libinit$$00000000)
    .ARM.Collect$$libinit$$00000001          0x08000214   Section        4  libinit2.o(.ARM.Collect$$libinit$$00000001)
    .ARM.Collect$$libinit$$00000004          0x08000218   Section        0  libinit2.o(.ARM.Collect$$libinit$$00000004)
    .ARM.Collect$$libinit$$00000005          0x08000218   Section        8  libinit2.o(.ARM.Collect$$libinit$$00000005)
    .ARM.Collect$$libinit$$0000000A          0x08000220   Section        0  libinit2.o(.ARM.Collect$$libinit$$0000000A)
    .ARM.Collect$$libinit$$0000000C          0x08000220   Section        0  libinit2.o(.ARM.Collect$$libinit$$0000000C)
    .ARM.Collect$$libinit$$0000000E          0x08000220   Section        0  libinit2.o(.ARM.Collect$$libinit$$0000000E)
    .ARM.Collect$$libinit$$00000011          0x08000220   Section        0  libinit2.o(.ARM.Collect$$libinit$$00000011)
    .ARM.Collect$$libinit$$00000013          0x08000220   Section        0  libinit2.o(.ARM.Collect$$libinit$$00000013)
    .ARM.Collect$$libinit$$00000015          0x08000220   Section        0  libinit2.o(.ARM.Collect$$libinit$$00000015)
    .ARM.Collect$$libinit$$00000017          0x08000220   Section        0  libinit2.o(.ARM.Collect$$libinit$$00000017)
    .ARM.Collect$$libinit$$00000019          0x08000220   Section        0  libinit2.o(.ARM.Collect$$libinit$$00000019)
    .ARM.Collect$$libinit$$0000001B          0x08000220   Section        0  libinit2.o(.ARM.Collect$$libinit$$0000001B)
    .ARM.Collect$$libinit$$0000001D          0x08000220   Section        0  libinit2.o(.ARM.Collect$$libinit$$0000001D)
    .ARM.Collect$$libinit$$0000001F          0x08000220   Section        0  libinit2.o(.ARM.Collect$$libinit$$0000001F)
    .ARM.Collect$$libinit$$00000021          0x08000220   Section        0  libinit2.o(.ARM.Collect$$libinit$$00000021)
    .ARM.Collect$$libinit$$00000023          0x08000220   Section        0  libinit2.o(.ARM.Collect$$libinit$$00000023)
    .ARM.Collect$$libinit$$00000025          0x08000220   Section        0  libinit2.o(.ARM.Collect$$libinit$$00000025)
    .ARM.Collect$$libinit$$0000002C          0x08000220   Section        0  libinit2.o(.ARM.Collect$$libinit$$0000002C)
    .ARM.Collect$$libinit$$0000002E          0x08000220   Section        0  libinit2.o(.ARM.Collect$$libinit$$0000002E)
    .ARM.Collect$$libinit$$00000030          0x08000220   Section        0  libinit2.o(.ARM.Collect$$libinit$$00000030)
    .ARM.Collect$$libinit$$00000032          0x08000220   Section        0  libinit2.o(.ARM.Collect$$libinit$$00000032)
    .ARM.Collect$$libinit$$00000033          0x08000220   Section        2  libinit2.o(.ARM.Collect$$libinit$$00000033)
    .ARM.Collect$$libshutdown$$00000000      0x08000222   Section        2  libshutdown.o(.ARM.Collect$$libshutdown$$00000000)
    .ARM.Collect$$libshutdown$$00000002      0x08000224   Section        0  libshutdown2.o(.ARM.Collect$$libshutdown$$00000002)
    .ARM.Collect$$libshutdown$$00000004      0x08000224   Section        0  libshutdown2.o(.ARM.Collect$$libshutdown$$00000004)
    .ARM.Collect$$libshutdown$$00000006      0x08000224   Section        0  libshutdown2.o(.ARM.Collect$$libshutdown$$00000006)
    .ARM.Collect$$libshutdown$$00000009      0x08000224   Section        0  libshutdown2.o(.ARM.Collect$$libshutdown$$00000009)
    .ARM.Collect$$libshutdown$$0000000C      0x08000224   Section        0  libshutdown2.o(.ARM.Collect$$libshutdown$$0000000C)
    .ARM.Collect$$libshutdown$$0000000E      0x08000224   Section        0  libshutdown2.o(.ARM.Collect$$libshutdown$$0000000E)
    .ARM.Collect$$libshutdown$$00000011      0x08000224   Section        0  libshutdown2.o(.ARM.Collect$$libshutdown$$00000011)
    .ARM.Collect$$libshutdown$$00000012      0x08000224   Section        2  libshutdown2.o(.ARM.Collect$$libshutdown$$00000012)
    .ARM.Collect$$rtentry$$00000000          0x08000226   Section        0  __rtentry.o(.ARM.Collect$$rtentry$$00000000)
    .ARM.Collect$$rtentry$$00000002          0x08000226   Section        0  __rtentry2.o(.ARM.Collect$$rtentry$$00000002)
    .ARM.Collect$$rtentry$$00000004          0x08000226   Section        6  __rtentry4.o(.ARM.Collect$$rtentry$$00000004)
    .ARM.Collect$$rtentry$$00000009          0x0800022c   Section        0  __rtentry2.o(.ARM.Collect$$rtentry$$00000009)
    .ARM.Collect$$rtentry$$0000000A          0x0800022c   Section        4  __rtentry2.o(.ARM.Collect$$rtentry$$0000000A)
    .ARM.Collect$$rtentry$$0000000C          0x08000230   Section        0  __rtentry2.o(.ARM.Collect$$rtentry$$0000000C)
    .ARM.Collect$$rtentry$$0000000D          0x08000230   Section        8  __rtentry2.o(.ARM.Collect$$rtentry$$0000000D)
    .ARM.Collect$$rtexit$$00000000           0x08000238   Section        2  rtexit.o(.ARM.Collect$$rtexit$$00000000)
    .ARM.Collect$$rtexit$$00000002           0x0800023a   Section        0  rtexit2.o(.ARM.Collect$$rtexit$$00000002)
    .ARM.Collect$$rtexit$$00000003           0x0800023a   Section        4  rtexit2.o(.ARM.Collect$$rtexit$$00000003)
    .ARM.Collect$$rtexit$$00000004           0x0800023e   Section        6  rtexit2.o(.ARM.Collect$$rtexit$$00000004)
    .emb_text                                0x08000244   Section        0  maybetermalloc1.o(.emb_text)
    .text                                    0x08000244   Section       64  startup_stm32f401xc.o(.text)
    $v0                                      0x08000244   Number         0  startup_stm32f401xc.o(.text)
    .text                                    0x08000284   Section        0  h1_alloc.o(.text)
    .text                                    0x080002e2   Section        0  h1_free.o(.text)
    .text                                    0x08000330   Section      238  lludivv7m.o(.text)
    .text                                    0x08000420   Section        0  noretval__2sprintf.o(.text)
    .text                                    0x08000448   Section        0  __printf.o(.text)
    .text                                    0x080004b0   Section        0  _printf_hex_int.o(.text)
    .text                                    0x08000508   Section       78  rt_memclr_w.o(.text)
    .text                                    0x08000556   Section        0  heapauxi.o(.text)
    .text                                    0x0800055c   Section        8  rt_heap_descriptor_intlibspace.o(.text)
    .text                                    0x08000564   Section        0  hguard.o(.text)
    .text                                    0x08000568   Section        0  init_alloc.o(.text)
    .text                                    0x080005f2   Section        0  h1_init.o(.text)
    .text                                    0x08000600   Section        0  _printf_intcommon.o(.text)
    .text                                    0x080006b4   Section        0  _printf_char_common.o(.text)
    _printf_input_char                       0x080006b5   Thumb Code    10  _printf_char_common.o(.text)
    .text                                    0x080006e4   Section        0  _sputc.o(.text)
    .text                                    0x080006f0   Section        8  libspace.o(.text)
    .text                                    0x080006f8   Section        0  h1_extend.o(.text)
    .text                                    0x0800072c   Section        0  defsig_rtmem_outer.o(.text)
    .text                                    0x0800073a   Section        2  use_no_semi.o(.text)
    .text                                    0x0800073c   Section       74  sys_stackheap_outer.o(.text)
    .text                                    0x0800073c   Section        0  indicate_semi.o(.text)
    .text                                    0x08000786   Section        0  exit.o(.text)
    .text                                    0x08000798   Section        0  defsig_exit.o(.text)
    .text                                    0x080007a4   Section        0  defsig_rtmem_inner.o(.text)
    .text                                    0x080007f4   Section        0  sys_exit.o(.text)
    .text                                    0x08000800   Section        0  defsig_general.o(.text)
    .text                                    0x08000832   Section        0  sys_wrch.o(.text)
    i.BusFault_Handler                       0x08000840   Section        0  stm32f4xx_it.o(i.BusFault_Handler)
    i.DebugMon_Handler                       0x08000842   Section        0  stm32f4xx_it.o(i.DebugMon_Handler)
    i.Error_Handler                          0x08000844   Section        0  main.o(i.Error_Handler)
    i.HAL_DMA_Abort                          0x08000848   Section        0  stm32f4xx_hal_dma.o(i.HAL_DMA_Abort)
    i.HAL_DMA_Abort_IT                       0x080008da   Section        0  stm32f4xx_hal_dma.o(i.HAL_DMA_Abort_IT)
    i.HAL_Delay                              0x08000900   Section        0  stm32f4xx_hal.o(i.HAL_Delay)
    i.HAL_GPIO_Init                          0x08000924   Section        0  stm32f4xx_hal_gpio.o(i.HAL_GPIO_Init)
    i.HAL_GPIO_TogglePin                     0x08000bd8   Section        0  stm32f4xx_hal_gpio.o(i.HAL_GPIO_TogglePin)
    i.HAL_GPIO_WritePin                      0x08000c38   Section        0  stm32f4xx_hal_gpio.o(i.HAL_GPIO_WritePin)
    i.HAL_GetDEVID                           0x08000ca4   Section        0  stm32f4xx_hal.o(i.HAL_GetDEVID)
    i.HAL_GetTick                            0x08000cb4   Section        0  stm32f4xx_hal.o(i.HAL_GetTick)
    i.HAL_IncTick                            0x08000cc0   Section        0  stm32f4xx_hal.o(i.HAL_IncTick)
    i.HAL_Init                               0x08000cd0   Section        0  stm32f4xx_hal.o(i.HAL_Init)
    i.HAL_InitTick                           0x08000d04   Section        0  stm32f4xx_hal.o(i.HAL_InitTick)
    i.HAL_MspInit                            0x08000d44   Section        0  stm32f4xx_hal_msp.o(i.HAL_MspInit)
    i.HAL_NVIC_EnableIRQ                     0x08000d74   Section        0  stm32f4xx_hal_cortex.o(i.HAL_NVIC_EnableIRQ)
    i.HAL_NVIC_SetPriority                   0x08000dd8   Section        0  stm32f4xx_hal_cortex.o(i.HAL_NVIC_SetPriority)
    i.HAL_NVIC_SetPriorityGrouping           0x08000e78   Section        0  stm32f4xx_hal_cortex.o(i.HAL_NVIC_SetPriorityGrouping)
    i.HAL_RCC_ClockConfig                    0x08000ef8   Section        0  stm32f4xx_hal_rcc.o(i.HAL_RCC_ClockConfig)
    i.HAL_RCC_GetPCLK1Freq                   0x08001144   Section        0  stm32f4xx_hal_rcc.o(i.HAL_RCC_GetPCLK1Freq)
    i.HAL_RCC_GetPCLK2Freq                   0x08001164   Section        0  stm32f4xx_hal_rcc.o(i.HAL_RCC_GetPCLK2Freq)
    i.HAL_RCC_GetSysClockFreq                0x08001184   Section        0  stm32f4xx_hal_rcc.o(i.HAL_RCC_GetSysClockFreq)
    i.HAL_RCC_OscConfig                      0x080011e4   Section        0  stm32f4xx_hal_rcc.o(i.HAL_RCC_OscConfig)
    i.HAL_SPI_Init                           0x0800168c   Section        0  stm32f4xx_hal_spi.o(i.HAL_SPI_Init)
    i.HAL_SPI_MspInit                        0x080018e0   Section        0  spi.o(i.HAL_SPI_MspInit)
    i.HAL_SPI_Receive                        0x08001948   Section        0  stm32f4xx_hal_spi.o(i.HAL_SPI_Receive)
    i.HAL_SPI_Transmit                       0x08001aa4   Section        0  stm32f4xx_hal_spi.o(i.HAL_SPI_Transmit)
    i.HAL_SPI_TransmitReceive                0x08001c58   Section        0  stm32f4xx_hal_spi.o(i.HAL_SPI_TransmitReceive)
    i.HAL_SYSTICK_Config                     0x08001e80   Section        0  stm32f4xx_hal_cortex.o(i.HAL_SYSTICK_Config)
    i.HAL_UARTEx_RxEventCallback             0x08001ea8   Section        0  stm32f4xx_hal_uart.o(i.HAL_UARTEx_RxEventCallback)
    i.HAL_UART_ErrorCallback                 0x08001eaa   Section        0  stm32f4xx_hal_uart.o(i.HAL_UART_ErrorCallback)
    i.HAL_UART_IRQHandler                    0x08001eac   Section        0  stm32f4xx_hal_uart.o(i.HAL_UART_IRQHandler)
    i.HAL_UART_Init                          0x08002114   Section        0  stm32f4xx_hal_uart.o(i.HAL_UART_Init)
    i.HAL_UART_MspInit                       0x0800223c   Section        0  usart.o(i.HAL_UART_MspInit)
    i.HAL_UART_Receive_IT                    0x080022b8   Section        0  stm32f4xx_hal_uart.o(i.HAL_UART_Receive_IT)
    i.HAL_UART_RxCpltCallback                0x080022e4   Section        0  bsp_usart.o(i.HAL_UART_RxCpltCallback)
    i.HAL_UART_Transmit                      0x08002318   Section        0  stm32f4xx_hal_uart.o(i.HAL_UART_Transmit)
    i.HAL_UART_TxCpltCallback                0x080023ca   Section        0  stm32f4xx_hal_uart.o(i.HAL_UART_TxCpltCallback)
    i.HardFault_Handler                      0x080023cc   Section        0  stm32f4xx_it.o(i.HardFault_Handler)
    i.LCD_ShowChar                           0x080023d0   Section        0  lcd.o(i.LCD_ShowChar)
    i.LCD_ShowString                         0x08002584   Section        0  lcd.o(i.LCD_ShowString)
    i.LCD_Test                               0x080025d8   Section        0  lcd.o(i.LCD_Test)
    i.MX_GPIO_Init                           0x080026a0   Section        0  gpio.o(i.MX_GPIO_Init)
    i.MX_SPI1_Init                           0x0800276c   Section        0  spi.o(i.MX_SPI1_Init)
    i.MX_USART1_UART_Init                    0x080027b8   Section        0  usart.o(i.MX_USART1_UART_Init)
    i.MemManage_Handler                      0x080027f0   Section        0  stm32f4xx_it.o(i.MemManage_Handler)
    i.NMI_Handler                            0x080027f2   Section        0  stm32f4xx_it.o(i.NMI_Handler)
    i.PendSV_Handler                         0x080027f4   Section        0  stm32f4xx_it.o(i.PendSV_Handler)
    i.SPI_EndRxTransaction                   0x080027f6   Section        0  stm32f4xx_hal_spi.o(i.SPI_EndRxTransaction)
    SPI_EndRxTransaction                     0x080027f7   Thumb Code    92  stm32f4xx_hal_spi.o(i.SPI_EndRxTransaction)
    i.SPI_EndRxTxTransaction                 0x08002854   Section        0  stm32f4xx_hal_spi.o(i.SPI_EndRxTxTransaction)
    SPI_EndRxTxTransaction                   0x08002855   Thumb Code    80  stm32f4xx_hal_spi.o(i.SPI_EndRxTxTransaction)
    i.SPI_WaitFlagStateUntilTimeout          0x080028ac   Section        0  stm32f4xx_hal_spi.o(i.SPI_WaitFlagStateUntilTimeout)
    SPI_WaitFlagStateUntilTimeout            0x080028ad   Thumb Code   180  stm32f4xx_hal_spi.o(i.SPI_WaitFlagStateUntilTimeout)
    i.ST7735_DeInit                          0x08002964   Section        0  st7735.o(i.ST7735_DeInit)
    i.ST7735_DisplayOff                      0x08002968   Section        0  st7735.o(i.ST7735_DisplayOff)
    i.ST7735_DisplayOn                       0x080029dc   Section        0  st7735.o(i.ST7735_DisplayOn)
    i.ST7735_DrawBitmap                      0x08002a50   Section        0  st7735.o(i.ST7735_DrawBitmap)
    i.ST7735_DrawHLine                       0x08002b74   Section        0  st7735.o(i.ST7735_DrawHLine)
    i.ST7735_DrawVLine                       0x08002bd0   Section        0  st7735.o(i.ST7735_DrawVLine)
    i.ST7735_FillRGBRect                     0x08002c18   Section        0  st7735.o(i.ST7735_FillRGBRect)
    i.ST7735_FillRect                        0x08002ca0   Section        0  st7735.o(i.ST7735_FillRect)
    i.ST7735_GetBrightness                   0x08002cdc   Section        0  st7735.o(i.ST7735_GetBrightness)
    i.ST7735_GetOrientation                  0x08002ce4   Section        0  st7735.o(i.ST7735_GetOrientation)
    i.ST7735_GetPixel                        0x08002cf4   Section        0  st7735.o(i.ST7735_GetPixel)
    i.ST7735_GetXSize                        0x08002d4c   Section        0  st7735.o(i.ST7735_GetXSize)
    i.ST7735_GetYSize                        0x08002d5c   Section        0  st7735.o(i.ST7735_GetYSize)
    i.ST7735_IO_Delay                        0x08002d6c   Section        0  st7735.o(i.ST7735_IO_Delay)
    ST7735_IO_Delay                          0x08002d6d   Thumb Code    26  st7735.o(i.ST7735_IO_Delay)
    i.ST7735_Init                            0x08002d86   Section        0  st7735.o(i.ST7735_Init)
    i.ST7735_ReadID                          0x0800322e   Section        0  st7735.o(i.ST7735_ReadID)
    i.ST7735_ReadRegWrap                     0x0800327a   Section        0  st7735.o(i.ST7735_ReadRegWrap)
    ST7735_ReadRegWrap                       0x0800327b   Thumb Code    14  st7735.o(i.ST7735_ReadRegWrap)
    i.ST7735_RecvDataWrap                    0x08003288   Section        0  st7735.o(i.ST7735_RecvDataWrap)
    ST7735_RecvDataWrap                      0x08003289   Thumb Code    14  st7735.o(i.ST7735_RecvDataWrap)
    i.ST7735_RegisterBusIO                   0x08003298   Section        0  st7735.o(i.ST7735_RegisterBusIO)
    i.ST7735_SendDataWrap                    0x080032ec   Section        0  st7735.o(i.ST7735_SendDataWrap)
    ST7735_SendDataWrap                      0x080032ed   Thumb Code    14  st7735.o(i.ST7735_SendDataWrap)
    i.ST7735_SetBrightness                   0x080032fa   Section        0  st7735.o(i.ST7735_SetBrightness)
    i.ST7735_SetCursor                       0x08003300   Section        0  st7735.o(i.ST7735_SetCursor)
    i.ST7735_SetDisplayWindow                0x08003394   Section        0  st7735.o(i.ST7735_SetDisplayWindow)
    ST7735_SetDisplayWindow                  0x08003395   Thumb Code   218  st7735.o(i.ST7735_SetDisplayWindow)
    i.ST7735_SetOrientation                  0x08003474   Section        0  st7735.o(i.ST7735_SetOrientation)
    i.ST7735_SetPixel                        0x080034d4   Section        0  st7735.o(i.ST7735_SetPixel)
    i.ST7735_WriteRegWrap                    0x0800351c   Section        0  st7735.o(i.ST7735_WriteRegWrap)
    ST7735_WriteRegWrap                      0x0800351d   Thumb Code    20  st7735.o(i.ST7735_WriteRegWrap)
    i.SVC_Handler                            0x08003530   Section        0  stm32f4xx_it.o(i.SVC_Handler)
    i.SysTick_Handler                        0x08003532   Section        0  stm32f4xx_it.o(i.SysTick_Handler)
    i.SystemClock_Config                     0x08003538   Section        0  main.o(i.SystemClock_Config)
    i.SystemInit                             0x080035cc   Section        0  system_stm32f4xx.o(i.SystemInit)
    i.UART_DMAAbortOnError                   0x080035dc   Section        0  stm32f4xx_hal_uart.o(i.UART_DMAAbortOnError)
    UART_DMAAbortOnError                     0x080035dd   Thumb Code    16  stm32f4xx_hal_uart.o(i.UART_DMAAbortOnError)
    i.UART_EndRxTransfer                     0x080035ec   Section        0  stm32f4xx_hal_uart.o(i.UART_EndRxTransfer)
    UART_EndRxTransfer                       0x080035ed   Thumb Code    78  stm32f4xx_hal_uart.o(i.UART_EndRxTransfer)
    i.UART_Receive_IT                        0x0800363a   Section        0  stm32f4xx_hal_uart.o(i.UART_Receive_IT)
    UART_Receive_IT                          0x0800363b   Thumb Code   192  stm32f4xx_hal_uart.o(i.UART_Receive_IT)
    i.UART_SetConfig                         0x080036fc   Section        0  stm32f4xx_hal_uart.o(i.UART_SetConfig)
    UART_SetConfig                           0x080036fd   Thumb Code   344  stm32f4xx_hal_uart.o(i.UART_SetConfig)
    i.UART_Start_Receive_IT                  0x0800389c   Section        0  stm32f4xx_hal_uart.o(i.UART_Start_Receive_IT)
    i.UART_WaitOnFlagUntilTimeout            0x080038d6   Section        0  stm32f4xx_hal_uart.o(i.UART_WaitOnFlagUntilTimeout)
    UART_WaitOnFlagUntilTimeout              0x080038d7   Thumb Code   120  stm32f4xx_hal_uart.o(i.UART_WaitOnFlagUntilTimeout)
    i.USART1_IRQHandler                      0x08003950   Section        0  stm32f4xx_it.o(i.USART1_IRQHandler)
    i.UsageFault_Handler                     0x0800395c   Section        0  stm32f4xx_it.o(i.UsageFault_Handler)
    i.__NVIC_SetPriority                     0x0800395e   Section        0  stm32f4xx_hal_cortex.o(i.__NVIC_SetPriority)
    __NVIC_SetPriority                       0x0800395f   Thumb Code    32  stm32f4xx_hal_cortex.o(i.__NVIC_SetPriority)
    i.assert_failed                          0x0800397e   Section        0  main.o(i.assert_failed)
    i.lcd_gettick                            0x08003980   Section        0  lcd.o(i.lcd_gettick)
    lcd_gettick                              0x08003981   Thumb Code     4  lcd.o(i.lcd_gettick)
    i.lcd_init                               0x08003984   Section        0  lcd.o(i.lcd_init)
    lcd_init                                 0x08003985   Thumb Code     4  lcd.o(i.lcd_init)
    i.lcd_readreg                            0x08003988   Section        0  lcd.o(i.lcd_readreg)
    lcd_readreg                              0x08003989   Thumb Code    64  lcd.o(i.lcd_readreg)
    i.lcd_recvdata                           0x080039d0   Section        0  lcd.o(i.lcd_recvdata)
    lcd_recvdata                             0x080039d1   Thumb Code    24  lcd.o(i.lcd_recvdata)
    i.lcd_senddata                           0x080039ec   Section        0  lcd.o(i.lcd_senddata)
    lcd_senddata                             0x080039ed   Thumb Code    22  lcd.o(i.lcd_senddata)
    i.lcd_writereg                           0x08003a08   Section        0  lcd.o(i.lcd_writereg)
    lcd_writereg                             0x08003a09   Thumb Code    68  lcd.o(i.lcd_writereg)
    i.main                                   0x08003a54   Section        0  main.o(i.main)
    i.st7735_read_reg                        0x08003a88   Section        0  st7735_reg.o(i.st7735_read_reg)
    i.st7735_recv_data                       0x08003a96   Section        0  st7735_reg.o(i.st7735_recv_data)
    i.st7735_send_data                       0x08003aa4   Section        0  st7735_reg.o(i.st7735_send_data)
    i.st7735_write_reg                       0x08003ab2   Section        0  st7735_reg.o(i.st7735_write_reg)
    x$fpl$fpinit                             0x08003ac0   Section       10  fpinit.o(x$fpl$fpinit)
    $v0                                      0x08003ac0   Number         0  fpinit.o(x$fpl$fpinit)
    .constdata                               0x08003aca   Section       16  system_stm32f4xx.o(.constdata)
    .constdata                               0x08003ada   Section        8  system_stm32f4xx.o(.constdata)
    .constdata                               0x08003ae2   Section     2660  lcd.o(.constdata)
    .constdata                               0x08004546   Section       40  _printf_hex_int.o(.constdata)
    uc_hextab                                0x08004546   Data          20  _printf_hex_int.o(.constdata)
    lc_hextab                                0x0800455a   Data          20  _printf_hex_int.o(.constdata)
    .data                                    0x20000000   Section       12  stm32f4xx_hal.o(.data)
    .data                                    0x2000000c   Section        4  system_stm32f4xx.o(.data)
    .data                                    0x20000010   Section        1  bsp_usart.o(.data)
    .data                                    0x20000014   Section       40  lcd.o(.data)
    .data                                    0x2000003c   Section       76  st7735.o(.data)
    .data                                    0x20000088   Section       32  st7735.o(.data)
    OrientationTab                           0x20000088   Data          32  st7735.o(.data)
    .bss                                     0x200000a8   Section       88  spi.o(.bss)
    .bss                                     0x20000100   Section       68  usart.o(.bss)
    .bss                                     0x20000144   Section       56  lcd.o(.bss)
    .bss                                     0x2000017c   Section     1292  st7735.o(.bss)
    pdata                                    0x2000017c   Data         640  st7735.o(.bss)
    pdata                                    0x200003fc   Data         640  st7735.o(.bss)
    .bss                                     0x20000688   Section       96  libspace.o(.bss)
    HEAP                                     0x200006e8   Section      512  startup_stm32f401xc.o(HEAP)
    Heap_Mem                                 0x200006e8   Data         512  startup_stm32f401xc.o(HEAP)
    STACK                                    0x200008e8   Section     1024  startup_stm32f401xc.o(STACK)
    Stack_Mem                                0x200008e8   Data        1024  startup_stm32f401xc.o(STACK)
    __initial_sp                             0x20000ce8   Data           0  startup_stm32f401xc.o(STACK)

    Global Symbols

    Symbol Name                              Value     Ov Type        Size  Object(Section)

    BuildAttributes$$THM_ISAv4$E$P$D$K$B$S$7EM$VFPi3$EXTD16$VFPS$VFMA$PE$A:L22UL41UL21$X:L11$S22US41US21$IEEE1$IW$USESV6$~STKCKD$USESV7$~SHL$OTIME$ROPI$EBA8$UX$STANDARDLIB$REQ8$PRES8$EABIv2 0x00000000   Number         0  anon$$obj.o ABSOLUTE
    __ARM_use_no_argv                        0x00000000   Number         0  main.o ABSOLUTE
    __ARM_exceptions_init                     - Undefined Weak Reference
    __alloca_initialize                       - Undefined Weak Reference
    __arm_fini_                               - Undefined Weak Reference
    __arm_preinit_                            - Undefined Weak Reference
    __cpp_initialize__aeabi_                  - Undefined Weak Reference
    __cxa_finalize                            - Undefined Weak Reference
    __rt_locale                               - Undefined Weak Reference
    __sigvec_lookup                           - Undefined Weak Reference
    __user_heap_extent                        - Undefined Weak Reference
    _atexit_init                              - Undefined Weak Reference
    _call_atexit_fns                          - Undefined Weak Reference
    _clock_init                               - Undefined Weak Reference
    _fp_trap_init                             - Undefined Weak Reference
    _fp_trap_shutdown                         - Undefined Weak Reference
    _get_lc_collate                           - Undefined Weak Reference
    _get_lc_ctype                             - Undefined Weak Reference
    _get_lc_monetary                          - Undefined Weak Reference
    _get_lc_numeric                           - Undefined Weak Reference
    _get_lc_time                              - Undefined Weak Reference
    _getenv_init                              - Undefined Weak Reference
    _handle_redirection                       - Undefined Weak Reference
    _initio                                   - Undefined Weak Reference
    _mutex_acquire                            - Undefined Weak Reference
    _mutex_free                               - Undefined Weak Reference
    _mutex_release                            - Undefined Weak Reference
    _printf_post_padding                      - Undefined Weak Reference
    _printf_pre_padding                       - Undefined Weak Reference
    _printf_truncate_unsigned                 - Undefined Weak Reference
    _rand_init                                - Undefined Weak Reference
    _signal_finish                            - Undefined Weak Reference
    _signal_init                              - Undefined Weak Reference
    _terminateio                              - Undefined Weak Reference
    __Vectors_Size                           0x00000194   Number         0  startup_stm32f401xc.o ABSOLUTE
    __Vectors                                0x08000000   Data           4  startup_stm32f401xc.o(RESET)
    __Vectors_End                            0x08000194   Data           0  startup_stm32f401xc.o(RESET)
    __main                                   0x08000195   Thumb Code     8  __main.o(!!!main)
    __scatterload                            0x0800019d   Thumb Code     0  __scatter.o(!!!scatter)
    __scatterload_rt2                        0x0800019d   Thumb Code    44  __scatter.o(!!!scatter)
    __scatterload_rt2_thumb_only             0x0800019d   Thumb Code     0  __scatter.o(!!!scatter)
    __scatterload_null                       0x080001ab   Thumb Code     0  __scatter.o(!!!scatter)
    __scatterload_copy                       0x080001d1   Thumb Code    26  __scatter_copy.o(!!handler_copy)
    __scatterload_zeroinit                   0x080001ed   Thumb Code    28  __scatter_zi.o(!!handler_zi)
    _printf_percent                          0x08000209   Thumb Code     0  _printf_percent.o(.ARM.Collect$$_printf_percent$$00000000)
    _printf_x                                0x08000209   Thumb Code     0  _printf_x.o(.ARM.Collect$$_printf_percent$$0000000C)
    _printf_percent_end                      0x0800020f   Thumb Code     0  _printf_percent_end.o(.ARM.Collect$$_printf_percent$$00000017)
    __rt_lib_init                            0x08000213   Thumb Code     0  libinit.o(.ARM.Collect$$libinit$$00000000)
    __rt_lib_init_fp_1                       0x08000215   Thumb Code     0  libinit2.o(.ARM.Collect$$libinit$$00000001)
    __rt_lib_init_heap_2                     0x08000219   Thumb Code     0  libinit2.o(.ARM.Collect$$libinit$$00000005)
    __rt_lib_init_preinit_1                  0x08000219   Thumb Code     0  libinit2.o(.ARM.Collect$$libinit$$00000004)
    __rt_lib_init_alloca_1                   0x08000221   Thumb Code     0  libinit2.o(.ARM.Collect$$libinit$$0000002E)
    __rt_lib_init_argv_1                     0x08000221   Thumb Code     0  libinit2.o(.ARM.Collect$$libinit$$0000002C)
    __rt_lib_init_atexit_1                   0x08000221   Thumb Code     0  libinit2.o(.ARM.Collect$$libinit$$0000001B)
    __rt_lib_init_clock_1                    0x08000221   Thumb Code     0  libinit2.o(.ARM.Collect$$libinit$$00000021)
    __rt_lib_init_cpp_1                      0x08000221   Thumb Code     0  libinit2.o(.ARM.Collect$$libinit$$00000032)
    __rt_lib_init_exceptions_1               0x08000221   Thumb Code     0  libinit2.o(.ARM.Collect$$libinit$$00000030)
    __rt_lib_init_fp_trap_1                  0x08000221   Thumb Code     0  libinit2.o(.ARM.Collect$$libinit$$0000001F)
    __rt_lib_init_getenv_1                   0x08000221   Thumb Code     0  libinit2.o(.ARM.Collect$$libinit$$00000023)
    __rt_lib_init_heap_1                     0x08000221   Thumb Code     0  libinit2.o(.ARM.Collect$$libinit$$0000000A)
    __rt_lib_init_lc_collate_1               0x08000221   Thumb Code     0  libinit2.o(.ARM.Collect$$libinit$$00000011)
    __rt_lib_init_lc_ctype_1                 0x08000221   Thumb Code     0  libinit2.o(.ARM.Collect$$libinit$$00000013)
    __rt_lib_init_lc_monetary_1              0x08000221   Thumb Code     0  libinit2.o(.ARM.Collect$$libinit$$00000015)
    __rt_lib_init_lc_numeric_1               0x08000221   Thumb Code     0  libinit2.o(.ARM.Collect$$libinit$$00000017)
    __rt_lib_init_lc_time_1                  0x08000221   Thumb Code     0  libinit2.o(.ARM.Collect$$libinit$$00000019)
    __rt_lib_init_rand_1                     0x08000221   Thumb Code     0  libinit2.o(.ARM.Collect$$libinit$$0000000E)
    __rt_lib_init_return                     0x08000221   Thumb Code     0  libinit2.o(.ARM.Collect$$libinit$$00000033)
    __rt_lib_init_signal_1                   0x08000221   Thumb Code     0  libinit2.o(.ARM.Collect$$libinit$$0000001D)
    __rt_lib_init_stdio_1                    0x08000221   Thumb Code     0  libinit2.o(.ARM.Collect$$libinit$$00000025)
    __rt_lib_init_user_alloc_1               0x08000221   Thumb Code     0  libinit2.o(.ARM.Collect$$libinit$$0000000C)
    __rt_lib_shutdown                        0x08000223   Thumb Code     0  libshutdown.o(.ARM.Collect$$libshutdown$$00000000)
    __rt_lib_shutdown_cpp_1                  0x08000225   Thumb Code     0  libshutdown2.o(.ARM.Collect$$libshutdown$$00000004)
    __rt_lib_shutdown_fini_1                 0x08000225   Thumb Code     0  libshutdown2.o(.ARM.Collect$$libshutdown$$00000002)
    __rt_lib_shutdown_fp_trap_1              0x08000225   Thumb Code     0  libshutdown2.o(.ARM.Collect$$libshutdown$$00000009)
    __rt_lib_shutdown_heap_1                 0x08000225   Thumb Code     0  libshutdown2.o(.ARM.Collect$$libshutdown$$00000011)
    __rt_lib_shutdown_return                 0x08000225   Thumb Code     0  libshutdown2.o(.ARM.Collect$$libshutdown$$00000012)
    __rt_lib_shutdown_signal_1               0x08000225   Thumb Code     0  libshutdown2.o(.ARM.Collect$$libshutdown$$0000000C)
    __rt_lib_shutdown_stdio_1                0x08000225   Thumb Code     0  libshutdown2.o(.ARM.Collect$$libshutdown$$00000006)
    __rt_lib_shutdown_user_alloc_1           0x08000225   Thumb Code     0  libshutdown2.o(.ARM.Collect$$libshutdown$$0000000E)
    __rt_entry                               0x08000227   Thumb Code     0  __rtentry.o(.ARM.Collect$$rtentry$$00000000)
    __rt_entry_presh_1                       0x08000227   Thumb Code     0  __rtentry2.o(.ARM.Collect$$rtentry$$00000002)
    __rt_entry_sh                            0x08000227   Thumb Code     0  __rtentry4.o(.ARM.Collect$$rtentry$$00000004)
    __rt_entry_li                            0x0800022d   Thumb Code     0  __rtentry2.o(.ARM.Collect$$rtentry$$0000000A)
    __rt_entry_postsh_1                      0x0800022d   Thumb Code     0  __rtentry2.o(.ARM.Collect$$rtentry$$00000009)
    __rt_entry_main                          0x08000231   Thumb Code     0  __rtentry2.o(.ARM.Collect$$rtentry$$0000000D)
    __rt_entry_postli_1                      0x08000231   Thumb Code     0  __rtentry2.o(.ARM.Collect$$rtentry$$0000000C)
    __rt_exit                                0x08000239   Thumb Code     0  rtexit.o(.ARM.Collect$$rtexit$$00000000)
    __rt_exit_ls                             0x0800023b   Thumb Code     0  rtexit2.o(.ARM.Collect$$rtexit$$00000003)
    __rt_exit_prels_1                        0x0800023b   Thumb Code     0  rtexit2.o(.ARM.Collect$$rtexit$$00000002)
    __rt_exit_exit                           0x0800023f   Thumb Code     0  rtexit2.o(.ARM.Collect$$rtexit$$00000004)
    Reset_Handler                            0x08000245   Thumb Code     8  startup_stm32f401xc.o(.text)
    _maybe_terminate_alloc                   0x08000245   Thumb Code     0  maybetermalloc1.o(.emb_text)
    ADC_IRQHandler                           0x0800025f   Thumb Code     0  startup_stm32f401xc.o(.text)
    DMA1_Stream0_IRQHandler                  0x0800025f   Thumb Code     0  startup_stm32f401xc.o(.text)
    DMA1_Stream1_IRQHandler                  0x0800025f   Thumb Code     0  startup_stm32f401xc.o(.text)
    DMA1_Stream2_IRQHandler                  0x0800025f   Thumb Code     0  startup_stm32f401xc.o(.text)
    DMA1_Stream3_IRQHandler                  0x0800025f   Thumb Code     0  startup_stm32f401xc.o(.text)
    DMA1_Stream4_IRQHandler                  0x0800025f   Thumb Code     0  startup_stm32f401xc.o(.text)
    DMA1_Stream5_IRQHandler                  0x0800025f   Thumb Code     0  startup_stm32f401xc.o(.text)
    DMA1_Stream6_IRQHandler                  0x0800025f   Thumb Code     0  startup_stm32f401xc.o(.text)
    DMA1_Stream7_IRQHandler                  0x0800025f   Thumb Code     0  startup_stm32f401xc.o(.text)
    DMA2_Stream0_IRQHandler                  0x0800025f   Thumb Code     0  startup_stm32f401xc.o(.text)
    DMA2_Stream1_IRQHandler                  0x0800025f   Thumb Code     0  startup_stm32f401xc.o(.text)
    DMA2_Stream2_IRQHandler                  0x0800025f   Thumb Code     0  startup_stm32f401xc.o(.text)
    DMA2_Stream3_IRQHandler                  0x0800025f   Thumb Code     0  startup_stm32f401xc.o(.text)
    DMA2_Stream4_IRQHandler                  0x0800025f   Thumb Code     0  startup_stm32f401xc.o(.text)
    DMA2_Stream5_IRQHandler                  0x0800025f   Thumb Code     0  startup_stm32f401xc.o(.text)
    DMA2_Stream6_IRQHandler                  0x0800025f   Thumb Code     0  startup_stm32f401xc.o(.text)
    DMA2_Stream7_IRQHandler                  0x0800025f   Thumb Code     0  startup_stm32f401xc.o(.text)
    EXTI0_IRQHandler                         0x0800025f   Thumb Code     0  startup_stm32f401xc.o(.text)
    EXTI15_10_IRQHandler                     0x0800025f   Thumb Code     0  startup_stm32f401xc.o(.text)
    EXTI1_IRQHandler                         0x0800025f   Thumb Code     0  startup_stm32f401xc.o(.text)
    EXTI2_IRQHandler                         0x0800025f   Thumb Code     0  startup_stm32f401xc.o(.text)
    EXTI3_IRQHandler                         0x0800025f   Thumb Code     0  startup_stm32f401xc.o(.text)
    EXTI4_IRQHandler                         0x0800025f   Thumb Code     0  startup_stm32f401xc.o(.text)
    EXTI9_5_IRQHandler                       0x0800025f   Thumb Code     0  startup_stm32f401xc.o(.text)
    FLASH_IRQHandler                         0x0800025f   Thumb Code     0  startup_stm32f401xc.o(.text)
    FPU_IRQHandler                           0x0800025f   Thumb Code     0  startup_stm32f401xc.o(.text)
    I2C1_ER_IRQHandler                       0x0800025f   Thumb Code     0  startup_stm32f401xc.o(.text)
    I2C1_EV_IRQHandler                       0x0800025f   Thumb Code     0  startup_stm32f401xc.o(.text)
    I2C2_ER_IRQHandler                       0x0800025f   Thumb Code     0  startup_stm32f401xc.o(.text)
    I2C2_EV_IRQHandler                       0x0800025f   Thumb Code     0  startup_stm32f401xc.o(.text)
    I2C3_ER_IRQHandler                       0x0800025f   Thumb Code     0  startup_stm32f401xc.o(.text)
    I2C3_EV_IRQHandler                       0x0800025f   Thumb Code     0  startup_stm32f401xc.o(.text)
    OTG_FS_IRQHandler                        0x0800025f   Thumb Code     0  startup_stm32f401xc.o(.text)
    OTG_FS_WKUP_IRQHandler                   0x0800025f   Thumb Code     0  startup_stm32f401xc.o(.text)
    PVD_IRQHandler                           0x0800025f   Thumb Code     0  startup_stm32f401xc.o(.text)
    RCC_IRQHandler                           0x0800025f   Thumb Code     0  startup_stm32f401xc.o(.text)
    RTC_Alarm_IRQHandler                     0x0800025f   Thumb Code     0  startup_stm32f401xc.o(.text)
    RTC_WKUP_IRQHandler                      0x0800025f   Thumb Code     0  startup_stm32f401xc.o(.text)
    SDIO_IRQHandler                          0x0800025f   Thumb Code     0  startup_stm32f401xc.o(.text)
    SPI1_IRQHandler                          0x0800025f   Thumb Code     0  startup_stm32f401xc.o(.text)
    SPI2_IRQHandler                          0x0800025f   Thumb Code     0  startup_stm32f401xc.o(.text)
    SPI3_IRQHandler                          0x0800025f   Thumb Code     0  startup_stm32f401xc.o(.text)
    SPI4_IRQHandler                          0x0800025f   Thumb Code     0  startup_stm32f401xc.o(.text)
    TAMP_STAMP_IRQHandler                    0x0800025f   Thumb Code     0  startup_stm32f401xc.o(.text)
    TIM1_BRK_TIM9_IRQHandler                 0x0800025f   Thumb Code     0  startup_stm32f401xc.o(.text)
    TIM1_CC_IRQHandler                       0x0800025f   Thumb Code     0  startup_stm32f401xc.o(.text)
    TIM1_TRG_COM_TIM11_IRQHandler            0x0800025f   Thumb Code     0  startup_stm32f401xc.o(.text)
    TIM1_UP_TIM10_IRQHandler                 0x0800025f   Thumb Code     0  startup_stm32f401xc.o(.text)
    TIM2_IRQHandler                          0x0800025f   Thumb Code     0  startup_stm32f401xc.o(.text)
    TIM3_IRQHandler                          0x0800025f   Thumb Code     0  startup_stm32f401xc.o(.text)
    TIM4_IRQHandler                          0x0800025f   Thumb Code     0  startup_stm32f401xc.o(.text)
    TIM5_IRQHandler                          0x0800025f   Thumb Code     0  startup_stm32f401xc.o(.text)
    USART2_IRQHandler                        0x0800025f   Thumb Code     0  startup_stm32f401xc.o(.text)
    USART6_IRQHandler                        0x0800025f   Thumb Code     0  startup_stm32f401xc.o(.text)
    WWDG_IRQHandler                          0x0800025f   Thumb Code     0  startup_stm32f401xc.o(.text)
    __user_initial_stackheap                 0x08000261   Thumb Code     0  startup_stm32f401xc.o(.text)
    malloc                                   0x08000285   Thumb Code    94  h1_alloc.o(.text)
    free                                     0x080002e3   Thumb Code    78  h1_free.o(.text)
    __aeabi_uldivmod                         0x08000331   Thumb Code     0  lludivv7m.o(.text)
    _ll_udiv                                 0x08000331   Thumb Code   238  lludivv7m.o(.text)
    __2sprintf                               0x08000421   Thumb Code    34  noretval__2sprintf.o(.text)
    __printf                                 0x08000449   Thumb Code   104  __printf.o(.text)
    _printf_int_hex                          0x080004b1   Thumb Code    84  _printf_hex_int.o(.text)
    _printf_longlong_hex                     0x080004b1   Thumb Code     0  _printf_hex_int.o(.text)
    __aeabi_memclr4                          0x08000509   Thumb Code     0  rt_memclr_w.o(.text)
    __aeabi_memclr8                          0x08000509   Thumb Code     0  rt_memclr_w.o(.text)
    __rt_memclr_w                            0x08000509   Thumb Code    78  rt_memclr_w.o(.text)
    _memset_w                                0x0800050d   Thumb Code     0  rt_memclr_w.o(.text)
    __use_two_region_memory                  0x08000557   Thumb Code     2  heapauxi.o(.text)
    __rt_heap_escrow                         0x08000559   Thumb Code     2  heapauxi.o(.text)
    __rt_heap_expand                         0x0800055b   Thumb Code     2  heapauxi.o(.text)
    __rt_heap_descriptor                     0x0800055d   Thumb Code     8  rt_heap_descriptor_intlibspace.o(.text)
    __use_no_heap                            0x08000565   Thumb Code     2  hguard.o(.text)
    __heap$guard                             0x08000567   Thumb Code     2  hguard.o(.text)
    _terminate_user_alloc                    0x08000569   Thumb Code     2  init_alloc.o(.text)
    _init_user_alloc                         0x0800056b   Thumb Code     2  init_alloc.o(.text)
    __Heap_Full                              0x0800056d   Thumb Code    34  init_alloc.o(.text)
    __Heap_Broken                            0x0800058f   Thumb Code     6  init_alloc.o(.text)
    _init_alloc                              0x08000595   Thumb Code    94  init_alloc.o(.text)
    __Heap_Initialize                        0x080005f3   Thumb Code    10  h1_init.o(.text)
    __Heap_DescSize                          0x080005fd   Thumb Code     4  h1_init.o(.text)
    _printf_int_common                       0x08000601   Thumb Code   178  _printf_intcommon.o(.text)
    _printf_char_common                      0x080006bf   Thumb Code    32  _printf_char_common.o(.text)
    _sputc                                   0x080006e5   Thumb Code    10  _sputc.o(.text)
    __user_libspace                          0x080006f1   Thumb Code     8  libspace.o(.text)
    __user_perproc_libspace                  0x080006f1   Thumb Code     0  libspace.o(.text)
    __user_perthread_libspace                0x080006f1   Thumb Code     0  libspace.o(.text)
    __Heap_ProvideMemory                     0x080006f9   Thumb Code    52  h1_extend.o(.text)
    __rt_SIGRTMEM                            0x0800072d   Thumb Code    14  defsig_rtmem_outer.o(.text)
    __I$use$semihosting                      0x0800073b   Thumb Code     0  use_no_semi.o(.text)
    __use_no_semihosting_swi                 0x0800073b   Thumb Code     2  use_no_semi.o(.text)
    __semihosting_library_function           0x0800073d   Thumb Code     0  indicate_semi.o(.text)
    __user_setup_stackheap                   0x0800073d   Thumb Code    74  sys_stackheap_outer.o(.text)
    exit                                     0x08000787   Thumb Code    18  exit.o(.text)
    __sig_exit                               0x08000799   Thumb Code    10  defsig_exit.o(.text)
    __rt_SIGRTMEM_inner                      0x080007a5   Thumb Code    22  defsig_rtmem_inner.o(.text)
    _sys_exit                                0x080007f5   Thumb Code     8  sys_exit.o(.text)
    __default_signal_display                 0x08000801   Thumb Code    50  defsig_general.o(.text)
    _ttywrch                                 0x08000833   Thumb Code    14  sys_wrch.o(.text)
    BusFault_Handler                         0x08000841   Thumb Code     2  stm32f4xx_it.o(i.BusFault_Handler)
    DebugMon_Handler                         0x08000843   Thumb Code     2  stm32f4xx_it.o(i.DebugMon_Handler)
    Error_Handler                            0x08000845   Thumb Code     4  main.o(i.Error_Handler)
    HAL_DMA_Abort                            0x08000849   Thumb Code   146  stm32f4xx_hal_dma.o(i.HAL_DMA_Abort)
    HAL_DMA_Abort_IT                         0x080008db   Thumb Code    36  stm32f4xx_hal_dma.o(i.HAL_DMA_Abort_IT)
    HAL_Delay                                0x08000901   Thumb Code    32  stm32f4xx_hal.o(i.HAL_Delay)
    HAL_GPIO_Init                            0x08000925   Thumb Code   596  stm32f4xx_hal_gpio.o(i.HAL_GPIO_Init)
    HAL_GPIO_TogglePin                       0x08000bd9   Thumb Code    34  stm32f4xx_hal_gpio.o(i.HAL_GPIO_TogglePin)
    HAL_GPIO_WritePin                        0x08000c39   Thumb Code    46  stm32f4xx_hal_gpio.o(i.HAL_GPIO_WritePin)
    HAL_GetDEVID                             0x08000ca5   Thumb Code    10  stm32f4xx_hal.o(i.HAL_GetDEVID)
    HAL_GetTick                              0x08000cb5   Thumb Code     6  stm32f4xx_hal.o(i.HAL_GetTick)
    HAL_IncTick                              0x08000cc1   Thumb Code    12  stm32f4xx_hal.o(i.HAL_IncTick)
    HAL_Init                                 0x08000cd1   Thumb Code    48  stm32f4xx_hal.o(i.HAL_Init)
    HAL_InitTick                             0x08000d05   Thumb Code    54  stm32f4xx_hal.o(i.HAL_InitTick)
    HAL_MspInit                              0x08000d45   Thumb Code    42  stm32f4xx_hal_msp.o(i.HAL_MspInit)
    HAL_NVIC_EnableIRQ                       0x08000d75   Thumb Code    40  stm32f4xx_hal_cortex.o(i.HAL_NVIC_EnableIRQ)
    HAL_NVIC_SetPriority                     0x08000dd9   Thumb Code    94  stm32f4xx_hal_cortex.o(i.HAL_NVIC_SetPriority)
    HAL_NVIC_SetPriorityGrouping             0x08000e79   Thumb Code    58  stm32f4xx_hal_cortex.o(i.HAL_NVIC_SetPriorityGrouping)
    HAL_RCC_ClockConfig                      0x08000ef9   Thumb Code   512  stm32f4xx_hal_rcc.o(i.HAL_RCC_ClockConfig)
    HAL_RCC_GetPCLK1Freq                     0x08001145   Thumb Code    20  stm32f4xx_hal_rcc.o(i.HAL_RCC_GetPCLK1Freq)
    HAL_RCC_GetPCLK2Freq                     0x08001165   Thumb Code    20  stm32f4xx_hal_rcc.o(i.HAL_RCC_GetPCLK2Freq)
    HAL_RCC_GetSysClockFreq                  0x08001185   Thumb Code    88  stm32f4xx_hal_rcc.o(i.HAL_RCC_GetSysClockFreq)
    HAL_RCC_OscConfig                        0x080011e5   Thumb Code  1192  stm32f4xx_hal_rcc.o(i.HAL_RCC_OscConfig)
    HAL_SPI_Init                             0x0800168d   Thumb Code   524  stm32f4xx_hal_spi.o(i.HAL_SPI_Init)
    HAL_SPI_MspInit                          0x080018e1   Thumb Code    92  spi.o(i.HAL_SPI_MspInit)
    HAL_SPI_Receive                          0x08001949   Thumb Code   346  stm32f4xx_hal_spi.o(i.HAL_SPI_Receive)
    HAL_SPI_Transmit                         0x08001aa5   Thumb Code   380  stm32f4xx_hal_spi.o(i.HAL_SPI_Transmit)
    HAL_SPI_TransmitReceive                  0x08001c59   Thumb Code   496  stm32f4xx_hal_spi.o(i.HAL_SPI_TransmitReceive)
    HAL_SYSTICK_Config                       0x08001e81   Thumb Code    40  stm32f4xx_hal_cortex.o(i.HAL_SYSTICK_Config)
    HAL_UARTEx_RxEventCallback               0x08001ea9   Thumb Code     2  stm32f4xx_hal_uart.o(i.HAL_UARTEx_RxEventCallback)
    HAL_UART_ErrorCallback                   0x08001eab   Thumb Code     2  stm32f4xx_hal_uart.o(i.HAL_UART_ErrorCallback)
    HAL_UART_IRQHandler                      0x08001ead   Thumb Code   610  stm32f4xx_hal_uart.o(i.HAL_UART_IRQHandler)
    HAL_UART_Init                            0x08002115   Thumb Code   224  stm32f4xx_hal_uart.o(i.HAL_UART_Init)
    HAL_UART_MspInit                         0x0800223d   Thumb Code   110  usart.o(i.HAL_UART_MspInit)
    HAL_UART_Receive_IT                      0x080022b9   Thumb Code    42  stm32f4xx_hal_uart.o(i.HAL_UART_Receive_IT)
    HAL_UART_RxCpltCallback                  0x080022e5   Thumb Code    40  bsp_usart.o(i.HAL_UART_RxCpltCallback)
    HAL_UART_Transmit                        0x08002319   Thumb Code   178  stm32f4xx_hal_uart.o(i.HAL_UART_Transmit)
    HAL_UART_TxCpltCallback                  0x080023cb   Thumb Code     2  stm32f4xx_hal_uart.o(i.HAL_UART_TxCpltCallback)
    HardFault_Handler                        0x080023cd   Thumb Code     2  stm32f4xx_it.o(i.HardFault_Handler)
    LCD_ShowChar                             0x080023d1   Thumb Code   418  lcd.o(i.LCD_ShowChar)
    LCD_ShowString                           0x08002585   Thumb Code    84  lcd.o(i.LCD_ShowString)
    LCD_Test                                 0x080025d9   Thumb Code   144  lcd.o(i.LCD_Test)
    MX_GPIO_Init                             0x080026a1   Thumb Code   192  gpio.o(i.MX_GPIO_Init)
    MX_SPI1_Init                             0x0800276d   Thumb Code    66  spi.o(i.MX_SPI1_Init)
    MX_USART1_UART_Init                      0x080027b9   Thumb Code    48  usart.o(i.MX_USART1_UART_Init)
    MemManage_Handler                        0x080027f1   Thumb Code     2  stm32f4xx_it.o(i.MemManage_Handler)
    NMI_Handler                              0x080027f3   Thumb Code     2  stm32f4xx_it.o(i.NMI_Handler)
    PendSV_Handler                           0x080027f5   Thumb Code     2  stm32f4xx_it.o(i.PendSV_Handler)
    ST7735_DeInit                            0x08002965   Thumb Code     4  st7735.o(i.ST7735_DeInit)
    ST7735_DisplayOff                        0x08002969   Thumb Code   108  st7735.o(i.ST7735_DisplayOff)
    ST7735_DisplayOn                         0x080029dd   Thumb Code   108  st7735.o(i.ST7735_DisplayOn)
    ST7735_DrawBitmap                        0x08002a51   Thumb Code   282  st7735.o(i.ST7735_DrawBitmap)
    ST7735_DrawHLine                         0x08002b75   Thumb Code    82  st7735.o(i.ST7735_DrawHLine)
    ST7735_DrawVLine                         0x08002bd1   Thumb Code    66  st7735.o(i.ST7735_DrawVLine)
    ST7735_FillRGBRect                       0x08002c19   Thumb Code   126  st7735.o(i.ST7735_FillRGBRect)
    ST7735_FillRect                          0x08002ca1   Thumb Code    60  st7735.o(i.ST7735_FillRect)
    ST7735_GetBrightness                     0x08002cdd   Thumb Code     6  st7735.o(i.ST7735_GetBrightness)
    ST7735_GetOrientation                    0x08002ce5   Thumb Code    10  st7735.o(i.ST7735_GetOrientation)
    ST7735_GetPixel                          0x08002cf5   Thumb Code    86  st7735.o(i.ST7735_GetPixel)
    ST7735_GetXSize                          0x08002d4d   Thumb Code    10  st7735.o(i.ST7735_GetXSize)
    ST7735_GetYSize                          0x08002d5d   Thumb Code    10  st7735.o(i.ST7735_GetYSize)
    ST7735_Init                              0x08002d87   Thumb Code  1192  st7735.o(i.ST7735_Init)
    ST7735_ReadID                            0x0800322f   Thumb Code    76  st7735.o(i.ST7735_ReadID)
    ST7735_RegisterBusIO                     0x08003299   Thumb Code    68  st7735.o(i.ST7735_RegisterBusIO)
    ST7735_SetBrightness                     0x080032fb   Thumb Code     6  st7735.o(i.ST7735_SetBrightness)
    ST7735_SetCursor                         0x08003301   Thumb Code   144  st7735.o(i.ST7735_SetCursor)
    ST7735_SetOrientation                    0x08003475   Thumb Code    88  st7735.o(i.ST7735_SetOrientation)
    ST7735_SetPixel                          0x080034d5   Thumb Code    66  st7735.o(i.ST7735_SetPixel)
    SVC_Handler                              0x08003531   Thumb Code     2  stm32f4xx_it.o(i.SVC_Handler)
    SysTick_Handler                          0x08003533   Thumb Code     4  stm32f4xx_it.o(i.SysTick_Handler)
    SystemClock_Config                       0x08003539   Thumb Code   138  main.o(i.SystemClock_Config)
    SystemInit                               0x080035cd   Thumb Code    12  system_stm32f4xx.o(i.SystemInit)
    UART_Start_Receive_IT                    0x0800389d   Thumb Code    58  stm32f4xx_hal_uart.o(i.UART_Start_Receive_IT)
    USART1_IRQHandler                        0x08003951   Thumb Code     6  stm32f4xx_it.o(i.USART1_IRQHandler)
    UsageFault_Handler                       0x0800395d   Thumb Code     2  stm32f4xx_it.o(i.UsageFault_Handler)
    assert_failed                            0x0800397f   Thumb Code     2  main.o(i.assert_failed)
    main                                     0x08003a55   Thumb Code    46  main.o(i.main)
    st7735_read_reg                          0x08003a89   Thumb Code    14  st7735_reg.o(i.st7735_read_reg)
    st7735_recv_data                         0x08003a97   Thumb Code    14  st7735_reg.o(i.st7735_recv_data)
    st7735_send_data                         0x08003aa5   Thumb Code    14  st7735_reg.o(i.st7735_send_data)
    st7735_write_reg                         0x08003ab3   Thumb Code    14  st7735_reg.o(i.st7735_write_reg)
    _fp_init                                 0x08003ac1   Thumb Code    10  fpinit.o(x$fpl$fpinit)
    __fplib_config_fpu_vfp                   0x08003ac9   Thumb Code     0  fpinit.o(x$fpl$fpinit)
    __fplib_config_pureend_doubles           0x08003ac9   Thumb Code     0  fpinit.o(x$fpl$fpinit)
    AHBPrescTable                            0x08003aca   Data          16  system_stm32f4xx.o(.constdata)
    APBPrescTable                            0x08003ada   Data           8  system_stm32f4xx.o(.constdata)
    asc2_1206                                0x08003ae2   Data        1140  lcd.o(.constdata)
    asc2_1608                                0x08003f56   Data        1520  lcd.o(.constdata)
    Region$$Table$$Base                      0x08004570   Number         0  anon$$obj.o(Region$$Table)
    Region$$Table$$Limit                     0x08004590   Number         0  anon$$obj.o(Region$$Table)
    uwTickFreq                               0x20000000   Data           1  stm32f4xx_hal.o(.data)
    uwTickPrio                               0x20000004   Data           4  stm32f4xx_hal.o(.data)
    uwTick                                   0x20000008   Data           4  stm32f4xx_hal.o(.data)
    SystemCoreClock                          0x2000000c   Data           4  system_stm32f4xx.o(.data)
    rx1_buf                                  0x20000010   Data           1  bsp_usart.o(.data)
    POINT_COLOR                              0x20000014   Data           2  lcd.o(.data)
    BACK_COLOR                               0x20000016   Data           2  lcd.o(.data)
    st7735_id                                0x20000018   Data           4  lcd.o(.data)
    st7735_pIO                               0x2000001c   Data          32  lcd.o(.data)
    ST7735_LCD_Driver                        0x2000003c   Data          76  st7735.o(.data)
    hspi1                                    0x200000a8   Data          88  spi.o(.bss)
    huart1                                   0x20000100   Data          68  usart.o(.bss)
    st7735_pObj                              0x20000144   Data          56  lcd.o(.bss)
    ST7735Ctx                                0x2000067c   Data          12  st7735.o(.bss)
    __libspace_start                         0x20000688   Data          96  libspace.o(.bss)
    __temporary_stack_top$libspace           0x200006e8   Data           0  libspace.o(.bss)



==============================================================================

Memory Map of the image

  Image Entry point : 0x08000195

  Load Region LR_IROM1 (Base: 0x08000000, Size: 0x00004638, Max: 0x00040000, ABSOLUTE)

    Execution Region ER_IROM1 (Exec base: 0x08000000, Load base: 0x08000000, Size: 0x00004590, Max: 0x00040000, ABSOLUTE)

    Exec Addr    Load Addr    Size         Type   Attr      Idx    E Section Name        Object

    0x08000000   0x08000000   0x00000194   Data   RO            3    RESET               startup_stm32f401xc.o
    0x08000194   0x08000194   0x00000008   Code   RO         2811  * !!!main             c_w.l(__main.o)
    0x0800019c   0x0800019c   0x00000034   Code   RO         3035    !!!scatter          c_w.l(__scatter.o)
    0x080001d0   0x080001d0   0x0000001a   Code   RO         3037    !!handler_copy      c_w.l(__scatter_copy.o)
    0x080001ea   0x080001ea   0x00000002   PAD
    0x080001ec   0x080001ec   0x0000001c   Code   RO         3039    !!handler_zi        c_w.l(__scatter_zi.o)
    0x08000208   0x08000208   0x00000000   Code   RO         2806    .ARM.Collect$$_printf_percent$$00000000  c_w.l(_printf_percent.o)
    0x08000208   0x08000208   0x00000006   Code   RO         2805    .ARM.Collect$$_printf_percent$$0000000C  c_w.l(_printf_x.o)
    0x0800020e   0x0800020e   0x00000004   Code   RO         2851    .ARM.Collect$$_printf_percent$$00000017  c_w.l(_printf_percent_end.o)
    0x08000212   0x08000212   0x00000002   Code   RO         2972    .ARM.Collect$$libinit$$00000000  c_w.l(libinit.o)
    0x08000214   0x08000214   0x00000004   Code   RO         2856    .ARM.Collect$$libinit$$00000001  c_w.l(libinit2.o)
    0x08000218   0x08000218   0x00000000   Code   RO         2859    .ARM.Collect$$libinit$$00000004  c_w.l(libinit2.o)
    0x08000218   0x08000218   0x00000008   Code   RO         2860    .ARM.Collect$$libinit$$00000005  c_w.l(libinit2.o)
    0x08000220   0x08000220   0x00000000   Code   RO         2862    .ARM.Collect$$libinit$$0000000A  c_w.l(libinit2.o)
    0x08000220   0x08000220   0x00000000   Code   RO         2864    .ARM.Collect$$libinit$$0000000C  c_w.l(libinit2.o)
    0x08000220   0x08000220   0x00000000   Code   RO         2866    .ARM.Collect$$libinit$$0000000E  c_w.l(libinit2.o)
    0x08000220   0x08000220   0x00000000   Code   RO         2869    .ARM.Collect$$libinit$$00000011  c_w.l(libinit2.o)
    0x08000220   0x08000220   0x00000000   Code   RO         2871    .ARM.Collect$$libinit$$00000013  c_w.l(libinit2.o)
    0x08000220   0x08000220   0x00000000   Code   RO         2873    .ARM.Collect$$libinit$$00000015  c_w.l(libinit2.o)
    0x08000220   0x08000220   0x00000000   Code   RO         2875    .ARM.Collect$$libinit$$00000017  c_w.l(libinit2.o)
    0x08000220   0x08000220   0x00000000   Code   RO         2877    .ARM.Collect$$libinit$$00000019  c_w.l(libinit2.o)
    0x08000220   0x08000220   0x00000000   Code   RO         2879    .ARM.Collect$$libinit$$0000001B  c_w.l(libinit2.o)
    0x08000220   0x08000220   0x00000000   Code   RO         2881    .ARM.Collect$$libinit$$0000001D  c_w.l(libinit2.o)
    0x08000220   0x08000220   0x00000000   Code   RO         2883    .ARM.Collect$$libinit$$0000001F  c_w.l(libinit2.o)
    0x08000220   0x08000220   0x00000000   Code   RO         2885    .ARM.Collect$$libinit$$00000021  c_w.l(libinit2.o)
    0x08000220   0x08000220   0x00000000   Code   RO         2887    .ARM.Collect$$libinit$$00000023  c_w.l(libinit2.o)
    0x08000220   0x08000220   0x00000000   Code   RO         2889    .ARM.Collect$$libinit$$00000025  c_w.l(libinit2.o)
    0x08000220   0x08000220   0x00000000   Code   RO         2893    .ARM.Collect$$libinit$$0000002C  c_w.l(libinit2.o)
    0x08000220   0x08000220   0x00000000   Code   RO         2895    .ARM.Collect$$libinit$$0000002E  c_w.l(libinit2.o)
    0x08000220   0x08000220   0x00000000   Code   RO         2897    .ARM.Collect$$libinit$$00000030  c_w.l(libinit2.o)
    0x08000220   0x08000220   0x00000000   Code   RO         2899    .ARM.Collect$$libinit$$00000032  c_w.l(libinit2.o)
    0x08000220   0x08000220   0x00000002   Code   RO         2900    .ARM.Collect$$libinit$$00000033  c_w.l(libinit2.o)
    0x08000222   0x08000222   0x00000002   Code   RO         3032    .ARM.Collect$$libshutdown$$00000000  c_w.l(libshutdown.o)
    0x08000224   0x08000224   0x00000000   Code   RO         2988    .ARM.Collect$$libshutdown$$00000002  c_w.l(libshutdown2.o)
    0x08000224   0x08000224   0x00000000   Code   RO         2990    .ARM.Collect$$libshutdown$$00000004  c_w.l(libshutdown2.o)
    0x08000224   0x08000224   0x00000000   Code   RO         2992    .ARM.Collect$$libshutdown$$00000006  c_w.l(libshutdown2.o)
    0x08000224   0x08000224   0x00000000   Code   RO         2995    .ARM.Collect$$libshutdown$$00000009  c_w.l(libshutdown2.o)
    0x08000224   0x08000224   0x00000000   Code   RO         2998    .ARM.Collect$$libshutdown$$0000000C  c_w.l(libshutdown2.o)
    0x08000224   0x08000224   0x00000000   Code   RO         3000    .ARM.Collect$$libshutdown$$0000000E  c_w.l(libshutdown2.o)
    0x08000224   0x08000224   0x00000000   Code   RO         3003    .ARM.Collect$$libshutdown$$00000011  c_w.l(libshutdown2.o)
    0x08000224   0x08000224   0x00000002   Code   RO         3004    .ARM.Collect$$libshutdown$$00000012  c_w.l(libshutdown2.o)
    0x08000226   0x08000226   0x00000000   Code   RO         2815    .ARM.Collect$$rtentry$$00000000  c_w.l(__rtentry.o)
    0x08000226   0x08000226   0x00000000   Code   RO         2907    .ARM.Collect$$rtentry$$00000002  c_w.l(__rtentry2.o)
    0x08000226   0x08000226   0x00000006   Code   RO         2919    .ARM.Collect$$rtentry$$00000004  c_w.l(__rtentry4.o)
    0x0800022c   0x0800022c   0x00000000   Code   RO         2909    .ARM.Collect$$rtentry$$00000009  c_w.l(__rtentry2.o)
    0x0800022c   0x0800022c   0x00000004   Code   RO         2910    .ARM.Collect$$rtentry$$0000000A  c_w.l(__rtentry2.o)
    0x08000230   0x08000230   0x00000000   Code   RO         2912    .ARM.Collect$$rtentry$$0000000C  c_w.l(__rtentry2.o)
    0x08000230   0x08000230   0x00000008   Code   RO         2913    .ARM.Collect$$rtentry$$0000000D  c_w.l(__rtentry2.o)
    0x08000238   0x08000238   0x00000002   Code   RO         2975    .ARM.Collect$$rtexit$$00000000  c_w.l(rtexit.o)
    0x0800023a   0x0800023a   0x00000000   Code   RO         3008    .ARM.Collect$$rtexit$$00000002  c_w.l(rtexit2.o)
    0x0800023a   0x0800023a   0x00000004   Code   RO         3009    .ARM.Collect$$rtexit$$00000003  c_w.l(rtexit2.o)
    0x0800023e   0x0800023e   0x00000006   Code   RO         3010    .ARM.Collect$$rtexit$$00000004  c_w.l(rtexit2.o)
    0x08000244   0x08000244   0x00000000   Code   RO         2925    .emb_text           c_w.l(maybetermalloc1.o)
    0x08000244   0x08000244   0x00000040   Code   RO            4    .text               startup_stm32f401xc.o
    0x08000284   0x08000284   0x0000005e   Code   RO         2698    .text               c_w.l(h1_alloc.o)
    0x080002e2   0x080002e2   0x0000004e   Code   RO         2700    .text               c_w.l(h1_free.o)
    0x08000330   0x08000330   0x000000ee   Code   RO         2756    .text               c_w.l(lludivv7m.o)
    0x0800041e   0x0800041e   0x00000002   PAD
    0x08000420   0x08000420   0x00000028   Code   RO         2760    .text               c_w.l(noretval__2sprintf.o)
    0x08000448   0x08000448   0x00000068   Code   RO         2762    .text               c_w.l(__printf.o)
    0x080004b0   0x080004b0   0x00000058   Code   RO         2767    .text               c_w.l(_printf_hex_int.o)
    0x08000508   0x08000508   0x0000004e   Code   RO         2807    .text               c_w.l(rt_memclr_w.o)
    0x08000556   0x08000556   0x00000006   Code   RO         2809    .text               c_w.l(heapauxi.o)
    0x0800055c   0x0800055c   0x00000008   Code   RO         2823    .text               c_w.l(rt_heap_descriptor_intlibspace.o)
    0x08000564   0x08000564   0x00000004   Code   RO         2825    .text               c_w.l(hguard.o)
    0x08000568   0x08000568   0x0000008a   Code   RO         2827    .text               c_w.l(init_alloc.o)
    0x080005f2   0x080005f2   0x0000000e   Code   RO         2831    .text               c_w.l(h1_init.o)
    0x08000600   0x08000600   0x000000b2   Code   RO         2845    .text               c_w.l(_printf_intcommon.o)
    0x080006b2   0x080006b2   0x00000002   PAD
    0x080006b4   0x080006b4   0x00000030   Code   RO         2847    .text               c_w.l(_printf_char_common.o)
    0x080006e4   0x080006e4   0x0000000a   Code   RO         2849    .text               c_w.l(_sputc.o)
    0x080006ee   0x080006ee   0x00000002   PAD
    0x080006f0   0x080006f0   0x00000008   Code   RO         2903    .text               c_w.l(libspace.o)
    0x080006f8   0x080006f8   0x00000034   Code   RO         2927    .text               c_w.l(h1_extend.o)
    0x0800072c   0x0800072c   0x0000000e   Code   RO         2933    .text               c_w.l(defsig_rtmem_outer.o)
    0x0800073a   0x0800073a   0x00000002   Code   RO         2944    .text               c_w.l(use_no_semi.o)
    0x0800073c   0x0800073c   0x00000000   Code   RO         2946    .text               c_w.l(indicate_semi.o)
    0x0800073c   0x0800073c   0x0000004a   Code   RO         2947    .text               c_w.l(sys_stackheap_outer.o)
    0x08000786   0x08000786   0x00000012   Code   RO         2953    .text               c_w.l(exit.o)
    0x08000798   0x08000798   0x0000000a   Code   RO         2955    .text               c_w.l(defsig_exit.o)
    0x080007a2   0x080007a2   0x00000002   PAD
    0x080007a4   0x080007a4   0x00000050   Code   RO         2961    .text               c_w.l(defsig_rtmem_inner.o)
    0x080007f4   0x080007f4   0x0000000c   Code   RO         2973    .text               c_w.l(sys_exit.o)
    0x08000800   0x08000800   0x00000032   Code   RO         2983    .text               c_w.l(defsig_general.o)
    0x08000832   0x08000832   0x0000000e   Code   RO         3005    .text               c_w.l(sys_wrch.o)
    0x08000840   0x08000840   0x00000002   Code   RO          298    i.BusFault_Handler  stm32f4xx_it.o
    0x08000842   0x08000842   0x00000002   Code   RO          299    i.DebugMon_Handler  stm32f4xx_it.o
    0x08000844   0x08000844   0x00000004   Code   RO           13    i.Error_Handler     main.o
    0x08000848   0x08000848   0x00000092   Code   RO         1227    i.HAL_DMA_Abort     stm32f4xx_hal_dma.o
    0x080008da   0x080008da   0x00000024   Code   RO         1228    i.HAL_DMA_Abort_IT  stm32f4xx_hal_dma.o
    0x080008fe   0x080008fe   0x00000002   PAD
    0x08000900   0x08000900   0x00000024   Code   RO         1670    i.HAL_Delay         stm32f4xx_hal.o
    0x08000924   0x08000924   0x000002b4   Code   RO         1120    i.HAL_GPIO_Init     stm32f4xx_hal_gpio.o
    0x08000bd8   0x08000bd8   0x00000060   Code   RO         1123    i.HAL_GPIO_TogglePin  stm32f4xx_hal_gpio.o
    0x08000c38   0x08000c38   0x0000006c   Code   RO         1124    i.HAL_GPIO_WritePin  stm32f4xx_hal_gpio.o
    0x08000ca4   0x08000ca4   0x00000010   Code   RO         1673    i.HAL_GetDEVID      stm32f4xx_hal.o
    0x08000cb4   0x08000cb4   0x0000000c   Code   RO         1676    i.HAL_GetTick       stm32f4xx_hal.o
    0x08000cc0   0x08000cc0   0x00000010   Code   RO         1682    i.HAL_IncTick       stm32f4xx_hal.o
    0x08000cd0   0x08000cd0   0x00000034   Code   RO         1683    i.HAL_Init          stm32f4xx_hal.o
    0x08000d04   0x08000d04   0x00000040   Code   RO         1684    i.HAL_InitTick      stm32f4xx_hal.o
    0x08000d44   0x08000d44   0x00000030   Code   RO          380    i.HAL_MspInit       stm32f4xx_hal_msp.o
    0x08000d74   0x08000d74   0x00000064   Code   RO         1533    i.HAL_NVIC_EnableIRQ  stm32f4xx_hal_cortex.o
    0x08000dd8   0x08000dd8   0x000000a0   Code   RO         1539    i.HAL_NVIC_SetPriority  stm32f4xx_hal_cortex.o
    0x08000e78   0x08000e78   0x00000080   Code   RO         1540    i.HAL_NVIC_SetPriorityGrouping  stm32f4xx_hal_cortex.o
    0x08000ef8   0x08000ef8   0x0000024c   Code   RO          727    i.HAL_RCC_ClockConfig  stm32f4xx_hal_rcc.o
    0x08001144   0x08001144   0x00000020   Code   RO          734    i.HAL_RCC_GetPCLK1Freq  stm32f4xx_hal_rcc.o
    0x08001164   0x08001164   0x00000020   Code   RO          735    i.HAL_RCC_GetPCLK2Freq  stm32f4xx_hal_rcc.o
    0x08001184   0x08001184   0x00000060   Code   RO          736    i.HAL_RCC_GetSysClockFreq  stm32f4xx_hal_rcc.o
    0x080011e4   0x080011e4   0x000004a8   Code   RO          739    i.HAL_RCC_OscConfig  stm32f4xx_hal_rcc.o
    0x0800168c   0x0800168c   0x00000254   Code   RO          415    i.HAL_SPI_Init      stm32f4xx_hal_spi.o
    0x080018e0   0x080018e0   0x00000068   Code   RO          215    i.HAL_SPI_MspInit   spi.o
    0x08001948   0x08001948   0x0000015a   Code   RO          418    i.HAL_SPI_Receive   stm32f4xx_hal_spi.o
    0x08001aa2   0x08001aa2   0x00000002   PAD
    0x08001aa4   0x08001aa4   0x000001b4   Code   RO          423    i.HAL_SPI_Transmit  stm32f4xx_hal_spi.o
    0x08001c58   0x08001c58   0x00000228   Code   RO          424    i.HAL_SPI_TransmitReceive  stm32f4xx_hal_spi.o
    0x08001e80   0x08001e80   0x00000028   Code   RO         1544    i.HAL_SYSTICK_Config  stm32f4xx_hal_cortex.o
    0x08001ea8   0x08001ea8   0x00000002   Code   RO         1968    i.HAL_UARTEx_RxEventCallback  stm32f4xx_hal_uart.o
    0x08001eaa   0x08001eaa   0x00000002   Code   RO         1982    i.HAL_UART_ErrorCallback  stm32f4xx_hal_uart.o
    0x08001eac   0x08001eac   0x00000268   Code   RO         1985    i.HAL_UART_IRQHandler  stm32f4xx_hal_uart.o
    0x08002114   0x08002114   0x00000128   Code   RO         1986    i.HAL_UART_Init     stm32f4xx_hal_uart.o
    0x0800223c   0x0800223c   0x0000007c   Code   RO          257    i.HAL_UART_MspInit  usart.o
    0x080022b8   0x080022b8   0x0000002a   Code   RO         1991    i.HAL_UART_Receive_IT  stm32f4xx_hal_uart.o
    0x080022e2   0x080022e2   0x00000002   PAD
    0x080022e4   0x080022e4   0x00000034   Code   RO         2373    i.HAL_UART_RxCpltCallback  bsp_usart.o
    0x08002318   0x08002318   0x000000b2   Code   RO         1994    i.HAL_UART_Transmit  stm32f4xx_hal_uart.o
    0x080023ca   0x080023ca   0x00000002   Code   RO         1997    i.HAL_UART_TxCpltCallback  stm32f4xx_hal_uart.o
    0x080023cc   0x080023cc   0x00000002   Code   RO          300    i.HardFault_Handler  stm32f4xx_it.o
    0x080023ce   0x080023ce   0x00000002   PAD
    0x080023d0   0x080023d0   0x000001b4   Code   RO         2414    i.LCD_ShowChar      lcd.o
    0x08002584   0x08002584   0x00000054   Code   RO         2415    i.LCD_ShowString    lcd.o
    0x080025d8   0x080025d8   0x000000c8   Code   RO         2416    i.LCD_Test          lcd.o
    0x080026a0   0x080026a0   0x000000cc   Code   RO          190    i.MX_GPIO_Init      gpio.o
    0x0800276c   0x0800276c   0x0000004c   Code   RO          216    i.MX_SPI1_Init      spi.o
    0x080027b8   0x080027b8   0x00000038   Code   RO          258    i.MX_USART1_UART_Init  usart.o
    0x080027f0   0x080027f0   0x00000002   Code   RO          301    i.MemManage_Handler  stm32f4xx_it.o
    0x080027f2   0x080027f2   0x00000002   Code   RO          302    i.NMI_Handler       stm32f4xx_it.o
    0x080027f4   0x080027f4   0x00000002   Code   RO          303    i.PendSV_Handler    stm32f4xx_it.o
    0x080027f6   0x080027f6   0x0000005c   Code   RO          452    i.SPI_EndRxTransaction  stm32f4xx_hal_spi.o
    0x08002852   0x08002852   0x00000002   PAD
    0x08002854   0x08002854   0x00000058   Code   RO          453    i.SPI_EndRxTxTransaction  stm32f4xx_hal_spi.o
    0x080028ac   0x080028ac   0x000000b8   Code   RO          458    i.SPI_WaitFlagStateUntilTimeout  stm32f4xx_hal_spi.o
    0x08002964   0x08002964   0x00000004   Code   RO         2498    i.ST7735_DeInit     st7735.o
    0x08002968   0x08002968   0x00000074   Code   RO         2499    i.ST7735_DisplayOff  st7735.o
    0x080029dc   0x080029dc   0x00000074   Code   RO         2500    i.ST7735_DisplayOn  st7735.o
    0x08002a50   0x08002a50   0x00000124   Code   RO         2501    i.ST7735_DrawBitmap  st7735.o
    0x08002b74   0x08002b74   0x0000005c   Code   RO         2502    i.ST7735_DrawHLine  st7735.o
    0x08002bd0   0x08002bd0   0x00000048   Code   RO         2503    i.ST7735_DrawVLine  st7735.o
    0x08002c18   0x08002c18   0x00000088   Code   RO         2504    i.ST7735_FillRGBRect  st7735.o
    0x08002ca0   0x08002ca0   0x0000003c   Code   RO         2505    i.ST7735_FillRect   st7735.o
    0x08002cdc   0x08002cdc   0x00000006   Code   RO         2506    i.ST7735_GetBrightness  st7735.o
    0x08002ce2   0x08002ce2   0x00000002   PAD
    0x08002ce4   0x08002ce4   0x00000010   Code   RO         2507    i.ST7735_GetOrientation  st7735.o
    0x08002cf4   0x08002cf4   0x00000056   Code   RO         2508    i.ST7735_GetPixel   st7735.o
    0x08002d4a   0x08002d4a   0x00000002   PAD
    0x08002d4c   0x08002d4c   0x00000010   Code   RO         2509    i.ST7735_GetXSize   st7735.o
    0x08002d5c   0x08002d5c   0x00000010   Code   RO         2510    i.ST7735_GetYSize   st7735.o
    0x08002d6c   0x08002d6c   0x0000001a   Code   RO         2511    i.ST7735_IO_Delay   st7735.o
    0x08002d86   0x08002d86   0x000004a8   Code   RO         2512    i.ST7735_Init       st7735.o
    0x0800322e   0x0800322e   0x0000004c   Code   RO         2513    i.ST7735_ReadID     st7735.o
    0x0800327a   0x0800327a   0x0000000e   Code   RO         2514    i.ST7735_ReadRegWrap  st7735.o
    0x08003288   0x08003288   0x0000000e   Code   RO         2515    i.ST7735_RecvDataWrap  st7735.o
    0x08003296   0x08003296   0x00000002   PAD
    0x08003298   0x08003298   0x00000054   Code   RO         2516    i.ST7735_RegisterBusIO  st7735.o
    0x080032ec   0x080032ec   0x0000000e   Code   RO         2517    i.ST7735_SendDataWrap  st7735.o
    0x080032fa   0x080032fa   0x00000006   Code   RO         2518    i.ST7735_SetBrightness  st7735.o
    0x08003300   0x08003300   0x00000094   Code   RO         2519    i.ST7735_SetCursor  st7735.o
    0x08003394   0x08003394   0x000000e0   Code   RO         2520    i.ST7735_SetDisplayWindow  st7735.o
    0x08003474   0x08003474   0x00000060   Code   RO         2521    i.ST7735_SetOrientation  st7735.o
    0x080034d4   0x080034d4   0x00000048   Code   RO         2522    i.ST7735_SetPixel   st7735.o
    0x0800351c   0x0800351c   0x00000014   Code   RO         2523    i.ST7735_WriteRegWrap  st7735.o
    0x08003530   0x08003530   0x00000002   Code   RO          304    i.SVC_Handler       stm32f4xx_it.o
    0x08003532   0x08003532   0x00000004   Code   RO          305    i.SysTick_Handler   stm32f4xx_it.o
    0x08003536   0x08003536   0x00000002   PAD
    0x08003538   0x08003538   0x00000094   Code   RO           14    i.SystemClock_Config  main.o
    0x080035cc   0x080035cc   0x00000010   Code   RO         2315    i.SystemInit        system_stm32f4xx.o
    0x080035dc   0x080035dc   0x00000010   Code   RO         1999    i.UART_DMAAbortOnError  stm32f4xx_hal_uart.o
    0x080035ec   0x080035ec   0x0000004e   Code   RO         2009    i.UART_EndRxTransfer  stm32f4xx_hal_uart.o
    0x0800363a   0x0800363a   0x000000c0   Code   RO         2011    i.UART_Receive_IT   stm32f4xx_hal_uart.o
    0x080036fa   0x080036fa   0x00000002   PAD
    0x080036fc   0x080036fc   0x000001a0   Code   RO         2012    i.UART_SetConfig    stm32f4xx_hal_uart.o
    0x0800389c   0x0800389c   0x0000003a   Code   RO         2014    i.UART_Start_Receive_IT  stm32f4xx_hal_uart.o
    0x080038d6   0x080038d6   0x00000078   Code   RO         2015    i.UART_WaitOnFlagUntilTimeout  stm32f4xx_hal_uart.o
    0x0800394e   0x0800394e   0x00000002   PAD
    0x08003950   0x08003950   0x0000000c   Code   RO          306    i.USART1_IRQHandler  stm32f4xx_it.o
    0x0800395c   0x0800395c   0x00000002   Code   RO          307    i.UsageFault_Handler  stm32f4xx_it.o
    0x0800395e   0x0800395e   0x00000020   Code   RO         1546    i.__NVIC_SetPriority  stm32f4xx_hal_cortex.o
    0x0800397e   0x0800397e   0x00000002   Code   RO           15    i.assert_failed     main.o
    0x08003980   0x08003980   0x00000004   Code   RO         2417    i.lcd_gettick       lcd.o
    0x08003984   0x08003984   0x00000004   Code   RO         2418    i.lcd_init          lcd.o
    0x08003988   0x08003988   0x00000048   Code   RO         2419    i.lcd_readreg       lcd.o
    0x080039d0   0x080039d0   0x0000001c   Code   RO         2420    i.lcd_recvdata      lcd.o
    0x080039ec   0x080039ec   0x0000001c   Code   RO         2421    i.lcd_senddata      lcd.o
    0x08003a08   0x08003a08   0x0000004c   Code   RO         2422    i.lcd_writereg      lcd.o
    0x08003a54   0x08003a54   0x00000034   Code   RO           16    i.main              main.o
    0x08003a88   0x08003a88   0x0000000e   Code   RO         2662    i.st7735_read_reg   st7735_reg.o
    0x08003a96   0x08003a96   0x0000000e   Code   RO         2663    i.st7735_recv_data  st7735_reg.o
    0x08003aa4   0x08003aa4   0x0000000e   Code   RO         2664    i.st7735_send_data  st7735_reg.o
    0x08003ab2   0x08003ab2   0x0000000e   Code   RO         2665    i.st7735_write_reg  st7735_reg.o
    0x08003ac0   0x08003ac0   0x0000000a   Code   RO         2942    x$fpl$fpinit        fz_wm.l(fpinit.o)
    0x08003aca   0x08003aca   0x00000010   Data   RO         2316    .constdata          system_stm32f4xx.o
    0x08003ada   0x08003ada   0x00000008   Data   RO         2317    .constdata          system_stm32f4xx.o
    0x08003ae2   0x08003ae2   0x00000a64   Data   RO         2427    .constdata          lcd.o
    0x08004546   0x08004546   0x00000028   Data   RO         2768    .constdata          c_w.l(_printf_hex_int.o)
    0x0800456e   0x0800456e   0x00000002   PAD
    0x08004570   0x08004570   0x00000020   Data   RO         3033    Region$$Table       anon$$obj.o


    Execution Region RW_IRAM1 (Exec base: 0x20000000, Load base: 0x08004590, Size: 0x00000ce8, Max: 0x00010000, ABSOLUTE)

    Exec Addr    Load Addr    Size         Type   Attr      Idx    E Section Name        Object

    0x20000000   0x08004590   0x0000000c   Data   RW         1690    .data               stm32f4xx_hal.o
    0x2000000c   0x0800459c   0x00000004   Data   RW         2318    .data               system_stm32f4xx.o
    0x20000010   0x080045a0   0x00000001   Data   RW         2376    .data               bsp_usart.o
    0x20000011   0x080045a1   0x00000003   PAD
    0x20000014   0x080045a4   0x00000028   Data   RW         2428    .data               lcd.o
    0x2000003c   0x080045cc   0x0000004c   Data   RW         2525    .data               st7735.o
    0x20000088   0x08004618   0x00000020   Data   RW         2526    .data               st7735.o
    0x200000a8        -       0x00000058   Zero   RW          217    .bss                spi.o
    0x20000100        -       0x00000044   Zero   RW          259    .bss                usart.o
    0x20000144        -       0x00000038   Zero   RW         2423    .bss                lcd.o
    0x2000017c        -       0x0000050c   Zero   RW         2524    .bss                st7735.o
    0x20000688        -       0x00000060   Zero   RW         2904    .bss                c_w.l(libspace.o)
    0x200006e8        -       0x00000200   Zero   RW            2    HEAP                startup_stm32f401xc.o
    0x200008e8        -       0x00000400   Zero   RW            1    STACK               startup_stm32f401xc.o


==============================================================================

Image component sizes


      Code (inc. data)   RO Data    RW Data    ZI Data      Debug   Object Name

        52         12          0          1          0       2412   bsp_usart.o
       204         12          0          0          0       1019   gpio.o
       932        100       2660         40         56      12573   lcd.o
       206         16          0          0          0     393316   main.o
       180         22          0          0         88       1737   spi.o
      3014        110          0        108       1292      23184   st7735.o
        56          0          0          0          0       3147   st7735_reg.o
        64         26        404          0       1536        856   startup_stm32f401xc.o
       196         34          0         12          0       9928   stm32f4xx_hal.o
       460        196          0          0          0      34171   stm32f4xx_hal_cortex.o
       182          0          0          0          0       2135   stm32f4xx_hal_dma.o
       896        220          0          0          0       3057   stm32f4xx_hal_gpio.o
        48          6          0          0          0        882   stm32f4xx_hal_msp.o
      1940        184          0          0          0       5508   stm32f4xx_hal_rcc.o
      2294        196          0          0          0       8674   stm32f4xx_hal_spi.o
      2018        150          0          0          0      11672   stm32f4xx_hal_uart.o
        32          6          0          0          0       4766   stm32f4xx_it.o
        16          4         24          4          0       1163   system_stm32f4xx.o
       180         22          0          0         68       1774   usart.o

    ----------------------------------------------------------------------
     12992       1316       3120        168       3040     521974   Object Totals
         0          0         32          0          0          0   (incl. Generated)
        22          0          0          3          0          0   (incl. Padding)

    ----------------------------------------------------------------------

      Code (inc. data)   RO Data    RW Data    ZI Data      Debug   Library Member Name

         8          0          0          0          0         68   __main.o
       104          0          0          0          0         84   __printf.o
         0          0          0          0          0          0   __rtentry.o
        12          0          0          0          0          0   __rtentry2.o
         6          0          0          0          0          0   __rtentry4.o
        52          8          0          0          0          0   __scatter.o
        26          0          0          0          0          0   __scatter_copy.o
        28          0          0          0          0          0   __scatter_zi.o
        48          6          0          0          0         96   _printf_char_common.o
        88          4         40          0          0         88   _printf_hex_int.o
       178          0          0          0          0         88   _printf_intcommon.o
         0          0          0          0          0          0   _printf_percent.o
         4          0          0          0          0          0   _printf_percent_end.o
         6          0          0          0          0          0   _printf_x.o
        10          0          0          0          0         68   _sputc.o
        10          0          0          0          0         68   defsig_exit.o
        50          0          0          0          0         88   defsig_general.o
        80         58          0          0          0         76   defsig_rtmem_inner.o
        14          0          0          0          0         80   defsig_rtmem_outer.o
        18          0          0          0          0         80   exit.o
        94          0          0          0          0         80   h1_alloc.o
        52          0          0          0          0         68   h1_extend.o
        78          0          0          0          0         80   h1_free.o
        14          0          0          0          0         84   h1_init.o
         6          0          0          0          0        152   heapauxi.o
         4          0          0          0          0        136   hguard.o
         0          0          0          0          0          0   indicate_semi.o
       138          0          0          0          0        168   init_alloc.o
         2          0          0          0          0          0   libinit.o
        14          0          0          0          0          0   libinit2.o
         2          0          0          0          0          0   libshutdown.o
         2          0          0          0          0          0   libshutdown2.o
         8          4          0          0         96         68   libspace.o
       238          0          0          0          0        100   lludivv7m.o
         0          0          0          0          0          0   maybetermalloc1.o
        40          6          0          0          0         84   noretval__2sprintf.o
         8          4          0          0          0         68   rt_heap_descriptor_intlibspace.o
        78          0          0          0          0         80   rt_memclr_w.o
         2          0          0          0          0          0   rtexit.o
        10          0          0          0          0          0   rtexit2.o
        12          4          0          0          0         68   sys_exit.o
        74          0          0          0          0         80   sys_stackheap_outer.o
        14          0          0          0          0         76   sys_wrch.o
         2          0          0          0          0         68   use_no_semi.o
        10          0          0          0          0        116   fpinit.o

    ----------------------------------------------------------------------
      1654         94         42          0         96       2460   Library Totals
        10          0          2          0          0          0   (incl. Padding)

    ----------------------------------------------------------------------

      Code (inc. data)   RO Data    RW Data    ZI Data      Debug   Library Name

      1634         94         40          0         96       2344   c_w.l
        10          0          0          0          0        116   fz_wm.l

    ----------------------------------------------------------------------
      1654         94         42          0         96       2460   Library Totals

    ----------------------------------------------------------------------

==============================================================================


      Code (inc. data)   RO Data    RW Data    ZI Data      Debug   

     14646       1410       3162        168       3136     513686   Grand Totals
     14646       1410       3162        168       3136     513686   ELF Image Totals
     14646       1410       3162        168          0          0   ROM Totals

==============================================================================

    Total RO  Size (Code + RO Data)                17808 (  17.39kB)
    Total RW  Size (RW Data + ZI Data)              3304 (   3.23kB)
    Total ROM Size (Code + RO Data + RW Data)      17976 (  17.55kB)

==============================================================================

