Component: ARM Compiler 5.06 update 7 (build 960) Tool: armlink [4d3601]

==============================================================================

Section Cross References

    startup_stm32f401xc.o(STACK) refers (Special) to heapauxi.o(.text) for __use_two_region_memory
    startup_stm32f401xc.o(HEAP) refers (Special) to heapauxi.o(.text) for __use_two_region_memory
    startup_stm32f401xc.o(RESET) refers (Special) to heapauxi.o(.text) for __use_two_region_memory
    startup_stm32f401xc.o(RESET) refers to startup_stm32f401xc.o(STACK) for __initial_sp
    startup_stm32f401xc.o(RESET) refers to startup_stm32f401xc.o(.text) for Reset_Handler
    startup_stm32f401xc.o(RESET) refers to stm32f4xx_it.o(i.NMI_Handler) for NMI_Handler
    startup_stm32f401xc.o(RESET) refers to stm32f4xx_it.o(i.HardFault_Handler) for HardFault_Handler
    startup_stm32f401xc.o(RESET) refers to stm32f4xx_it.o(i.MemManage_Handler) for MemManage_Handler
    startup_stm32f401xc.o(RESET) refers to stm32f4xx_it.o(i.BusFault_Handler) for BusFault_Handler
    startup_stm32f401xc.o(RESET) refers to stm32f4xx_it.o(i.UsageFault_Handler) for UsageFault_Handler
    startup_stm32f401xc.o(RESET) refers to stm32f4xx_it.o(i.SVC_Handler) for SVC_Handler
    startup_stm32f401xc.o(RESET) refers to stm32f4xx_it.o(i.DebugMon_Handler) for DebugMon_Handler
    startup_stm32f401xc.o(RESET) refers to stm32f4xx_it.o(i.PendSV_Handler) for PendSV_Handler
    startup_stm32f401xc.o(RESET) refers to stm32f4xx_it.o(i.SysTick_Handler) for SysTick_Handler
    startup_stm32f401xc.o(RESET) refers to stm32f4xx_it.o(i.USART1_IRQHandler) for USART1_IRQHandler
    startup_stm32f401xc.o(.text) refers (Special) to heapauxi.o(.text) for __use_two_region_memory
    startup_stm32f401xc.o(.text) refers to system_stm32f4xx.o(i.SystemInit) for SystemInit
    startup_stm32f401xc.o(.text) refers to __main.o(!!!main) for __main
    startup_stm32f401xc.o(.text) refers to startup_stm32f401xc.o(HEAP) for Heap_Mem
    startup_stm32f401xc.o(.text) refers to startup_stm32f401xc.o(STACK) for Stack_Mem
    main.o(i.SystemClock_Config) refers to rt_memclr_w.o(.text) for __aeabi_memclr4
    main.o(i.SystemClock_Config) refers to stm32f4xx_hal_rcc.o(i.HAL_RCC_OscConfig) for HAL_RCC_OscConfig
    main.o(i.SystemClock_Config) refers to stm32f4xx_hal_rcc.o(i.HAL_RCC_ClockConfig) for HAL_RCC_ClockConfig
    main.o(i.main) refers to _printf_pad.o(.text) for _printf_pre_padding
    main.o(i.main) refers to _printf_percent.o(.ARM.Collect$$_printf_percent$$00000000) for _printf_percent
    main.o(i.main) refers to _printf_d.o(.ARM.Collect$$_printf_percent$$00000009) for _printf_d
    main.o(i.main) refers to _printf_dec.o(.text) for _printf_int_dec
    main.o(i.main) refers to stm32f4xx_hal.o(i.HAL_Init) for HAL_Init
    main.o(i.main) refers to main.o(i.SystemClock_Config) for SystemClock_Config
    main.o(i.main) refers to gpio.o(i.MX_GPIO_Init) for MX_GPIO_Init
    main.o(i.main) refers to usart.o(i.MX_USART1_UART_Init) for MX_USART1_UART_Init
    main.o(i.main) refers to spi.o(i.MX_SPI1_Init) for MX_SPI1_Init
    main.o(i.main) refers to tftlcd.o(i.LCD_Init) for LCD_Init
    main.o(i.main) refers to tftlcd.o(i.LCD_Clear) for LCD_Clear
    main.o(i.main) refers to tftlcd.o(i.LCD_ShowString) for LCD_ShowString
    main.o(i.main) refers to stm32f4xx_hal_gpio.o(i.HAL_GPIO_WritePin) for HAL_GPIO_WritePin
    main.o(i.main) refers to noretval__2sprintf.o(.text) for __2sprintf
    main.o(i.main) refers to stm32f4xx_hal.o(i.HAL_Delay) for HAL_Delay
    main.o(i.main) refers to tftlcd.o(.data) for BACK_COLOR
    main.o(i.main) refers to main.o(.data) for .data
    main.o(i.main) refers to main.o(.bss) for .bss
    gpio.o(i.MX_GPIO_Init) refers to rt_memclr_w.o(.text) for __aeabi_memclr4
    gpio.o(i.MX_GPIO_Init) refers to stm32f4xx_hal_gpio.o(i.HAL_GPIO_WritePin) for HAL_GPIO_WritePin
    gpio.o(i.MX_GPIO_Init) refers to stm32f4xx_hal_gpio.o(i.HAL_GPIO_Init) for HAL_GPIO_Init
    spi.o(i.HAL_SPI_MspDeInit) refers to stm32f4xx_hal_gpio.o(i.HAL_GPIO_DeInit) for HAL_GPIO_DeInit
    spi.o(i.HAL_SPI_MspInit) refers to rt_memclr_w.o(.text) for __aeabi_memclr4
    spi.o(i.HAL_SPI_MspInit) refers to stm32f4xx_hal_gpio.o(i.HAL_GPIO_Init) for HAL_GPIO_Init
    spi.o(i.MX_SPI1_Init) refers to stm32f4xx_hal_spi.o(i.HAL_SPI_Init) for HAL_SPI_Init
    spi.o(i.MX_SPI1_Init) refers to main.o(i.Error_Handler) for Error_Handler
    spi.o(i.MX_SPI1_Init) refers to spi.o(.bss) for .bss
    usart.o(i.HAL_UART_MspDeInit) refers to stm32f4xx_hal_gpio.o(i.HAL_GPIO_DeInit) for HAL_GPIO_DeInit
    usart.o(i.HAL_UART_MspDeInit) refers to stm32f4xx_hal_cortex.o(i.HAL_NVIC_DisableIRQ) for HAL_NVIC_DisableIRQ
    usart.o(i.HAL_UART_MspInit) refers to rt_memclr_w.o(.text) for __aeabi_memclr4
    usart.o(i.HAL_UART_MspInit) refers to stm32f4xx_hal_gpio.o(i.HAL_GPIO_Init) for HAL_GPIO_Init
    usart.o(i.HAL_UART_MspInit) refers to stm32f4xx_hal_cortex.o(i.HAL_NVIC_SetPriority) for HAL_NVIC_SetPriority
[...]
    Removing stm32f4xx_hal_pwr_ex.o(i.HAL_PWREx_EnableBkUpReg), (60 bytes).
    Removing stm32f4xx_hal_pwr_ex.o(i.HAL_PWREx_EnableFlashPowerDown), (12 bytes).
    Removing stm32f4xx_hal_pwr_ex.o(i.HAL_PWREx_EnableLowRegulatorLowVoltage), (12 bytes).
    Removing stm32f4xx_hal_pwr_ex.o(i.HAL_PWREx_EnableMainRegulatorLowVoltage), (12 bytes).
    Removing stm32f4xx_hal_pwr_ex.o(i.HAL_PWREx_GetVoltageRange), (16 bytes).
    Removing stm32f4xx_hal_cortex.o(.rev16_text), (4 bytes).
    Removing stm32f4xx_hal_cortex.o(.revsh_text), (4 bytes).
    Removing stm32f4xx_hal_cortex.o(.rrx_text), (6 bytes).
    Removing stm32f4xx_hal_cortex.o(i.HAL_MPU_ConfigRegion), (480 bytes).
    Removing stm32f4xx_hal_cortex.o(i.HAL_MPU_Disable), (28 bytes).
    Removing stm32f4xx_hal_cortex.o(i.HAL_MPU_Enable), (36 bytes).
    Removing stm32f4xx_hal_cortex.o(i.HAL_NVIC_ClearPendingIRQ), (104 bytes).
    Removing stm32f4xx_hal_cortex.o(i.HAL_NVIC_DisableIRQ), (108 bytes).
    Removing stm32f4xx_hal_cortex.o(i.HAL_NVIC_GetActive), (112 bytes).
    Removing stm32f4xx_hal_cortex.o(i.HAL_NVIC_GetPendingIRQ), (112 bytes).
    Removing stm32f4xx_hal_cortex.o(i.HAL_NVIC_GetPriority), (184 bytes).
    Removing stm32f4xx_hal_cortex.o(i.HAL_NVIC_GetPriorityGrouping), (16 bytes).
    Removing stm32f4xx_hal_cortex.o(i.HAL_NVIC_SetPendingIRQ), (104 bytes).
    Removing stm32f4xx_hal_cortex.o(i.HAL_NVIC_SystemReset), (36 bytes).
    Removing stm32f4xx_hal_cortex.o(i.HAL_SYSTICK_CLKSourceConfig), (100 bytes).
    Removing stm32f4xx_hal_cortex.o(i.HAL_SYSTICK_Callback), (2 bytes).
    Removing stm32f4xx_hal_cortex.o(i.HAL_SYSTICK_IRQHandler), (8 bytes).
    Removing stm32f4xx_hal.o(.rev16_text), (4 bytes).
    Removing stm32f4xx_hal.o(.revsh_text), (4 bytes).
    Removing stm32f4xx_hal.o(.rrx_text), (6 bytes).
    Removing stm32f4xx_hal.o(i.HAL_DBGMCU_DisableDBGSleepMode), (16 bytes).
    Removing stm32f4xx_hal.o(i.HAL_DBGMCU_DisableDBGStandbyMode), (16 bytes).
    Removing stm32f4xx_hal.o(i.HAL_DBGMCU_DisableDBGStopMode), (16 bytes).
    Removing stm32f4xx_hal.o(i.HAL_DBGMCU_EnableDBGSleepMode), (16 bytes).
    Removing stm32f4xx_hal.o(i.HAL_DBGMCU_EnableDBGStandbyMode), (16 bytes).
    Removing stm32f4xx_hal.o(i.HAL_DBGMCU_EnableDBGStopMode), (16 bytes).
    Removing stm32f4xx_hal.o(i.HAL_DeInit), (52 bytes).
    Removing stm32f4xx_hal.o(i.HAL_DisableCompensationCell), (12 bytes).
    Removing stm32f4xx_hal.o(i.HAL_EnableCompensationCell), (12 bytes).
    Removing stm32f4xx_hal.o(i.HAL_GetDEVID), (16 bytes).
    Removing stm32f4xx_hal.o(i.HAL_GetHalVersion), (8 bytes).
    Removing stm32f4xx_hal.o(i.HAL_GetREVID), (12 bytes).
    Removing stm32f4xx_hal.o(i.HAL_GetTickFreq), (12 bytes).
    Removing stm32f4xx_hal.o(i.HAL_GetTickPrio), (12 bytes).
    Removing stm32f4xx_hal.o(i.HAL_GetUIDw0), (12 bytes).
    Removing stm32f4xx_hal.o(i.HAL_GetUIDw1), (12 bytes).
    Removing stm32f4xx_hal.o(i.HAL_GetUIDw2), (12 bytes).
    Removing stm32f4xx_hal.o(i.HAL_MspDeInit), (2 bytes).
    Removing stm32f4xx_hal.o(i.HAL_MspInit), (2 bytes).
    Removing stm32f4xx_hal.o(i.HAL_ResumeTick), (14 bytes).
    Removing stm32f4xx_hal.o(i.HAL_SetTickFreq), (116 bytes).
    Removing stm32f4xx_hal.o(i.HAL_SuspendTick), (14 bytes).
    Removing stm32f4xx_hal_exti.o(.rev16_text), (4 bytes).
    Removing stm32f4xx_hal_exti.o(.revsh_text), (4 bytes).
    Removing stm32f4xx_hal_exti.o(.rrx_text), (6 bytes).
    Removing stm32f4xx_hal_exti.o(i.HAL_EXTI_ClearConfigLine), (228 bytes).
    Removing stm32f4xx_hal_exti.o(i.HAL_EXTI_ClearPending), (160 bytes).
    Removing stm32f4xx_hal_exti.o(i.HAL_EXTI_GenerateSWI), (144 bytes).
    Removing stm32f4xx_hal_exti.o(i.HAL_EXTI_GetConfigLine), (268 bytes).
    Removing stm32f4xx_hal_exti.o(i.HAL_EXTI_GetHandle), (120 bytes).
    Removing stm32f4xx_hal_exti.o(i.HAL_EXTI_GetPending), (164 bytes).
    Removing stm32f4xx_hal_exti.o(i.HAL_EXTI_IRQHandler), (36 bytes).
    Removing stm32f4xx_hal_exti.o(i.HAL_EXTI_RegisterCallback), (14 bytes).
    Removing stm32f4xx_hal_exti.o(i.HAL_EXTI_SetConfigLine), (348 bytes).
    Removing stm32f4xx_hal_tim.o(.rev16_text), (4 bytes).
    Removing stm32f4xx_hal_tim.o(.revsh_text), (4 bytes).
    Removing stm32f4xx_hal_tim.o(.rrx_text), (6 bytes).
    Removing stm32f4xx_hal_tim_ex.o(.rev16_text), (4 bytes).
    Removing stm32f4xx_hal_tim_ex.o(.revsh_text), (4 bytes).
    Removing stm32f4xx_hal_tim_ex.o(.rrx_text), (6 bytes).
    Removing stm32f4xx_hal_uart.o(.rev16_text), (4 bytes).
    Removing stm32f4xx_hal_uart.o(.revsh_text), (4 bytes).
    Removing stm32f4xx_hal_uart.o(.rrx_text), (6 bytes).
    Removing stm32f4xx_hal_uart.o(i.HAL_HalfDuplex_EnableReceiver), (50 bytes).
    Removing stm32f4xx_hal_uart.o(i.HAL_HalfDuplex_EnableTransmitter), (50 bytes).
    Removing stm32f4xx_hal_uart.o(i.HAL_HalfDuplex_Init), (252 bytes).
    Removing stm32f4xx_hal_uart.o(i.HAL_LIN_Init), (276 bytes).
    Removing stm32f4xx_hal_uart.o(i.HAL_LIN_SendBreak), (164 bytes).
    Removing stm32f4xx_hal_uart.o(i.HAL_MultiProcessor_EnterMuteMode), (164 bytes).
    Removing stm32f4xx_hal_uart.o(i.HAL_MultiProcessor_ExitMuteMode), (164 bytes).
    Removing stm32f4xx_hal_uart.o(i.HAL_MultiProcessor_Init), (316 bytes).
    Removing stm32f4xx_hal_uart.o(i.HAL_UARTEx_ReceiveToIdle), (254 bytes).
    Removing stm32f4xx_hal_uart.o(i.HAL_UARTEx_ReceiveToIdle_DMA), (86 bytes).
    Removing stm32f4xx_hal_uart.o(i.HAL_UARTEx_ReceiveToIdle_IT), (86 bytes).
    Removing stm32f4xx_hal_uart.o(i.HAL_UART_Abort), (210 bytes).
    Removing stm32f4xx_hal_uart.o(i.HAL_UART_AbortCpltCallback), (2 bytes).
    Removing stm32f4xx_hal_uart.o(i.HAL_UART_AbortReceive), (148 bytes).
    Removing stm32f4xx_hal_uart.o(i.HAL_UART_AbortReceiveCpltCallback), (2 bytes).
    Removing stm32f4xx_hal_uart.o(i.HAL_UART_AbortReceive_IT), (152 bytes).
    Removing stm32f4xx_hal_uart.o(i.HAL_UART_AbortTransmit), (98 bytes).
    Removing stm32f4xx_hal_uart.o(i.HAL_UART_AbortTransmitCpltCallback), (2 bytes).
    Removing stm32f4xx_hal_uart.o(i.HAL_UART_AbortTransmit_IT), (104 bytes).
    Removing stm32f4xx_hal_uart.o(i.HAL_UART_Abort_IT), (244 bytes).
    Removing stm32f4xx_hal_uart.o(i.HAL_UART_DMAPause), (146 bytes).
    Removing stm32f4xx_hal_uart.o(i.HAL_UART_DMAResume), (140 bytes).
    Removing stm32f4xx_hal_uart.o(i.HAL_UART_DMAStop), (112 bytes).
    Removing stm32f4xx_hal_uart.o(i.HAL_UART_DeInit), (156 bytes).
    Removing stm32f4xx_hal_uart.o(i.HAL_UART_GetError), (4 bytes).
    Removing stm32f4xx_hal_uart.o(i.HAL_UART_GetState), (10 bytes).
    Removing stm32f4xx_hal_uart.o(i.HAL_UART_MspDeInit), (2 bytes).
    Removing stm32f4xx_hal_uart.o(i.HAL_UART_MspInit), (2 bytes).
    Removing stm32f4xx_hal_uart.o(i.HAL_UART_Receive), (192 bytes).
    Removing stm32f4xx_hal_uart.o(i.HAL_UART_Receive_DMA), (42 bytes).
    Removing stm32f4xx_hal_uart.o(i.HAL_UART_RxCpltCallback), (2 bytes).
    Removing stm32f4xx_hal_uart.o(i.HAL_UART_RxHalfCpltCallback), (2 bytes).
    Removing stm32f4xx_hal_uart.o(i.HAL_UART_Transmit_DMA), (140 bytes).
    Removing stm32f4xx_hal_uart.o(i.HAL_UART_Transmit_IT), (62 bytes).
    Removing stm32f4xx_hal_uart.o(i.HAL_UART_TxHalfCpltCallback), (2 bytes).
    Removing stm32f4xx_hal_uart.o(i.UART_DMAError), (74 bytes).
    Removing stm32f4xx_hal_uart.o(i.UART_DMAReceiveCplt), (130 bytes).
    Removing stm32f4xx_hal_uart.o(i.UART_DMARxAbortCallback), (44 bytes).
    Removing stm32f4xx_hal_uart.o(i.UART_DMARxHalfCplt), (26 bytes).
    Removing stm32f4xx_hal_uart.o(i.UART_DMARxOnlyAbortCallback), (22 bytes).
    Removing stm32f4xx_hal_uart.o(i.UART_DMATransmitCplt), (66 bytes).
    Removing stm32f4xx_hal_uart.o(i.UART_DMATxAbortCallback), (44 bytes).
    Removing stm32f4xx_hal_uart.o(i.UART_DMATxHalfCplt), (10 bytes).
    Removing stm32f4xx_hal_uart.o(i.UART_DMATxOnlyAbortCallback), (20 bytes).
    Removing stm32f4xx_hal_uart.o(i.UART_EndTxTransfer), (28 bytes).
    Removing stm32f4xx_hal_uart.o(i.UART_Start_Receive_DMA), (148 bytes).
    Removing system_stm32f4xx.o(.rev16_text), (4 bytes).
    Removing system_stm32f4xx.o(.revsh_text), (4 bytes).
    Removing system_stm32f4xx.o(.rrx_text), (6 bytes).
    Removing system_stm32f4xx.o(i.SystemCoreClockUpdate), (120 bytes).
    Removing bsp_gpio.o(.rev16_text), (4 bytes).
    Removing bsp_gpio.o(.revsh_text), (4 bytes).
    Removing bsp_gpio.o(.rrx_text), (6 bytes).
    Removing bsp_usart.o(.rev16_text), (4 bytes).
    Removing bsp_usart.o(.revsh_text), (4 bytes).
    Removing bsp_usart.o(.rrx_text), (6 bytes).
    Removing bsp_usart.o(i.fputc), (20 bytes).
    Removing bsp_usart.o(.data), (4 bytes).
    Removing bsp_spi.o(.rev16_text), (4 bytes).
    Removing bsp_spi.o(.revsh_text), (4 bytes).
    Removing bsp_spi.o(.rrx_text), (6 bytes).
    Removing tftlcd.o(.rev16_text), (4 bytes).
    Removing tftlcd.o(.revsh_text), (4 bytes).
    Removing tftlcd.o(.rrx_text), (6 bytes).
    Removing tftlcd.o(i.LCD_DisplayOff), (16 bytes).
    Removing tftlcd.o(i.LCD_DisplayOn), (16 bytes).
    Removing tftlcd.o(i.LCD_DrawLine), (236 bytes).
    Removing tftlcd.o(i.LCD_DrawRectangle), (58 bytes).
    Removing tftlcd.o(i.LCD_Draw_Circle), (206 bytes).
    Removing tftlcd.o(i.LCD_Draw_ColorPoint), (22 bytes).
    Removing tftlcd.o(i.LCD_Draw_Point), (28 bytes).
    Removing tftlcd.o(i.LCD_Draw_Point1), (44 bytes).
    Removing tftlcd.o(i.LCD_Pow), (16 bytes).
    Removing tftlcd.o(i.LCD_ShowNum), (106 bytes).
    Removing tftlcd.o(i.LCD_Show_Image), (68 bytes).
    Removing tftlcd.o(i.LCD_ShowxNum), (114 bytes).

342 unused section(s) (total 27606 bytes) removed from the image.

==============================================================================

Image Symbol Table

    Local Symbols

    Symbol Name                              Value     Ov Type        Size  Object(Section)

    ../Core/Src/gpio.c                       0x00000000   Number         0  gpio.o ABSOLUTE
    ../Core/Src/main.c                       0x00000000   Number         0  main.o ABSOLUTE
    ../Core/Src/spi.c                        0x00000000   Number         0  spi.o ABSOLUTE
    ../Core/Src/stm32f4xx_hal_msp.c          0x00000000   Number         0  stm32f4xx_hal_msp.o ABSOLUTE
    ../Core/Src/stm32f4xx_it.c               0x00000000   Number         0  stm32f4xx_it.o ABSOLUTE
    ../Core/Src/system_stm32f4xx.c           0x00000000   Number         0  system_stm32f4xx.o ABSOLUTE
    ../Core/Src/usart.c                      0x00000000   Number         0  usart.o ABSOLUTE
    ../Drivers/STM32F4xx_HAL_Driver/Src/stm32f4xx_hal.c 0x00000000   Number         0  stm32f4xx_hal.o ABSOLUTE
    ../Drivers/STM32F4xx_HAL_Driver/Src/stm32f4xx_hal_cortex.c 0x00000000   Number         0  stm32f4xx_hal_cortex.o ABSOLUTE
    ../Drivers/STM32F4xx_HAL_Driver/Src/stm32f4xx_hal_dma.c 0x00000000   Number         0  stm32f4xx_hal_dma.o ABSOLUTE
    ../Drivers/STM32F4xx_HAL_Driver/Src/stm32f4xx_hal_dma_ex.c 0x00000000   Number         0  stm32f4xx_hal_dma_ex.o ABSOLUTE
    ../Drivers/STM32F4xx_HAL_Driver/Src/stm32f4xx_hal_exti.c 0x00000000   Number         0  stm32f4xx_hal_exti.o ABSOLUTE
    ../Drivers/STM32F4xx_HAL_Driver/Src/stm32f4xx_hal_flash.c 0x00000000   Number         0  stm32f4xx_hal_flash.o ABSOLUTE
    ../Drivers/STM32F4xx_HAL_Driver/Src/stm32f4xx_hal_flash_ex.c 0x00000000   Number         0  stm32f4xx_hal_flash_ex.o ABSOLUTE
    ../Drivers/STM32F4xx_HAL_Driver/Src/stm32f4xx_hal_flash_ramfunc.c 0x00000000   Number         0  stm32f4xx_hal_flash_ramfunc.o ABSOLUTE
    ../Drivers/STM32F4xx_HAL_Driver/Src/stm32f4xx_hal_gpio.c 0x00000000   Number         0  stm32f4xx_hal_gpio.o ABSOLUTE
    ../Drivers/STM32F4xx_HAL_Driver/Src/stm32f4xx_hal_pwr.c 0x00000000   Number         0  stm32f4xx_hal_pwr.o ABSOLUTE
    ../Drivers/STM32F4xx_HAL_Driver/Src/stm32f4xx_hal_pwr_ex.c 0x00000000   Number         0  stm32f4xx_hal_pwr_ex.o ABSOLUTE
    ../Drivers/STM32F4xx_HAL_Driver/Src/stm32f4xx_hal_rcc.c 0x00000000   Number         0  stm32f4xx_hal_rcc.o ABSOLUTE
    ../Drivers/STM32F4xx_HAL_Driver/Src/stm32f4xx_hal_rcc_ex.c 0x00000000   Number         0  stm32f4xx_hal_rcc_ex.o ABSOLUTE
    ../Drivers/STM32F4xx_HAL_Driver/Src/stm32f4xx_hal_spi.c 0x00000000   Number         0  stm32f4xx_hal_spi.o ABSOLUTE
    ../Drivers/STM32F4xx_HAL_Driver/Src/stm32f4xx_hal_tim.c 0x00000000   Number         0  stm32f4xx_hal_tim.o ABSOLUTE
    ../Drivers/STM32F4xx_HAL_Driver/Src/stm32f4xx_hal_tim_ex.c 0x00000000   Number         0  stm32f4xx_hal_tim_ex.o ABSOLUTE
    ../Drivers/STM32F4xx_HAL_Driver/Src/stm32f4xx_hal_uart.c 0x00000000   Number         0  stm32f4xx_hal_uart.o ABSOLUTE
    ../clib/angel/boardlib.s                 0x00000000   Number         0  boardinit1.o ABSOLUTE
    ../clib/angel/boardlib.s                 0x00000000   Number         0  boardshut.o ABSOLUTE
    ../clib/angel/boardlib.s                 0x00000000   Number         0  boardinit3.o ABSOLUTE
    ../clib/angel/boardlib.s                 0x00000000   Number         0  boardinit2.o ABSOLUTE
    ../clib/angel/handlers.s                 0x00000000   Number         0  __scatter_copy.o ABSOLUTE
    ../clib/angel/handlers.s                 0x00000000   Number         0  __scatter_zi.o ABSOLUTE
    ../clib/angel/kernel.s                   0x00000000   Number         0  rtexit.o ABSOLUTE
    ../clib/angel/kernel.s                   0x00000000   Number         0  __rtentry4.o ABSOLUTE
    ../clib/angel/kernel.s                   0x00000000   Number         0  rtexit2.o ABSOLUTE
    ../clib/angel/kernel.s                   0x00000000   Number         0  __rtentry2.o ABSOLUTE
    ../clib/angel/kernel.s                   0x00000000   Number         0  __rtentry.o ABSOLUTE
    ../clib/angel/rt.s                       0x00000000   Number         0  rt_div0.o ABSOLUTE
    ../clib/angel/rt.s                       0x00000000   Number         0  rt_raise.o ABSOLUTE
    ../clib/angel/rt.s                       0x00000000   Number         0  aeabi_ldiv0_sigfpe.o ABSOLUTE
    ../clib/angel/rt.s                       0x00000000   Number         0  aeabi_ldiv0.o ABSOLUTE
    ../clib/angel/scatter.s                  0x00000000   Number         0  __scatter.o ABSOLUTE
    ../clib/angel/startup.s                  0x00000000   Number         0  __main.o ABSOLUTE
    ../clib/angel/sys.s                      0x00000000   Number         0  libspace.o ABSOLUTE
    ../clib/angel/sys.s                      0x00000000   Number         0  indicate_semi.o ABSOLUTE
    ../clib/angel/sys.s                      0x00000000   Number         0  use_no_semi.o ABSOLUTE
    ../clib/angel/sys.s                      0x00000000   Number         0  sys_stackheap_outer.o ABSOLUTE
    ../clib/angel/sysapp.c                   0x00000000   Number         0  sys_command.o ABSOLUTE
    ../clib/angel/sysapp.c                   0x00000000   Number         0  sys_exit.o ABSOLUTE
    ../clib/angel/sysapp.c                   0x00000000   Number         0  sys_wrch.o ABSOLUTE
    ../clib/armsys.c                         0x00000000   Number         0  no_argv.o ABSOLUTE
    ../clib/armsys.c                         0x00000000   Number         0  _get_argv_nomalloc.o ABSOLUTE
    ../clib/armsys.c                         0x00000000   Number         0  argv_veneer.o ABSOLUTE
    ../clib/armsys.c                         0x00000000   Number         0  argv_veneer.o ABSOLUTE
    ../clib/heapalloc.c                      0x00000000   Number         0  hrguard.o ABSOLUTE
    ../clib/heapaux.c                        0x00000000   Number         0  heapauxi.o ABSOLUTE
    ../clib/libinit.s                        0x00000000   Number         0  libshutdown2.o ABSOLUTE
    ../clib/libinit.s                        0x00000000   Number         0  libshutdown.o ABSOLUTE
    ../clib/libinit.s                        0x00000000   Number         0  libinit2.o ABSOLUTE
    ../clib/libinit.s                        0x00000000   Number         0  libinit.o ABSOLUTE
    ../clib/longlong.s                       0x00000000   Number         0  lludivv7m.o ABSOLUTE
    ../clib/memcpset.s                       0x00000000   Number         0  rt_memclr_w.o ABSOLUTE
    ../clib/misc.s                           0x00000000   Number         0  printf_stubs.o ABSOLUTE
    ../clib/printf.c                         0x00000000   Number         0  __printf_flags_wp.o ABSOLUTE
    ../clib/printf.c                         0x00000000   Number         0  __printf_flags_ss.o ABSOLUTE
    ../clib/printf.c                         0x00000000   Number         0  __2sprintf.o ABSOLUTE
    ../clib/printf.c                         0x00000000   Number         0  _printf_char_common.o ABSOLUTE
    ../clib/printf.c                         0x00000000   Number         0  __printf_flags_ss_wp.o ABSOLUTE
    ../clib/printf.c                         0x00000000   Number         0  _printf_intcommon.o ABSOLUTE
    ../clib/printf.c                         0x00000000   Number         0  __printf_flags.o ABSOLUTE
    ../clib/printf.c                         0x00000000   Number         0  _sputc.o ABSOLUTE
    ../clib/printf.c                         0x00000000   Number         0  __printf_nopercent.o ABSOLUTE
    ../clib/printf.c                         0x00000000   Number         0  _printf_dec.o ABSOLUTE
    ../clib/printf.c                         0x00000000   Number         0  __printf_ss.o ABSOLUTE
    ../clib/printf.c                         0x00000000   Number         0  _printf_pad.o ABSOLUTE
    ../clib/printf.c                         0x00000000   Number         0  __printf_wp.o ABSOLUTE
    ../clib/printf.c                         0x00000000   Number         0  __printf_ss_wp.o ABSOLUTE
    ../clib/printf.c                         0x00000000   Number         0  __printf.o ABSOLUTE
    ../clib/printf.c                         0x00000000   Number         0  noretval__2sprintf.o ABSOLUTE
    ../clib/printf_percent.s                 0x00000000   Number         0  _printf_d.o ABSOLUTE
    ../clib/printf_percent.s                 0x00000000   Number         0  _printf_percent.o ABSOLUTE
    ../clib/printf_percent.s                 0x00000000   Number         0  _printf_percent_end.o ABSOLUTE
    ../clib/signal.c                         0x00000000   Number         0  defsig_rtmem_formal.o ABSOLUTE
    ../clib/signal.c                         0x00000000   Number         0  defsig_rtmem_outer.o ABSOLUTE
    ../clib/signal.c                         0x00000000   Number         0  defsig_rtmem_inner.o ABSOLUTE
    ../clib/signal.c                         0x00000000   Number         0  defsig_fpe_outer.o ABSOLUTE
    ../clib/signal.c                         0x00000000   Number         0  defsig_fpe_formal.o ABSOLUTE
    ../clib/signal.c                         0x00000000   Number         0  defsig_general.o ABSOLUTE
    ../clib/signal.c                         0x00000000   Number         0  defsig_stak_inner.o ABSOLUTE
    ../clib/signal.c                         0x00000000   Number         0  defsig_abrt_inner.o ABSOLUTE
    ../clib/signal.c                         0x00000000   Number         0  defsig_exit.o ABSOLUTE
    ../clib/signal.c                         0x00000000   Number         0  __raise.o ABSOLUTE
    ../clib/signal.c                         0x00000000   Number         0  defsig_pvfn_inner.o ABSOLUTE
    ../clib/signal.c                         0x00000000   Number         0  defsig_cppl_inner.o ABSOLUTE
    ../clib/signal.c                         0x00000000   Number         0  defsig_segv_inner.o ABSOLUTE
    ../clib/signal.c                         0x00000000   Number         0  defsig_other.o ABSOLUTE
    ../clib/signal.c                         0x00000000   Number         0  defsig_rtred_inner.o ABSOLUTE
    ../clib/signal.c                         0x00000000   Number         0  defsig_fpe_inner.o ABSOLUTE
    ../clib/signal.s                         0x00000000   Number         0  defsig.o ABSOLUTE
    ../clib/stdlib.c                         0x00000000   Number         0  exit.o ABSOLUTE
    ../fplib/fpinit.s                        0x00000000   Number         0  fpinit.o ABSOLUTE
    ..\Components\BSP\BSP_GPIO.c             0x00000000   Number         0  bsp_gpio.o ABSOLUTE
    ..\Components\BSP\BSP_SPI.c              0x00000000   Number         0  bsp_spi.o ABSOLUTE
    ..\Components\BSP\BSP_USART.c            0x00000000   Number         0  bsp_usart.o ABSOLUTE
    ..\Components\Devices\TFTLCD\tftlcd.c    0x00000000   Number         0  tftlcd.o ABSOLUTE
    ..\Core\Src\gpio.c                       0x00000000   Number         0  gpio.o ABSOLUTE
    ..\Core\Src\main.c                       0x00000000   Number         0  main.o ABSOLUTE
    ..\Core\Src\spi.c                        0x00000000   Number         0  spi.o ABSOLUTE
    ..\Core\Src\stm32f4xx_hal_msp.c          0x00000000   Number         0  stm32f4xx_hal_msp.o ABSOLUTE
    ..\Core\Src\stm32f4xx_it.c               0x00000000   Number         0  stm32f4xx_it.o ABSOLUTE
    ..\Core\Src\system_stm32f4xx.c           0x00000000   Number         0  system_stm32f4xx.o ABSOLUTE
    ..\Core\Src\usart.c                      0x00000000   Number         0  usart.o ABSOLUTE
    ..\Drivers\STM32F4xx_HAL_Driver\Src\stm32f4xx_hal.c 0x00000000   Number         0  stm32f4xx_hal.o ABSOLUTE
    ..\Drivers\STM32F4xx_HAL_Driver\Src\stm32f4xx_hal_cortex.c 0x00000000   Number         0  stm32f4xx_hal_cortex.o ABSOLUTE
    ..\Drivers\STM32F4xx_HAL_Driver\Src\stm32f4xx_hal_dma.c 0x00000000   Number         0  stm32f4xx_hal_dma.o ABSOLUTE
    ..\Drivers\STM32F4xx_HAL_Driver\Src\stm32f4xx_hal_dma_ex.c 0x00000000   Number         0  stm32f4xx_hal_dma_ex.o ABSOLUTE
    ..\Drivers\STM32F4xx_HAL_Driver\Src\stm32f4xx_hal_exti.c 0x00000000   Number         0  stm32f4xx_hal_exti.o ABSOLUTE
    ..\Drivers\STM32F4xx_HAL_Driver\Src\stm32f4xx_hal_flash.c 0x00000000   Number         0  stm32f4xx_hal_flash.o ABSOLUTE
    ..\Drivers\STM32F4xx_HAL_Driver\Src\stm32f4xx_hal_flash_ex.c 0x00000000   Number         0  stm32f4xx_hal_flash_ex.o ABSOLUTE
    ..\Drivers\STM32F4xx_HAL_Driver\Src\stm32f4xx_hal_flash_ramfunc.c 0x00000000   Number         0  stm32f4xx_hal_flash_ramfunc.o ABSOLUTE
    ..\Drivers\STM32F4xx_HAL_Driver\Src\stm32f4xx_hal_gpio.c 0x00000000   Number         0  stm32f4xx_hal_gpio.o ABSOLUTE
    ..\Drivers\STM32F4xx_HAL_Driver\Src\stm32f4xx_hal_pwr.c 0x00000000   Number         0  stm32f4xx_hal_pwr.o ABSOLUTE
    ..\Drivers\STM32F4xx_HAL_Driver\Src\stm32f4xx_hal_pwr_ex.c 0x00000000   Number         0  stm32f4xx_hal_pwr_ex.o ABSOLUTE
    ..\Drivers\STM32F4xx_HAL_Driver\Src\stm32f4xx_hal_rcc.c 0x00000000   Number         0  stm32f4xx_hal_rcc.o ABSOLUTE
    ..\Drivers\STM32F4xx_HAL_Driver\Src\stm32f4xx_hal_rcc_ex.c 0x00000000   Number         0  stm32f4xx_hal_rcc_ex.o ABSOLUTE
    ..\Drivers\STM32F4xx_HAL_Driver\Src\stm32f4xx_hal_spi.c 0x00000000   Number         0  stm32f4xx_hal_spi.o ABSOLUTE
    ..\Drivers\STM32F4xx_HAL_Driver\Src\stm32f4xx_hal_tim.c 0x00000000   Number         0  stm32f4xx_hal_tim.o ABSOLUTE
    ..\Drivers\STM32F4xx_HAL_Driver\Src\stm32f4xx_hal_tim_ex.c 0x00000000   Number         0  stm32f4xx_hal_tim_ex.o ABSOLUTE
    ..\Drivers\STM32F4xx_HAL_Driver\Src\stm32f4xx_hal_uart.c 0x00000000   Number         0  stm32f4xx_hal_uart.o ABSOLUTE
    ..\\Components\\BSP\\BSP_GPIO.c          0x00000000   Number         0  bsp_gpio.o ABSOLUTE
    ..\\Components\\BSP\\BSP_SPI.c           0x00000000   Number         0  bsp_spi.o ABSOLUTE
    ..\\Components\\BSP\\BSP_USART.c         0x00000000   Number         0  bsp_usart.o ABSOLUTE
    ..\\Components\\Devices\\TFTLCD\\tftlcd.c 0x00000000   Number         0  tftlcd.o ABSOLUTE
    dc.s                                     0x00000000   Number         0  dc.o ABSOLUTE
    startup_stm32f401xc.s                    0x00000000   Number         0  startup_stm32f401xc.o ABSOLUTE
    RESET                                    0x08000000   Section      404  startup_stm32f401xc.o(RESET)
    !!!main                                  0x08000194   Section        8  __main.o(!!!main)
    !!!scatter                               0x0800019c   Section       52  __scatter.o(!!!scatter)
    !!handler_copy                           0x080001d0   Section       26  __scatter_copy.o(!!handler_copy)
    !!handler_zi                             0x080001ec   Section       28  __scatter_zi.o(!!handler_zi)
    .ARM.Collect$$_printf_percent$$00000000  0x08000208   Section        0  _printf_percent.o(.ARM.Collect$$_printf_percent$$00000000)
    .ARM.Collect$$_printf_percent$$00000009  0x08000208   Section        6  _printf_d.o(.ARM.Collect$$_printf_percent$$00000009)
    .ARM.Collect$$_printf_percent$$00000017  0x0800020e   Section        4  _printf_percent_end.o(.ARM.Collect$$_printf_percent$$00000017)
    .ARM.Collect$$libinit$$00000000          0x08000212   Section        2  libinit.o(.ARM.Collect$$libinit$$00000000)
    .ARM.Collect$$libinit$$00000001          0x08000214   Section        4  libinit2.o(.ARM.Collect$$libinit$$00000001)
    .ARM.Collect$$libinit$$00000004          0x08000218   Section        0  libinit2.o(.ARM.Collect$$libinit$$00000004)
    .ARM.Collect$$libinit$$0000000A          0x08000218   Section        0  libinit2.o(.ARM.Collect$$libinit$$0000000A)
    .ARM.Collect$$libinit$$0000000C          0x08000218   Section        0  libinit2.o(.ARM.Collect$$libinit$$0000000C)
    .ARM.Collect$$libinit$$0000000E          0x08000218   Section        0  libinit2.o(.ARM.Collect$$libinit$$0000000E)
    .ARM.Collect$$libinit$$00000011          0x08000218   Section        0  libinit2.o(.ARM.Collect$$libinit$$00000011)
    .ARM.Collect$$libinit$$00000013          0x08000218   Section        0  libinit2.o(.ARM.Collect$$libinit$$00000013)
    .ARM.Collect$$libinit$$00000015          0x08000218   Section        0  libinit2.o(.ARM.Collect$$libinit$$00000015)
    .ARM.Collect$$libinit$$00000017          0x08000218   Section        0  libinit2.o(.ARM.Collect$$libinit$$00000017)
    .ARM.Collect$$libinit$$00000019          0x08000218   Section        0  libinit2.o(.ARM.Collect$$libinit$$00000019)
    .ARM.Collect$$libinit$$0000001B          0x08000218   Section        0  libinit2.o(.ARM.Collect$$libinit$$0000001B)
    .ARM.Collect$$libinit$$0000001D          0x08000218   Section        0  libinit2.o(.ARM.Collect$$libinit$$0000001D)
    .ARM.Collect$$libinit$$0000001F          0x08000218   Section        0  libinit2.o(.ARM.Collect$$libinit$$0000001F)
    .ARM.Collect$$libinit$$00000021          0x08000218   Section        0  libinit2.o(.ARM.Collect$$libinit$$00000021)
    .ARM.Collect$$libinit$$00000023          0x08000218   Section        0  libinit2.o(.ARM.Collect$$libinit$$00000023)
    .ARM.Collect$$libinit$$00000025          0x08000218   Section        0  libinit2.o(.ARM.Collect$$libinit$$00000025)
    .ARM.Collect$$libinit$$0000002C          0x08000218   Section        0  libinit2.o(.ARM.Collect$$libinit$$0000002C)
    .ARM.Collect$$libinit$$0000002E          0x08000218   Section        0  libinit2.o(.ARM.Collect$$libinit$$0000002E)
    .ARM.Collect$$libinit$$00000030          0x08000218   Section        0  libinit2.o(.ARM.Collect$$libinit$$00000030)
    .ARM.Collect$$libinit$$00000032          0x08000218   Section        0  libinit2.o(.ARM.Collect$$libinit$$00000032)
    .ARM.Collect$$libinit$$00000033          0x08000218   Section        2  libinit2.o(.ARM.Collect$$libinit$$00000033)
    .ARM.Collect$$libshutdown$$00000000      0x0800021a   Section        2  libshutdown.o(.ARM.Collect$$libshutdown$$00000000)
    .ARM.Collect$$libshutdown$$00000002      0x0800021c   Section        0  libshutdown2.o(.ARM.Collect$$libshutdown$$00000002)
    .ARM.Collect$$libshutdown$$00000004      0x0800021c   Section        0  libshutdown2.o(.ARM.Collect$$libshutdown$$00000004)
    .ARM.Collect$$libshutdown$$00000006      0x0800021c   Section        0  libshutdown2.o(.ARM.Collect$$libshutdown$$00000006)
    .ARM.Collect$$libshutdown$$00000009      0x0800021c   Section        0  libshutdown2.o(.ARM.Collect$$libshutdown$$00000009)
    .ARM.Collect$$libshutdown$$0000000C      0x0800021c   Section        0  libshutdown2.o(.ARM.Collect$$libshutdown$$0000000C)
    .ARM.Collect$$libshutdown$$0000000E      0x0800021c   Section        0  libshutdown2.o(.ARM.Collect$$libshutdown$$0000000E)
    .ARM.Collect$$libshutdown$$00000011      0x0800021c   Section        0  libshutdown2.o(.ARM.Collect$$libshutdown$$00000011)
    .ARM.Collect$$libshutdown$$00000012      0x0800021c   Section        2  libshutdown2.o(.ARM.Collect$$libshutdown$$00000012)
    .ARM.Collect$$rtentry$$00000000          0x0800021e   Section        0  __rtentry.o(.ARM.Collect$$rtentry$$00000000)
    .ARM.Collect$$rtentry$$00000002          0x0800021e   Section        0  __rtentry2.o(.ARM.Collect$$rtentry$$00000002)
    .ARM.Collect$$rtentry$$00000004          0x0800021e   Section        6  __rtentry4.o(.ARM.Collect$$rtentry$$00000004)
    .ARM.Collect$$rtentry$$00000009          0x08000224   Section        0  __rtentry2.o(.ARM.Collect$$rtentry$$00000009)
    .ARM.Collect$$rtentry$$0000000A          0x08000224   Section        4  __rtentry2.o(.ARM.Collect$$rtentry$$0000000A)
    .ARM.Collect$$rtentry$$0000000C          0x08000228   Section        0  __rtentry2.o(.ARM.Collect$$rtentry$$0000000C)
    .ARM.Collect$$rtentry$$0000000D          0x08000228   Section        8  __rtentry2.o(.ARM.Collect$$rtentry$$0000000D)
    .ARM.Collect$$rtexit$$00000000           0x08000230   Section        2  rtexit.o(.ARM.Collect$$rtexit$$00000000)
    .ARM.Collect$$rtexit$$00000002           0x08000232   Section        0  rtexit2.o(.ARM.Collect$$rtexit$$00000002)
    .ARM.Collect$$rtexit$$00000003           0x08000232   Section        4  rtexit2.o(.ARM.Collect$$rtexit$$00000003)
    .ARM.Collect$$rtexit$$00000004           0x08000236   Section        6  rtexit2.o(.ARM.Collect$$rtexit$$00000004)
    .text                                    0x0800023c   Section       64  startup_stm32f401xc.o(.text)
    $v0                                      0x0800023c   Number         0  startup_stm32f401xc.o(.text)
    .text                                    0x0800027c   Section      238  lludivv7m.o(.text)
    .text                                    0x0800036c   Section        0  noretval__2sprintf.o(.text)
    .text                                    0x08000394   Section        0  _printf_pad.o(.text)
    .text                                    0x080003e4   Section        0  _printf_dec.o(.text)
    .text                                    0x0800045c   Section        0  __printf_wp.o(.text)
    .text                                    0x0800056a   Section       78  rt_memclr_w.o(.text)
    .text                                    0x080005b8   Section        0  heapauxi.o(.text)
    .text                                    0x080005be   Section        0  _printf_intcommon.o(.text)
    .text                                    0x08000670   Section        0  _printf_char_common.o(.text)
    _printf_input_char                       0x08000671   Thumb Code    10  _printf_char_common.o(.text)
    .text                                    0x080006a0   Section        0  _sputc.o(.text)
    .text                                    0x080006aa   Section       74  sys_stackheap_outer.o(.text)
    .text                                    0x080006f4   Section        0  exit.o(.text)
    .text                                    0x08000708   Section        8  libspace.o(.text)
    .text                                    0x08000710   Section        0  sys_exit.o(.text)
    .text                                    0x0800071c   Section        2  use_no_semi.o(.text)
    .text                                    0x0800071e   Section        0  indicate_semi.o(.text)
    i.BusFault_Handler                       0x0800071e   Section        0  stm32f4xx_it.o(i.BusFault_Handler)
    i.DebugMon_Handler                       0x08000720   Section        0  stm32f4xx_it.o(i.DebugMon_Handler)
    i.Error_Handler                          0x08000722   Section        0  main.o(i.Error_Handler)
    i.HAL_DMA_Abort                          0x08000726   Section        0  stm32f4xx_hal_dma.o(i.HAL_DMA_Abort)
    i.HAL_DMA_Abort_IT                       0x080007b8   Section        0  stm32f4xx_hal_dma.o(i.HAL_DMA_Abort_IT)
    i.HAL_Delay                              0x080007dc   Section        0  stm32f4xx_hal.o(i.HAL_Delay)
    i.HAL_GPIO_Init                          0x08000800   Section        0  stm32f4xx_hal_gpio.o(i.HAL_GPIO_Init)
    i.HAL_GPIO_WritePin                      0x08000ab4   Section        0  stm32f4xx_hal_gpio.o(i.HAL_GPIO_WritePin)
    i.HAL_GetTick                            0x08000b20   Section        0  stm32f4xx_hal.o(i.HAL_GetTick)
    i.HAL_IncTick                            0x08000b2c   Section        0  stm32f4xx_hal.o(i.HAL_IncTick)
    i.HAL_Init                               0x08000b3c   Section        0  stm32f4xx_hal.o(i.HAL_Init)
    i.HAL_InitTick                           0x08000b70   Section        0  stm32f4xx_hal.o(i.HAL_InitTick)
    i.HAL_MspInit                            0x08000bb0   Section        0  stm32f4xx_hal_msp.o(i.HAL_MspInit)
    i.HAL_NVIC_EnableIRQ                     0x08000be0   Section        0  stm32f4xx_hal_cortex.o(i.HAL_NVIC_EnableIRQ)
    i.HAL_NVIC_SetPriority                   0x08000c44   Section        0  stm32f4xx_hal_cortex.o(i.HAL_NVIC_SetPriority)
    i.HAL_NVIC_SetPriorityGrouping           0x08000ce4   Section        0  stm32f4xx_hal_cortex.o(i.HAL_NVIC_SetPriorityGrouping)
    i.HAL_RCC_ClockConfig                    0x08000d64   Section        0  stm32f4xx_hal_rcc.o(i.HAL_RCC_ClockConfig)
    i.HAL_RCC_GetPCLK1Freq                   0x08000fb0   Section        0  stm32f4xx_hal_rcc.o(i.HAL_RCC_GetPCLK1Freq)
    i.HAL_RCC_GetPCLK2Freq                   0x08000fd0   Section        0  stm32f4xx_hal_rcc.o(i.HAL_RCC_GetPCLK2Freq)
    i.HAL_RCC_GetSysClockFreq                0x08000ff0   Section        0  stm32f4xx_hal_rcc.o(i.HAL_RCC_GetSysClockFreq)
    i.HAL_RCC_OscConfig                      0x08001050   Section        0  stm32f4xx_hal_rcc.o(i.HAL_RCC_OscConfig)
    i.HAL_SPI_Init                           0x080014f8   Section        0  stm32f4xx_hal_spi.o(i.HAL_SPI_Init)
    i.HAL_SPI_MspInit                        0x0800174c   Section        0  spi.o(i.HAL_SPI_MspInit)
    i.HAL_SPI_Transmit                       0x080017b4   Section        0  stm32f4xx_hal_spi.o(i.HAL_SPI_Transmit)
    i.HAL_SYSTICK_Config                     0x08001968   Section        0  stm32f4xx_hal_cortex.o(i.HAL_SYSTICK_Config)
    i.HAL_UARTEx_RxEventCallback             0x08001990   Section        0  stm32f4xx_hal_uart.o(i.HAL_UARTEx_RxEventCallback)
    i.HAL_UART_ErrorCallback                 0x08001992   Section        0  stm32f4xx_hal_uart.o(i.HAL_UART_ErrorCallback)
    i.HAL_UART_IRQHandler                    0x08001994   Section        0  stm32f4xx_hal_uart.o(i.HAL_UART_IRQHandler)
    i.HAL_UART_Init                          0x08001bfc   Section        0  stm32f4xx_hal_uart.o(i.HAL_UART_Init)
    i.HAL_UART_MspInit                       0x08001d24   Section        0  usart.o(i.HAL_UART_MspInit)
    i.HAL_UART_Receive_IT                    0x08001da0   Section        0  stm32f4xx_hal_uart.o(i.HAL_UART_Receive_IT)
    i.HAL_UART_RxCpltCallback                0x08001dcc   Section        0  bsp_usart.o(i.HAL_UART_RxCpltCallback)
    i.HAL_UART_Transmit                      0x08001e00   Section        0  stm32f4xx_hal_uart.o(i.HAL_UART_Transmit)
    i.HAL_UART_TxCpltCallback                0x08001eb2   Section        0  stm32f4xx_hal_uart.o(i.HAL_UART_TxCpltCallback)
    i.HardFault_Handler                      0x08001eb4   Section        0  stm32f4xx_it.o(i.HardFault_Handler)
    i.LCD_Address_Set                        0x08001eb6   Section        0  tftlcd.o(i.LCD_Address_Set)
    i.LCD_Clear                              0x08001ef4   Section        0  tftlcd.o(i.LCD_Clear)
    i.LCD_Fill                               0x08001f08   Section        0  tftlcd.o(i.LCD_Fill)
    i.LCD_Init                               0x08001f88   Section        0  tftlcd.o(i.LCD_Init)
    i.LCD_SPI_Send                           0x08002188   Section        0  tftlcd.o(i.LCD_SPI_Send)
    LCD_SPI_Send                             0x08002189   Thumb Code     4  tftlcd.o(i.LCD_SPI_Send)
    i.LCD_ShowChar                           0x0800218c   Section        0  tftlcd.o(i.LCD_ShowChar)
    i.LCD_ShowString                         0x080022c8   Section        0  tftlcd.o(i.LCD_ShowString)
    i.LCD_Write_Cmd                          0x08002314   Section        0  tftlcd.o(i.LCD_Write_Cmd)
    LCD_Write_Cmd                            0x08002315   Thumb Code    22  tftlcd.o(i.LCD_Write_Cmd)
    i.LCD_Write_Data                         0x08002330   Section        0  tftlcd.o(i.LCD_Write_Data)
    LCD_Write_Data                           0x08002331   Thumb Code    22  tftlcd.o(i.LCD_Write_Data)
    i.LCD_Write_HalfWord                     0x0800234c   Section        0  tftlcd.o(i.LCD_Write_HalfWord)
    i.MX_GPIO_Init                           0x08002374   Section        0  gpio.o(i.MX_GPIO_Init)
    i.MX_SPI1_Init                           0x08002428   Section        0  spi.o(i.MX_SPI1_Init)
    i.MX_USART1_UART_Init                    0x08002474   Section        0  usart.o(i.MX_USART1_UART_Init)
    i.MemManage_Handler                      0x080024ac   Section        0  stm32f4xx_it.o(i.MemManage_Handler)
    i.NMI_Handler                            0x080024ae   Section        0  stm32f4xx_it.o(i.NMI_Handler)
    i.PendSV_Handler                         0x080024b0   Section        0  stm32f4xx_it.o(i.PendSV_Handler)
    i.SPI1_WriteData                         0x080024b4   Section        0  bsp_spi.o(i.SPI1_WriteData)
    i.SPI_EndRxTxTransaction                 0x080024c8   Section        0  stm32f4xx_hal_spi.o(i.SPI_EndRxTxTransaction)
    SPI_EndRxTxTransaction                   0x080024c9   Thumb Code    80  stm32f4xx_hal_spi.o(i.SPI_EndRxTxTransaction)
    i.SPI_WaitFlagStateUntilTimeout          0x08002520   Section        0  stm32f4xx_hal_spi.o(i.SPI_WaitFlagStateUntilTimeout)
    SPI_WaitFlagStateUntilTimeout            0x08002521   Thumb Code   180  stm32f4xx_hal_spi.o(i.SPI_WaitFlagStateUntilTimeout)
    i.SVC_Handler                            0x080025d8   Section        0  stm32f4xx_it.o(i.SVC_Handler)
    i.SysTick_Handler                        0x080025da   Section        0  stm32f4xx_it.o(i.SysTick_Handler)
    i.SystemClock_Config                     0x080025e0   Section        0  main.o(i.SystemClock_Config)
    i.SystemInit                             0x08002674   Section        0  system_stm32f4xx.o(i.SystemInit)
    i.UART_DMAAbortOnError                   0x08002684   Section        0  stm32f4xx_hal_uart.o(i.UART_DMAAbortOnError)
    UART_DMAAbortOnError                     0x08002685   Thumb Code    16  stm32f4xx_hal_uart.o(i.UART_DMAAbortOnError)
    i.UART_EndRxTransfer                     0x08002694   Section        0  stm32f4xx_hal_uart.o(i.UART_EndRxTransfer)
    UART_EndRxTransfer                       0x08002695   Thumb Code    78  stm32f4xx_hal_uart.o(i.UART_EndRxTransfer)
    i.UART_Receive_IT                        0x080026e2   Section        0  stm32f4xx_hal_uart.o(i.UART_Receive_IT)
    UART_Receive_IT                          0x080026e3   Thumb Code   192  stm32f4xx_hal_uart.o(i.UART_Receive_IT)
    i.UART_SetConfig                         0x080027a4   Section        0  stm32f4xx_hal_uart.o(i.UART_SetConfig)
    UART_SetConfig                           0x080027a5   Thumb Code   344  stm32f4xx_hal_uart.o(i.UART_SetConfig)
    i.UART_Start_Receive_IT                  0x08002944   Section        0  stm32f4xx_hal_uart.o(i.UART_Start_Receive_IT)
    i.UART_WaitOnFlagUntilTimeout            0x0800297e   Section        0  stm32f4xx_hal_uart.o(i.UART_WaitOnFlagUntilTimeout)
    UART_WaitOnFlagUntilTimeout              0x0800297f   Thumb Code   120  stm32f4xx_hal_uart.o(i.UART_WaitOnFlagUntilTimeout)
    i.USART1_IRQHandler                      0x080029f8   Section        0  stm32f4xx_it.o(i.USART1_IRQHandler)
    i.UsageFault_Handler                     0x08002a04   Section        0  stm32f4xx_it.o(i.UsageFault_Handler)
    i.__NVIC_SetPriority                     0x08002a06   Section        0  stm32f4xx_hal_cortex.o(i.__NVIC_SetPriority)
    __NVIC_SetPriority                       0x08002a07   Thumb Code    32  stm32f4xx_hal_cortex.o(i.__NVIC_SetPriority)
    i._is_digit                              0x08002a26   Section        0  __printf_wp.o(i._is_digit)
    i.assert_failed                          0x08002a34   Section        0  main.o(i.assert_failed)
    i.main                                   0x08002a38   Section        0  main.o(i.main)
    x$fpl$fpinit                             0x08002bc8   Section       10  fpinit.o(x$fpl$fpinit)
    $v0                                      0x08002bc8   Number         0  fpinit.o(x$fpl$fpinit)
    .constdata                               0x08002bd2   Section       16  system_stm32f4xx.o(.constdata)
    .constdata                               0x08002be2   Section        8  system_stm32f4xx.o(.constdata)
    .constdata                               0x08002bea   Section    19380  tftlcd.o(.constdata)
    .data                                    0x20000000   Section        1  main.o(.data)
    .data                                    0x20000004   Section       12  stm32f4xx_hal.o(.data)
    .data                                    0x20000010   Section        4  system_stm32f4xx.o(.data)
    .data                                    0x20000014   Section        1  bsp_usart.o(.data)
    .data                                    0x20000016   Section        4  tftlcd.o(.data)
    .bss                                     0x2000001c   Section       50  main.o(.bss)
    .bss                                     0x20000050   Section       88  spi.o(.bss)
    .bss                                     0x200000a8   Section       68  usart.o(.bss)
    .bss                                     0x200000ec   Section     1152  tftlcd.o(.bss)
    lcd_buf                                  0x200000ec   Data        1152  tftlcd.o(.bss)
    .bss                                     0x2000056c   Section       96  libspace.o(.bss)
    HEAP                                     0x200005d0   Section      512  startup_stm32f401xc.o(HEAP)
    Heap_Mem                                 0x200005d0   Data         512  startup_stm32f401xc.o(HEAP)
    STACK                                    0x200007d0   Section     1024  startup_stm32f401xc.o(STACK)
    Stack_Mem                                0x200007d0   Data        1024  startup_stm32f401xc.o(STACK)
    __initial_sp                             0x20000bd0   Data           0  startup_stm32f401xc.o(STACK)

    Global Symbols

    Symbol Name                              Value     Ov Type        Size  Object(Section)

    BuildAttributes$$THM_ISAv4$E$P$D$K$B$S$7EM$VFPi3$EXTD16$VFPS$VFMA$PE$A:L22UL41UL21$X:L11$S22US41US21$IEEE1$IW$USESV6$~STKCKD$USESV7$~SHL$OSPACE$ROPI$EBA8$UX$STANDARDLIB$REQ8$PRES8$EABIv2 0x00000000   Number         0  anon$$obj.o ABSOLUTE
    __ARM_use_no_argv                        0x00000000   Number         0  main.o ABSOLUTE
    _printf_flags                            0x00000000   Number         0  printf_stubs.o ABSOLUTE
    _printf_return_value                     0x00000000   Number         0  printf_stubs.o ABSOLUTE
    _printf_sizespec                         0x00000000   Number         0  printf_stubs.o ABSOLUTE
    _printf_widthprec                        0x00000000   Number         0  printf_stubs.o ABSOLUTE
    __ARM_exceptions_init                     - Undefined Weak Reference
    __alloca_initialize                       - Undefined Weak Reference
    __arm_fini_                               - Undefined Weak Reference
    __arm_preinit_                            - Undefined Weak Reference
    __cpp_initialize__aeabi_                  - Undefined Weak Reference
    __cxa_finalize                            - Undefined Weak Reference
    __rt_locale                               - Undefined Weak Reference
    __sigvec_lookup                           - Undefined Weak Reference
    _atexit_init                              - Undefined Weak Reference
    _call_atexit_fns                          - Undefined Weak Reference
    _clock_init                               - Undefined Weak Reference
    _fp_trap_init                             - Undefined Weak Reference
    _fp_trap_shutdown                         - Undefined Weak Reference
    _get_lc_collate                           - Undefined Weak Reference
    _get_lc_ctype                             - Undefined Weak Reference
    _get_lc_monetary                          - Undefined Weak Reference
    _get_lc_numeric                           - Undefined Weak Reference
    _get_lc_time                              - Undefined Weak Reference
    _getenv_init                              - Undefined Weak Reference
    _handle_redirection                       - Undefined Weak Reference
    _init_alloc                               - Undefined Weak Reference
    _init_user_alloc                          - Undefined Weak Reference
    _initio                                   - Undefined Weak Reference
    _printf_truncate_signed                   - Undefined Weak Reference
    _printf_truncate_unsigned                 - Undefined Weak Reference
    _rand_init                                - Undefined Weak Reference
    _signal_finish                            - Undefined Weak Reference
    _signal_init                              - Undefined Weak Reference
    _terminate_alloc                          - Undefined Weak Reference
    _terminate_user_alloc                     - Undefined Weak Reference
    _terminateio                              - Undefined Weak Reference
    __Vectors_Size                           0x00000194   Number         0  startup_stm32f401xc.o ABSOLUTE
    __Vectors                                0x08000000   Data           4  startup_stm32f401xc.o(RESET)
    __Vectors_End                            0x08000194   Data           0  startup_stm32f401xc.o(RESET)
    __main                                   0x08000195   Thumb Code     8  __main.o(!!!main)
    __scatterload                            0x0800019d   Thumb Code     0  __scatter.o(!!!scatter)
    __scatterload_rt2                        0x0800019d   Thumb Code    44  __scatter.o(!!!scatter)
    __scatterload_rt2_thumb_only             0x0800019d   Thumb Code     0  __scatter.o(!!!scatter)
    __scatterload_null                       0x080001ab   Thumb Code     0  __scatter.o(!!!scatter)
    __scatterload_copy                       0x080001d1   Thumb Code    26  __scatter_copy.o(!!handler_copy)
    __scatterload_zeroinit                   0x080001ed   Thumb Code    28  __scatter_zi.o(!!handler_zi)
    _printf_d                                0x08000209   Thumb Code     0  _printf_d.o(.ARM.Collect$$_printf_percent$$00000009)
    _printf_percent                          0x08000209   Thumb Code     0  _printf_percent.o(.ARM.Collect$$_printf_percent$$00000000)
    _printf_percent_end                      0x0800020f   Thumb Code     0  _printf_percent_end.o(.ARM.Collect$$_printf_percent$$00000017)
    __rt_lib_init                            0x08000213   Thumb Code     0  libinit.o(.ARM.Collect$$libinit$$00000000)
    __rt_lib_init_fp_1                       0x08000215   Thumb Code     0  libinit2.o(.ARM.Collect$$libinit$$00000001)
    __rt_lib_init_alloca_1                   0x08000219   Thumb Code     0  libinit2.o(.ARM.Collect$$libinit$$0000002E)
    __rt_lib_init_argv_1                     0x08000219   Thumb Code     0  libinit2.o(.ARM.Collect$$libinit$$0000002C)
    __rt_lib_init_atexit_1                   0x08000219   Thumb Code     0  libinit2.o(.ARM.Collect$$libinit$$0000001B)
    __rt_lib_init_clock_1                    0x08000219   Thumb Code     0  libinit2.o(.ARM.Collect$$libinit$$00000021)
    __rt_lib_init_cpp_1                      0x08000219   Thumb Code     0  libinit2.o(.ARM.Collect$$libinit$$00000032)
    __rt_lib_init_exceptions_1               0x08000219   Thumb Code     0  libinit2.o(.ARM.Collect$$libinit$$00000030)
    __rt_lib_init_fp_trap_1                  0x08000219   Thumb Code     0  libinit2.o(.ARM.Collect$$libinit$$0000001F)
    __rt_lib_init_getenv_1                   0x08000219   Thumb Code     0  libinit2.o(.ARM.Collect$$libinit$$00000023)
    __rt_lib_init_heap_1                     0x08000219   Thumb Code     0  libinit2.o(.ARM.Collect$$libinit$$0000000A)
    __rt_lib_init_lc_collate_1               0x08000219   Thumb Code     0  libinit2.o(.ARM.Collect$$libinit$$00000011)
    __rt_lib_init_lc_ctype_1                 0x08000219   Thumb Code     0  libinit2.o(.ARM.Collect$$libinit$$00000013)
    __rt_lib_init_lc_monetary_1              0x08000219   Thumb Code     0  libinit2.o(.ARM.Collect$$libinit$$00000015)
    __rt_lib_init_lc_numeric_1               0x08000219   Thumb Code     0  libinit2.o(.ARM.Collect$$libinit$$00000017)
    __rt_lib_init_lc_time_1                  0x08000219   Thumb Code     0  libinit2.o(.ARM.Collect$$libinit$$00000019)
    __rt_lib_init_preinit_1                  0x08000219   Thumb Code     0  libinit2.o(.ARM.Collect$$libinit$$00000004)
    __rt_lib_init_rand_1                     0x08000219   Thumb Code     0  libinit2.o(.ARM.Collect$$libinit$$0000000E)
    __rt_lib_init_return                     0x08000219   Thumb Code     0  libinit2.o(.ARM.Collect$$libinit$$00000033)
    __rt_lib_init_signal_1                   0x08000219   Thumb Code     0  libinit2.o(.ARM.Collect$$libinit$$0000001D)
    __rt_lib_init_stdio_1                    0x08000219   Thumb Code     0  libinit2.o(.ARM.Collect$$libinit$$00000025)
    __rt_lib_init_user_alloc_1               0x08000219   Thumb Code     0  libinit2.o(.ARM.Collect$$libinit$$0000000C)
    __rt_lib_shutdown                        0x0800021b   Thumb Code     0  libshutdown.o(.ARM.Collect$$libshutdown$$00000000)
    __rt_lib_shutdown_cpp_1                  0x0800021d   Thumb Code     0  libshutdown2.o(.ARM.Collect$$libshutdown$$00000004)
    __rt_lib_shutdown_fini_1                 0x0800021d   Thumb Code     0  libshutdown2.o(.ARM.Collect$$libshutdown$$00000002)
    __rt_lib_shutdown_fp_trap_1              0x0800021d   Thumb Code     0  libshutdown2.o(.ARM.Collect$$libshutdown$$00000009)
    __rt_lib_shutdown_heap_1                 0x0800021d   Thumb Code     0  libshutdown2.o(.ARM.Collect$$libshutdown$$00000011)
    __rt_lib_shutdown_return                 0x0800021d   Thumb Code     0  libshutdown2.o(.ARM.Collect$$libshutdown$$00000012)
    __rt_lib_shutdown_signal_1               0x0800021d   Thumb Code     0  libshutdown2.o(.ARM.Collect$$libshutdown$$0000000C)
    __rt_lib_shutdown_stdio_1                0x0800021d   Thumb Code     0  libshutdown2.o(.ARM.Collect$$libshutdown$$00000006)
    __rt_lib_shutdown_user_alloc_1           0x0800021d   Thumb Code     0  libshutdown2.o(.ARM.Collect$$libshutdown$$0000000E)
    __rt_entry                               0x0800021f   Thumb Code     0  __rtentry.o(.ARM.Collect$$rtentry$$00000000)
    __rt_entry_presh_1                       0x0800021f   Thumb Code     0  __rtentry2.o(.ARM.Collect$$rtentry$$00000002)
    __rt_entry_sh                            0x0800021f   Thumb Code     0  __rtentry4.o(.ARM.Collect$$rtentry$$00000004)
    __rt_entry_li                            0x08000225   Thumb Code     0  __rtentry2.o(.ARM.Collect$$rtentry$$0000000A)
    __rt_entry_postsh_1                      0x08000225   Thumb Code     0  __rtentry2.o(.ARM.Collect$$rtentry$$00000009)
    __rt_entry_main                          0x08000229   Thumb Code     0  __rtentry2.o(.ARM.Collect$$rtentry$$0000000D)
    __rt_entry_postli_1                      0x08000229   Thumb Code     0  __rtentry2.o(.ARM.Collect$$rtentry$$0000000C)
    __rt_exit                                0x08000231   Thumb Code     0  rtexit.o(.ARM.Collect$$rtexit$$00000000)
    __rt_exit_ls                             0x08000233   Thumb Code     0  rtexit2.o(.ARM.Collect$$rtexit$$00000003)
    __rt_exit_prels_1                        0x08000233   Thumb Code     0  rtexit2.o(.ARM.Collect$$rtexit$$00000002)
    __rt_exit_exit                           0x08000237   Thumb Code     0  rtexit2.o(.ARM.Collect$$rtexit$$00000004)
    Reset_Handler                            0x0800023d   Thumb Code     8  startup_stm32f401xc.o(.text)
    ADC_IRQHandler                           0x08000257   Thumb Code     0  startup_stm32f401xc.o(.text)
    DMA1_Stream0_IRQHandler                  0x08000257   Thumb Code     0  startup_stm32f401xc.o(.text)
    DMA1_Stream1_IRQHandler                  0x08000257   Thumb Code     0  startup_stm32f401xc.o(.text)
    DMA1_Stream2_IRQHandler                  0x08000257   Thumb Code     0  startup_stm32f401xc.o(.text)
    DMA1_Stream3_IRQHandler                  0x08000257   Thumb Code     0  startup_stm32f401xc.o(.text)
    DMA1_Stream4_IRQHandler                  0x08000257   Thumb Code     0  startup_stm32f401xc.o(.text)
    DMA1_Stream5_IRQHandler                  0x08000257   Thumb Code     0  startup_stm32f401xc.o(.text)
    DMA1_Stream6_IRQHandler                  0x08000257   Thumb Code     0  startup_stm32f401xc.o(.text)
    DMA1_Stream7_IRQHandler                  0x08000257   Thumb Code     0  startup_stm32f401xc.o(.text)
    DMA2_Stream0_IRQHandler                  0x08000257   Thumb Code     0  startup_stm32f401xc.o(.text)
    DMA2_Stream1_IRQHandler                  0x08000257   Thumb Code     0  startup_stm32f401xc.o(.text)
    DMA2_Stream2_IRQHandler                  0x08000257   Thumb Code     0  startup_stm32f401xc.o(.text)
    DMA2_Stream3_IRQHandler                  0x08000257   Thumb Code     0  startup_stm32f401xc.o(.text)
    DMA2_Stream4_IRQHandler                  0x08000257   Thumb Code     0  startup_stm32f401xc.o(.text)
    DMA2_Stream5_IRQHandler                  0x08000257   Thumb Code     0  startup_stm32f401xc.o(.text)
    DMA2_Stream6_IRQHandler                  0x08000257   Thumb Code     0  startup_stm32f401xc.o(.text)
    DMA2_Stream7_IRQHandler                  0x08000257   Thumb Code     0  startup_stm32f401xc.o(.text)
    EXTI0_IRQHandler                         0x08000257   Thumb Code     0  startup_stm32f401xc.o(.text)
    EXTI15_10_IRQHandler                     0x08000257   Thumb Code     0  startup_stm32f401xc.o(.text)
    EXTI1_IRQHandler                         0x08000257   Thumb Code     0  startup_stm32f401xc.o(.text)
    EXTI2_IRQHandler                         0x08000257   Thumb Code     0  startup_stm32f401xc.o(.text)
    EXTI3_IRQHandler                         0x08000257   Thumb Code     0  startup_stm32f401xc.o(.text)
    EXTI4_IRQHandler                         0x08000257   Thumb Code     0  startup_stm32f401xc.o(.text)
    EXTI9_5_IRQHandler                       0x08000257   Thumb Code     0  startup_stm32f401xc.o(.text)
    FLASH_IRQHandler                         0x08000257   Thumb Code     0  startup_stm32f401xc.o(.text)
    FPU_IRQHandler                           0x08000257   Thumb Code     0  startup_stm32f401xc.o(.text)
    I2C1_ER_IRQHandler                       0x08000257   Thumb Code     0  startup_stm32f401xc.o(.text)
    I2C1_EV_IRQHandler                       0x08000257   Thumb Code     0  startup_stm32f401xc.o(.text)
    I2C2_ER_IRQHandler                       0x08000257   Thumb Code     0  startup_stm32f401xc.o(.text)
    I2C2_EV_IRQHandler                       0x08000257   Thumb Code     0  startup_stm32f401xc.o(.text)
    I2C3_ER_IRQHandler                       0x08000257   Thumb Code     0  startup_stm32f401xc.o(.text)
    I2C3_EV_IRQHandler                       0x08000257   Thumb Code     0  startup_stm32f401xc.o(.text)
    OTG_FS_IRQHandler                        0x08000257   Thumb Code     0  startup_stm32f401xc.o(.text)
    OTG_FS_WKUP_IRQHandler                   0x08000257   Thumb Code     0  startup_stm32f401xc.o(.text)
    PVD_IRQHandler                           0x08000257   Thumb Code     0  startup_stm32f401xc.o(.text)
    RCC_IRQHandler                           0x08000257   Thumb Code     0  startup_stm32f401xc.o(.text)
    RTC_Alarm_IRQHandler                     0x08000257   Thumb Code     0  startup_stm32f401xc.o(.text)
    RTC_WKUP_IRQHandler                      0x08000257   Thumb Code     0  startup_stm32f401xc.o(.text)
    SDIO_IRQHandler                          0x08000257   Thumb Code     0  startup_stm32f401xc.o(.text)
    SPI1_IRQHandler                          0x08000257   Thumb Code     0  startup_stm32f401xc.o(.text)
    SPI2_IRQHandler                          0x08000257   Thumb Code     0  startup_stm32f401xc.o(.text)
    SPI3_IRQHandler                          0x08000257   Thumb Code     0  startup_stm32f401xc.o(.text)
    SPI4_IRQHandler                          0x08000257   Thumb Code     0  startup_stm32f401xc.o(.text)
    TAMP_STAMP_IRQHandler                    0x08000257   Thumb Code     0  startup_stm32f401xc.o(.text)
    TIM1_BRK_TIM9_IRQHandler                 0x08000257   Thumb Code     0  startup_stm32f401xc.o(.text)
    TIM1_CC_IRQHandler                       0x08000257   Thumb Code     0  startup_stm32f401xc.o(.text)
    TIM1_TRG_COM_TIM11_IRQHandler            0x08000257   Thumb Code     0  startup_stm32f401xc.o(.text)
    TIM1_UP_TIM10_IRQHandler                 0x08000257   Thumb Code     0  startup_stm32f401xc.o(.text)
    TIM2_IRQHandler                          0x08000257   Thumb Code     0  startup_stm32f401xc.o(.text)
    TIM3_IRQHandler                          0x08000257   Thumb Code     0  startup_stm32f401xc.o(.text)
    TIM4_IRQHandler                          0x08000257   Thumb Code     0  startup_stm32f401xc.o(.text)
    TIM5_IRQHandler                          0x08000257   Thumb Code     0  startup_stm32f401xc.o(.text)
    USART2_IRQHandler                        0x08000257   Thumb Code     0  startup_stm32f401xc.o(.text)
    USART6_IRQHandler                        0x08000257   Thumb Code     0  startup_stm32f401xc.o(.text)
    WWDG_IRQHandler                          0x08000257   Thumb Code     0  startup_stm32f401xc.o(.text)
    __user_initial_stackheap                 0x08000259   Thumb Code     0  startup_stm32f401xc.o(.text)
    __aeabi_uldivmod                         0x0800027d   Thumb Code     0  lludivv7m.o(.text)
    _ll_udiv                                 0x0800027d   Thumb Code   238  lludivv7m.o(.text)
    __2sprintf                               0x0800036d   Thumb Code    34  noretval__2sprintf.o(.text)
    _printf_pre_padding                      0x08000395   Thumb Code    44  _printf_pad.o(.text)
    _printf_post_padding                     0x080003c1   Thumb Code    34  _printf_pad.o(.text)
    _printf_int_dec                          0x080003e5   Thumb Code   104  _printf_dec.o(.text)
    __printf                                 0x0800045d   Thumb Code   270  __printf_wp.o(.text)
    __aeabi_memclr4                          0x0800056b   Thumb Code     0  rt_memclr_w.o(.text)
    __aeabi_memclr8                          0x0800056b   Thumb Code     0  rt_memclr_w.o(.text)
    __rt_memclr_w                            0x0800056b   Thumb Code    78  rt_memclr_w.o(.text)
    _memset_w                                0x0800056f   Thumb Code     0  rt_memclr_w.o(.text)
    __use_two_region_memory                  0x080005b9   Thumb Code     2  heapauxi.o(.text)
    __rt_heap_escrow$2region                 0x080005bb   Thumb Code     2  heapauxi.o(.text)
    __rt_heap_expand$2region                 0x080005bd   Thumb Code     2  heapauxi.o(.text)
    _printf_int_common                       0x080005bf   Thumb Code   178  _printf_intcommon.o(.text)
    _printf_char_common                      0x0800067b   Thumb Code    32  _printf_char_common.o(.text)
    _sputc                                   0x080006a1   Thumb Code    10  _sputc.o(.text)
    __user_setup_stackheap                   0x080006ab   Thumb Code    74  sys_stackheap_outer.o(.text)
    exit                                     0x080006f5   Thumb Code    18  exit.o(.text)
    __user_libspace                          0x08000709   Thumb Code     8  libspace.o(.text)
    __user_perproc_libspace                  0x08000709   Thumb Code     0  libspace.o(.text)
    __user_perthread_libspace                0x08000709   Thumb Code     0  libspace.o(.text)
    _sys_exit                                0x08000711   Thumb Code     8  sys_exit.o(.text)
    __I$use$semihosting                      0x0800071d   Thumb Code     0  use_no_semi.o(.text)
    __use_no_semihosting_swi                 0x0800071d   Thumb Code     2  use_no_semi.o(.text)
    BusFault_Handler                         0x0800071f   Thumb Code     2  stm32f4xx_it.o(i.BusFault_Handler)
    __semihosting_library_function           0x0800071f   Thumb Code     0  indicate_semi.o(.text)
    DebugMon_Handler                         0x08000721   Thumb Code     2  stm32f4xx_it.o(i.DebugMon_Handler)
    Error_Handler                            0x08000723   Thumb Code     4  main.o(i.Error_Handler)
    HAL_DMA_Abort                            0x08000727   Thumb Code   146  stm32f4xx_hal_dma.o(i.HAL_DMA_Abort)
    HAL_DMA_Abort_IT                         0x080007b9   Thumb Code    36  stm32f4xx_hal_dma.o(i.HAL_DMA_Abort_IT)
    HAL_Delay                                0x080007dd   Thumb Code    32  stm32f4xx_hal.o(i.HAL_Delay)
    HAL_GPIO_Init                            0x08000801   Thumb Code   596  stm32f4xx_hal_gpio.o(i.HAL_GPIO_Init)
    HAL_GPIO_WritePin                        0x08000ab5   Thumb Code    46  stm32f4xx_hal_gpio.o(i.HAL_GPIO_WritePin)
    HAL_GetTick                              0x08000b21   Thumb Code     6  stm32f4xx_hal.o(i.HAL_GetTick)
    HAL_IncTick                              0x08000b2d   Thumb Code    12  stm32f4xx_hal.o(i.HAL_IncTick)
    HAL_Init                                 0x08000b3d   Thumb Code    48  stm32f4xx_hal.o(i.HAL_Init)
    HAL_InitTick                             0x08000b71   Thumb Code    54  stm32f4xx_hal.o(i.HAL_InitTick)
    HAL_MspInit                              0x08000bb1   Thumb Code    42  stm32f4xx_hal_msp.o(i.HAL_MspInit)
    HAL_NVIC_EnableIRQ                       0x08000be1   Thumb Code    40  stm32f4xx_hal_cortex.o(i.HAL_NVIC_EnableIRQ)
    HAL_NVIC_SetPriority                     0x08000c45   Thumb Code    94  stm32f4xx_hal_cortex.o(i.HAL_NVIC_SetPriority)
    HAL_NVIC_SetPriorityGrouping             0x08000ce5   Thumb Code    58  stm32f4xx_hal_cortex.o(i.HAL_NVIC_SetPriorityGrouping)
    HAL_RCC_ClockConfig                      0x08000d65   Thumb Code   512  stm32f4xx_hal_rcc.o(i.HAL_RCC_ClockConfig)
    HAL_RCC_GetPCLK1Freq                     0x08000fb1   Thumb Code    20  stm32f4xx_hal_rcc.o(i.HAL_RCC_GetPCLK1Freq)
    HAL_RCC_GetPCLK2Freq                     0x08000fd1   Thumb Code    20  stm32f4xx_hal_rcc.o(i.HAL_RCC_GetPCLK2Freq)
    HAL_RCC_GetSysClockFreq                  0x08000ff1   Thumb Code    88  stm32f4xx_hal_rcc.o(i.HAL_RCC_GetSysClockFreq)
    HAL_RCC_OscConfig                        0x08001051   Thumb Code  1192  stm32f4xx_hal_rcc.o(i.HAL_RCC_OscConfig)
    HAL_SPI_Init                             0x080014f9   Thumb Code   524  stm32f4xx_hal_spi.o(i.HAL_SPI_Init)
    HAL_SPI_MspInit                          0x0800174d   Thumb Code    92  spi.o(i.HAL_SPI_MspInit)
    HAL_SPI_Transmit                         0x080017b5   Thumb Code   380  stm32f4xx_hal_spi.o(i.HAL_SPI_Transmit)
    HAL_SYSTICK_Config                       0x08001969   Thumb Code    40  stm32f4xx_hal_cortex.o(i.HAL_SYSTICK_Config)
    HAL_UARTEx_RxEventCallback               0x08001991   Thumb Code     2  stm32f4xx_hal_uart.o(i.HAL_UARTEx_RxEventCallback)
    HAL_UART_ErrorCallback                   0x08001993   Thumb Code     2  stm32f4xx_hal_uart.o(i.HAL_UART_ErrorCallback)
    HAL_UART_IRQHandler                      0x08001995   Thumb Code   610  stm32f4xx_hal_uart.o(i.HAL_UART_IRQHandler)
    HAL_UART_Init                            0x08001bfd   Thumb Code   224  stm32f4xx_hal_uart.o(i.HAL_UART_Init)
    HAL_UART_MspInit                         0x08001d25   Thumb Code   110  usart.o(i.HAL_UART_MspInit)
    HAL_UART_Receive_IT                      0x08001da1   Thumb Code    42  stm32f4xx_hal_uart.o(i.HAL_UART_Receive_IT)
    HAL_UART_RxCpltCallback                  0x08001dcd   Thumb Code    40  bsp_usart.o(i.HAL_UART_RxCpltCallback)
    HAL_UART_Transmit                        0x08001e01   Thumb Code   178  stm32f4xx_hal_uart.o(i.HAL_UART_Transmit)
    HAL_UART_TxCpltCallback                  0x08001eb3   Thumb Code     2  stm32f4xx_hal_uart.o(i.HAL_UART_TxCpltCallback)
    HardFault_Handler                        0x08001eb5   Thumb Code     2  stm32f4xx_it.o(i.HardFault_Handler)
    LCD_Address_Set                          0x08001eb7   Thumb Code    62  tftlcd.o(i.LCD_Address_Set)
    LCD_Clear                                0x08001ef5   Thumb Code    18  tftlcd.o(i.LCD_Clear)
    LCD_Fill                                 0x08001f09   Thumb Code   118  tftlcd.o(i.LCD_Fill)
    LCD_Init                                 0x08001f89   Thumb Code   506  tftlcd.o(i.LCD_Init)
    LCD_ShowChar                             0x0800218d   Thumb Code   300  tftlcd.o(i.LCD_ShowChar)
    LCD_ShowString                           0x080022c9   Thumb Code    76  tftlcd.o(i.LCD_ShowString)
    LCD_Write_HalfWord                       0x0800234d   Thumb Code    36  tftlcd.o(i.LCD_Write_HalfWord)
    MX_GPIO_Init                             0x08002375   Thumb Code   166  gpio.o(i.MX_GPIO_Init)
    MX_SPI1_Init                             0x08002429   Thumb Code    68  spi.o(i.MX_SPI1_Init)
    MX_USART1_UART_Init                      0x08002475   Thumb Code    48  usart.o(i.MX_USART1_UART_Init)
    MemManage_Handler                        0x080024ad   Thumb Code     2  stm32f4xx_it.o(i.MemManage_Handler)
    NMI_Handler                              0x080024af   Thumb Code     2  stm32f4xx_it.o(i.NMI_Handler)
    PendSV_Handler                           0x080024b1   Thumb Code     2  stm32f4xx_it.o(i.PendSV_Handler)
    SPI1_WriteData                           0x080024b5   Thumb Code    14  bsp_spi.o(i.SPI1_WriteData)
    SVC_Handler                              0x080025d9   Thumb Code     2  stm32f4xx_it.o(i.SVC_Handler)
    SysTick_Handler                          0x080025db   Thumb Code     4  stm32f4xx_it.o(i.SysTick_Handler)
    SystemClock_Config                       0x080025e1   Thumb Code   138  main.o(i.SystemClock_Config)
    SystemInit                               0x08002675   Thumb Code    12  system_stm32f4xx.o(i.SystemInit)
    UART_Start_Receive_IT                    0x08002945   Thumb Code    58  stm32f4xx_hal_uart.o(i.UART_Start_Receive_IT)
    USART1_IRQHandler                        0x080029f9   Thumb Code     6  stm32f4xx_it.o(i.USART1_IRQHandler)
    UsageFault_Handler                       0x08002a05   Thumb Code     2  stm32f4xx_it.o(i.UsageFault_Handler)
    _is_digit                                0x08002a27   Thumb Code    14  __printf_wp.o(i._is_digit)
    assert_failed                            0x08002a35   Thumb Code     2  main.o(i.assert_failed)
    main                                     0x08002a39   Thumb Code   310  main.o(i.main)
    _fp_init                                 0x08002bc9   Thumb Code    10  fpinit.o(x$fpl$fpinit)
    __fplib_config_fpu_vfp                   0x08002bd1   Thumb Code     0  fpinit.o(x$fpl$fpinit)
    __fplib_config_pureend_doubles           0x08002bd1   Thumb Code     0  fpinit.o(x$fpl$fpinit)
    AHBPrescTable                            0x08002bd2   Data          16  system_stm32f4xx.o(.constdata)
    APBPrescTable                            0x08002be2   Data           8  system_stm32f4xx.o(.constdata)
    asc2_1206                                0x08002bea   Data        1140  tftlcd.o(.constdata)
    asc2_1608                                0x0800305e   Data        1520  tftlcd.o(.constdata)
    asc2_2412                                0x0800364e   Data        4560  tftlcd.o(.constdata)
    asc2_3216                                0x0800481e   Data       12160  tftlcd.o(.constdata)
    Region$$Table$$Base                      0x080077a0   Number         0  anon$$obj.o(Region$$Table)
    Region$$Table$$Limit                     0x080077c0   Number         0  anon$$obj.o(Region$$Table)
    t                                        0x20000000   Data           1  main.o(.data)
    uwTickFreq                               0x20000004   Data           1  stm32f4xx_hal.o(.data)
    uwTickPrio                               0x20000008   Data           4  stm32f4xx_hal.o(.data)
    uwTick                                   0x2000000c   Data           4  stm32f4xx_hal.o(.data)
    SystemCoreClock                          0x20000010   Data           4  system_stm32f4xx.o(.data)
    rx1_buf                                  0x20000014   Data           1  bsp_usart.o(.data)
    POINT_COLOR                              0x20000016   Data           2  tftlcd.o(.data)
    BACK_COLOR                               0x20000018   Data           2  tftlcd.o(.data)
    str                                      0x2000001c   Data          50  main.o(.bss)
    hspi1                                    0x20000050   Data          88  spi.o(.bss)
    huart1                                   0x200000a8   Data          68  usart.o(.bss)
    __libspace_start                         0x2000056c   Data          96  libspace.o(.bss)
    __temporary_stack_top$libspace           0x200005cc   Data           0  libspace.o(.bss)



==============================================================================

Memory Map of the image

  Image Entry point : 0x08000195

  Load Region LR_IROM1 (Base: 0x08000000, Size: 0x000077dc, Max: 0x00040000, ABSOLUTE)

    Execution Region ER_IROM1 (Exec base: 0x08000000, Load base: 0x08000000, Size: 0x000077c0, Max: 0x00040000, ABSOLUTE)

    Exec Addr    Load Addr    Size         Type   Attr      Idx    E Section Name        Object

    0x08000000   0x08000000   0x00000194   Data   RO            3    RESET               startup_stm32f401xc.o
    0x08000194   0x08000194   0x00000008   Code   RO         2636  * !!!main             c_w.l(__main.o)
    0x0800019c   0x0800019c   0x00000034   Code   RO         2814    !!!scatter          c_w.l(__scatter.o)
    0x080001d0   0x080001d0   0x0000001a   Code   RO         2816    !!handler_copy      c_w.l(__scatter_copy.o)
    0x080001ea   0x080001ea   0x00000002   PAD
    0x080001ec   0x080001ec   0x0000001c   Code   RO         2818    !!handler_zi        c_w.l(__scatter_zi.o)
    0x08000208   0x08000208   0x00000000   Code   RO         2631    .ARM.Collect$$_printf_percent$$00000000  c_w.l(_printf_percent.o)
    0x08000208   0x08000208   0x00000006   Code   RO         2630    .ARM.Collect$$_printf_percent$$00000009  c_w.l(_printf_d.o)
    0x0800020e   0x0800020e   0x00000004   Code   RO         2649    .ARM.Collect$$_printf_percent$$00000017  c_w.l(_printf_percent_end.o)
    0x08000212   0x08000212   0x00000002   Code   RO         2682    .ARM.Collect$$libinit$$00000000  c_w.l(libinit.o)
    0x08000214   0x08000214   0x00000004   Code   RO         2694    .ARM.Collect$$libinit$$00000001  c_w.l(libinit2.o)
    0x08000218   0x08000218   0x00000000   Code   RO         2697    .ARM.Collect$$libinit$$00000004  c_w.l(libinit2.o)
    0x08000218   0x08000218   0x00000000   Code   RO         2700    .ARM.Collect$$libinit$$0000000A  c_w.l(libinit2.o)
    0x08000218   0x08000218   0x00000000   Code   RO         2702    .ARM.Collect$$libinit$$0000000C  c_w.l(libinit2.o)
    0x08000218   0x08000218   0x00000000   Code   RO         2704    .ARM.Collect$$libinit$$0000000E  c_w.l(libinit2.o)
    0x08000218   0x08000218   0x00000000   Code   RO         2707    .ARM.Collect$$libinit$$00000011  c_w.l(libinit2.o)
    0x08000218   0x08000218   0x00000000   Code   RO         2709    .ARM.Collect$$libinit$$00000013  c_w.l(libinit2.o)
    0x08000218   0x08000218   0x00000000   Code   RO         2711    .ARM.Collect$$libinit$$00000015  c_w.l(libinit2.o)
    0x08000218   0x08000218   0x00000000   Code   RO         2713    .ARM.Collect$$libinit$$00000017  c_w.l(libinit2.o)
    0x08000218   0x08000218   0x00000000   Code   RO         2715    .ARM.Collect$$libinit$$00000019  c_w.l(libinit2.o)
    0x08000218   0x08000218   0x00000000   Code   RO         2717    .ARM.Collect$$libinit$$0000001B  c_w.l(libinit2.o)
    0x08000218   0x08000218   0x00000000   Code   RO         2719    .ARM.Collect$$libinit$$0000001D  c_w.l(libinit2.o)
    0x08000218   0x08000218   0x00000000   Code   RO         2721    .ARM.Collect$$libinit$$0000001F  c_w.l(libinit2.o)
    0x08000218   0x08000218   0x00000000   Code   RO         2723    .ARM.Collect$$libinit$$00000021  c_w.l(libinit2.o)
    0x08000218   0x08000218   0x00000000   Code   RO         2725    .ARM.Collect$$libinit$$00000023  c_w.l(libinit2.o)
    0x08000218   0x08000218   0x00000000   Code   RO         2727    .ARM.Collect$$libinit$$00000025  c_w.l(libinit2.o)
    0x08000218   0x08000218   0x00000000   Code   RO         2731    .ARM.Collect$$libinit$$0000002C  c_w.l(libinit2.o)
    0x08000218   0x08000218   0x00000000   Code   RO         2733    .ARM.Collect$$libinit$$0000002E  c_w.l(libinit2.o)
    0x08000218   0x08000218   0x00000000   Code   RO         2735    .ARM.Collect$$libinit$$00000030  c_w.l(libinit2.o)
    0x08000218   0x08000218   0x00000000   Code   RO         2737    .ARM.Collect$$libinit$$00000032  c_w.l(libinit2.o)
    0x08000218   0x08000218   0x00000002   Code   RO         2738    .ARM.Collect$$libinit$$00000033  c_w.l(libinit2.o)
    0x0800021a   0x0800021a   0x00000002   Code   RO         2769    .ARM.Collect$$libshutdown$$00000000  c_w.l(libshutdown.o)
    0x0800021c   0x0800021c   0x00000000   Code   RO         2795    .ARM.Collect$$libshutdown$$00000002  c_w.l(libshutdown2.o)
    0x0800021c   0x0800021c   0x00000000   Code   RO         2797    .ARM.Collect$$libshutdown$$00000004  c_w.l(libshutdown2.o)
    0x0800021c   0x0800021c   0x00000000   Code   RO         2799    .ARM.Collect$$libshutdown$$00000006  c_w.l(libshutdown2.o)
    0x0800021c   0x0800021c   0x00000000   Code   RO         2802    .ARM.Collect$$libshutdown$$00000009  c_w.l(libshutdown2.o)
    0x0800021c   0x0800021c   0x00000000   Code   RO         2805    .ARM.Collect$$libshutdown$$0000000C  c_w.l(libshutdown2.o)
    0x0800021c   0x0800021c   0x00000000   Code   RO         2807    .ARM.Collect$$libshutdown$$0000000E  c_w.l(libshutdown2.o)
    0x0800021c   0x0800021c   0x00000000   Code   RO         2810    .ARM.Collect$$libshutdown$$00000011  c_w.l(libshutdown2.o)
    0x0800021c   0x0800021c   0x00000002   Code   RO         2811    .ARM.Collect$$libshutdown$$00000012  c_w.l(libshutdown2.o)
    0x0800021e   0x0800021e   0x00000000   Code   RO         2638    .ARM.Collect$$rtentry$$00000000  c_w.l(__rtentry.o)
    0x0800021e   0x0800021e   0x00000000   Code   RO         2651    .ARM.Collect$$rtentry$$00000002  c_w.l(__rtentry2.o)
    0x0800021e   0x0800021e   0x00000006   Code   RO         2663    .ARM.Collect$$rtentry$$00000004  c_w.l(__rtentry4.o)
    0x08000224   0x08000224   0x00000000   Code   RO         2653    .ARM.Collect$$rtentry$$00000009  c_w.l(__rtentry2.o)
    0x08000224   0x08000224   0x00000004   Code   RO         2654    .ARM.Collect$$rtentry$$0000000A  c_w.l(__rtentry2.o)
    0x08000228   0x08000228   0x00000000   Code   RO         2656    .ARM.Collect$$rtentry$$0000000C  c_w.l(__rtentry2.o)
    0x08000228   0x08000228   0x00000008   Code   RO         2657    .ARM.Collect$$rtentry$$0000000D  c_w.l(__rtentry2.o)
    0x08000230   0x08000230   0x00000002   Code   RO         2686    .ARM.Collect$$rtexit$$00000000  c_w.l(rtexit.o)
    0x08000232   0x08000232   0x00000000   Code   RO         2742    .ARM.Collect$$rtexit$$00000002  c_w.l(rtexit2.o)
    0x08000232   0x08000232   0x00000004   Code   RO         2743    .ARM.Collect$$rtexit$$00000003  c_w.l(rtexit2.o)
    0x08000236   0x08000236   0x00000006   Code   RO         2744    .ARM.Collect$$rtexit$$00000004  c_w.l(rtexit2.o)
    0x0800023c   0x0800023c   0x00000040   Code   RO            4    .text               startup_stm32f401xc.o
    0x0800027c   0x0800027c   0x000000ee   Code   RO         2598    .text               c_w.l(lludivv7m.o)
    0x0800036a   0x0800036a   0x00000002   PAD
    0x0800036c   0x0800036c   0x00000028   Code   RO         2602    .text               c_w.l(noretval__2sprintf.o)
    0x08000394   0x08000394   0x0000004e   Code   RO         2606    .text               c_w.l(_printf_pad.o)
    0x080003e2   0x080003e2   0x00000002   PAD
    0x080003e4   0x080003e4   0x00000078   Code   RO         2608    .text               c_w.l(_printf_dec.o)
    0x0800045c   0x0800045c   0x0000010e   Code   RO         2618    .text               c_w.l(__printf_wp.o)
    0x0800056a   0x0800056a   0x0000004e   Code   RO         2632    .text               c_w.l(rt_memclr_w.o)
    0x080005b8   0x080005b8   0x00000006   Code   RO         2634    .text               c_w.l(heapauxi.o)
    0x080005be   0x080005be   0x000000b2   Code   RO         2643    .text               c_w.l(_printf_intcommon.o)
    0x08000670   0x08000670   0x00000030   Code   RO         2645    .text               c_w.l(_printf_char_common.o)
    0x080006a0   0x080006a0   0x0000000a   Code   RO         2647    .text               c_w.l(_sputc.o)
    0x080006aa   0x080006aa   0x0000004a   Code   RO         2669    .text               c_w.l(sys_stackheap_outer.o)
    0x080006f4   0x080006f4   0x00000012   Code   RO         2671    .text               c_w.l(exit.o)
    0x08000706   0x08000706   0x00000002   PAD
    0x08000708   0x08000708   0x00000008   Code   RO         2683    .text               c_w.l(libspace.o)
    0x08000710   0x08000710   0x0000000c   Code   RO         2739    .text               c_w.l(sys_exit.o)
    0x0800071c   0x0800071c   0x00000002   Code   RO         2758    .text               c_w.l(use_no_semi.o)
    0x0800071e   0x0800071e   0x00000000   Code   RO         2760    .text               c_w.l(indicate_semi.o)
    0x0800071e   0x0800071e   0x00000002   Code   RO          297    i.BusFault_Handler  stm32f4xx_it.o
    0x08000720   0x08000720   0x00000002   Code   RO          298    i.DebugMon_Handler  stm32f4xx_it.o
    0x08000722   0x08000722   0x00000004   Code   RO           13    i.Error_Handler     main.o
    0x08000726   0x08000726   0x00000092   Code   RO         1226    i.HAL_DMA_Abort     stm32f4xx_hal_dma.o
    0x080007b8   0x080007b8   0x00000024   Code   RO         1227    i.HAL_DMA_Abort_IT  stm32f4xx_hal_dma.o
    0x080007dc   0x080007dc   0x00000024   Code   RO         1669    i.HAL_Delay         stm32f4xx_hal.o
    0x08000800   0x08000800   0x000002b4   Code   RO         1119    i.HAL_GPIO_Init     stm32f4xx_hal_gpio.o
    0x08000ab4   0x08000ab4   0x0000006c   Code   RO         1123    i.HAL_GPIO_WritePin  stm32f4xx_hal_gpio.o
    0x08000b20   0x08000b20   0x0000000c   Code   RO         1675    i.HAL_GetTick       stm32f4xx_hal.o
    0x08000b2c   0x08000b2c   0x00000010   Code   RO         1681    i.HAL_IncTick       stm32f4xx_hal.o
    0x08000b3c   0x08000b3c   0x00000034   Code   RO         1682    i.HAL_Init          stm32f4xx_hal.o
    0x08000b70   0x08000b70   0x00000040   Code   RO         1683    i.HAL_InitTick      stm32f4xx_hal.o
    0x08000bb0   0x08000bb0   0x00000030   Code   RO          379    i.HAL_MspInit       stm32f4xx_hal_msp.o
    0x08000be0   0x08000be0   0x00000064   Code   RO         1532    i.HAL_NVIC_EnableIRQ  stm32f4xx_hal_cortex.o
    0x08000c44   0x08000c44   0x000000a0   Code   RO         1538    i.HAL_NVIC_SetPriority  stm32f4xx_hal_cortex.o
    0x08000ce4   0x08000ce4   0x00000080   Code   RO         1539    i.HAL_NVIC_SetPriorityGrouping  stm32f4xx_hal_cortex.o
    0x08000d64   0x08000d64   0x0000024c   Code   RO          726    i.HAL_RCC_ClockConfig  stm32f4xx_hal_rcc.o
    0x08000fb0   0x08000fb0   0x00000020   Code   RO          733    i.HAL_RCC_GetPCLK1Freq  stm32f4xx_hal_rcc.o
    0x08000fd0   0x08000fd0   0x00000020   Code   RO          734    i.HAL_RCC_GetPCLK2Freq  stm32f4xx_hal_rcc.o
    0x08000ff0   0x08000ff0   0x00000060   Code   RO          735    i.HAL_RCC_GetSysClockFreq  stm32f4xx_hal_rcc.o
    0x08001050   0x08001050   0x000004a8   Code   RO          738    i.HAL_RCC_OscConfig  stm32f4xx_hal_rcc.o
    0x080014f8   0x080014f8   0x00000254   Code   RO          414    i.HAL_SPI_Init      stm32f4xx_hal_spi.o
    0x0800174c   0x0800174c   0x00000068   Code   RO          214    i.HAL_SPI_MspInit   spi.o
    0x080017b4   0x080017b4   0x000001b4   Code   RO          422    i.HAL_SPI_Transmit  stm32f4xx_hal_spi.o
    0x08001968   0x08001968   0x00000028   Code   RO         1543    i.HAL_SYSTICK_Config  stm32f4xx_hal_cortex.o
    0x08001990   0x08001990   0x00000002   Code   RO         1967    i.HAL_UARTEx_RxEventCallback  stm32f4xx_hal_uart.o
    0x08001992   0x08001992   0x00000002   Code   RO         1981    i.HAL_UART_ErrorCallback  stm32f4xx_hal_uart.o
    0x08001994   0x08001994   0x00000268   Code   RO         1984    i.HAL_UART_IRQHandler  stm32f4xx_hal_uart.o
    0x08001bfc   0x08001bfc   0x00000128   Code   RO         1985    i.HAL_UART_Init     stm32f4xx_hal_uart.o
    0x08001d24   0x08001d24   0x0000007c   Code   RO          256    i.HAL_UART_MspInit  usart.o
    0x08001da0   0x08001da0   0x0000002a   Code   RO         1990    i.HAL_UART_Receive_IT  stm32f4xx_hal_uart.o
    0x08001dca   0x08001dca   0x00000002   PAD
    0x08001dcc   0x08001dcc   0x00000034   Code   RO         2372    i.HAL_UART_RxCpltCallback  bsp_usart.o
    0x08001e00   0x08001e00   0x000000b2   Code   RO         1993    i.HAL_UART_Transmit  stm32f4xx_hal_uart.o
    0x08001eb2   0x08001eb2   0x00000002   Code   RO         1996    i.HAL_UART_TxCpltCallback  stm32f4xx_hal_uart.o
    0x08001eb4   0x08001eb4   0x00000002   Code   RO          299    i.HardFault_Handler  stm32f4xx_it.o
    0x08001eb6   0x08001eb6   0x0000003e   Code   RO         2440    i.LCD_Address_Set   tftlcd.o
    0x08001ef4   0x08001ef4   0x00000012   Code   RO         2441    i.LCD_Clear         tftlcd.o
    0x08001f06   0x08001f06   0x00000002   PAD
    0x08001f08   0x08001f08   0x00000080   Code   RO         2450    i.LCD_Fill          tftlcd.o
    0x08001f88   0x08001f88   0x00000200   Code   RO         2451    i.LCD_Init          tftlcd.o
    0x08002188   0x08002188   0x00000004   Code   RO         2453    i.LCD_SPI_Send      tftlcd.o
    0x0800218c   0x0800218c   0x0000013c   Code   RO         2454    i.LCD_ShowChar      tftlcd.o
    0x080022c8   0x080022c8   0x0000004c   Code   RO         2456    i.LCD_ShowString    tftlcd.o
    0x08002314   0x08002314   0x0000001c   Code   RO         2459    i.LCD_Write_Cmd     tftlcd.o
    0x08002330   0x08002330   0x0000001c   Code   RO         2460    i.LCD_Write_Data    tftlcd.o
    0x0800234c   0x0800234c   0x00000028   Code   RO         2461    i.LCD_Write_HalfWord  tftlcd.o
    0x08002374   0x08002374   0x000000b4   Code   RO          189    i.MX_GPIO_Init      gpio.o
    0x08002428   0x08002428   0x0000004c   Code   RO          215    i.MX_SPI1_Init      spi.o
    0x08002474   0x08002474   0x00000038   Code   RO          257    i.MX_USART1_UART_Init  usart.o
    0x080024ac   0x080024ac   0x00000002   Code   RO          300    i.MemManage_Handler  stm32f4xx_it.o
    0x080024ae   0x080024ae   0x00000002   Code   RO          301    i.NMI_Handler       stm32f4xx_it.o
    0x080024b0   0x080024b0   0x00000002   Code   RO          302    i.PendSV_Handler    stm32f4xx_it.o
    0x080024b2   0x080024b2   0x00000002   PAD
    0x080024b4   0x080024b4   0x00000014   Code   RO         2413    i.SPI1_WriteData    bsp_spi.o
    0x080024c8   0x080024c8   0x00000058   Code   RO          452    i.SPI_EndRxTxTransaction  stm32f4xx_hal_spi.o
    0x08002520   0x08002520   0x000000b8   Code   RO          457    i.SPI_WaitFlagStateUntilTimeout  stm32f4xx_hal_spi.o
    0x080025d8   0x080025d8   0x00000002   Code   RO          303    i.SVC_Handler       stm32f4xx_it.o
    0x080025da   0x080025da   0x00000004   Code   RO          304    i.SysTick_Handler   stm32f4xx_it.o
    0x080025de   0x080025de   0x00000002   PAD
    0x080025e0   0x080025e0   0x00000094   Code   RO           14    i.SystemClock_Config  main.o
    0x08002674   0x08002674   0x00000010   Code   RO         2314    i.SystemInit        system_stm32f4xx.o
    0x08002684   0x08002684   0x00000010   Code   RO         1998    i.UART_DMAAbortOnError  stm32f4xx_hal_uart.o
    0x08002694   0x08002694   0x0000004e   Code   RO         2008    i.UART_EndRxTransfer  stm32f4xx_hal_uart.o
    0x080026e2   0x080026e2   0x000000c0   Code   RO         2010    i.UART_Receive_IT   stm32f4xx_hal_uart.o
    0x080027a2   0x080027a2   0x00000002   PAD
    0x080027a4   0x080027a4   0x000001a0   Code   RO         2011    i.UART_SetConfig    stm32f4xx_hal_uart.o
    0x08002944   0x08002944   0x0000003a   Code   RO         2013    i.UART_Start_Receive_IT  stm32f4xx_hal_uart.o
    0x0800297e   0x0800297e   0x00000078   Code   RO         2014    i.UART_WaitOnFlagUntilTimeout  stm32f4xx_hal_uart.o
    0x080029f6   0x080029f6   0x00000002   PAD
    0x080029f8   0x080029f8   0x0000000c   Code   RO          305    i.USART1_IRQHandler  stm32f4xx_it.o
    0x08002a04   0x08002a04   0x00000002   Code   RO          306    i.UsageFault_Handler  stm32f4xx_it.o
    0x08002a06   0x08002a06   0x00000020   Code   RO         1545    i.__NVIC_SetPriority  stm32f4xx_hal_cortex.o
    0x08002a26   0x08002a26   0x0000000e   Code   RO         2620    i._is_digit         c_w.l(__printf_wp.o)
    0x08002a34   0x08002a34   0x00000002   Code   RO           15    i.assert_failed     main.o
    0x08002a36   0x08002a36   0x00000002   PAD
    0x08002a38   0x08002a38   0x00000190   Code   RO           16    i.main              main.o
    0x08002bc8   0x08002bc8   0x0000000a   Code   RO         2754    x$fpl$fpinit        fz_wm.l(fpinit.o)
    0x08002bd2   0x08002bd2   0x00000010   Data   RO         2315    .constdata          system_stm32f4xx.o
    0x08002be2   0x08002be2   0x00000008   Data   RO         2316    .constdata          system_stm32f4xx.o
    0x08002bea   0x08002bea   0x00004bb4   Data   RO         2463    .constdata          tftlcd.o
    0x0800779e   0x0800779e   0x00000002   PAD
    0x080077a0   0x080077a0   0x00000020   Data   RO         2812    Region$$Table       anon$$obj.o


    Execution Region RW_IRAM1 (Exec base: 0x20000000, Load base: 0x080077c0, Size: 0x00000bd0, Max: 0x00010000, ABSOLUTE)

    Exec Addr    Load Addr    Size         Type   Attr      Idx    E Section Name        Object

    0x20000000   0x080077c0   0x00000001   Data   RW           19    .data               main.o
    0x20000001   0x080077c1   0x00000003   PAD
    0x20000004   0x080077c4   0x0000000c   Data   RW         1689    .data               stm32f4xx_hal.o
    0x20000010   0x080077d0   0x00000004   Data   RW         2317    .data               system_stm32f4xx.o
    0x20000014   0x080077d4   0x00000001   Data   RW         2375    .data               bsp_usart.o
    0x20000015   0x080077d5   0x00000001   PAD
    0x20000016   0x080077d6   0x00000004   Data   RW         2464    .data               tftlcd.o
    0x2000001a   0x080077da   0x00000002   PAD
    0x2000001c        -       0x00000032   Zero   RW           17    .bss                main.o
    0x2000004e   0x080077da   0x00000002   PAD
    0x20000050        -       0x00000058   Zero   RW          216    .bss                spi.o
    0x200000a8        -       0x00000044   Zero   RW          258    .bss                usart.o
    0x200000ec        -       0x00000480   Zero   RW         2462    .bss                tftlcd.o
    0x2000056c        -       0x00000060   Zero   RW         2684    .bss                c_w.l(libspace.o)
    0x200005cc   0x080077da   0x00000004   PAD
    0x200005d0        -       0x00000200   Zero   RW            2    HEAP                startup_stm32f401xc.o
    0x200007d0        -       0x00000400   Zero   RW            1    STACK               startup_stm32f401xc.o


==============================================================================

Image component sizes


      Code (inc. data)   RO Data    RW Data    ZI Data      Debug   Object Name

        20          6          0          0          0        881   bsp_spi.o
        52         12          0          1          0       2388   bsp_usart.o
       180         14          0          0          0        995   gpio.o
       554        108          0          1         50     394729   main.o
       180         20          0          0         88       1725   spi.o
        64         26        404          0       1536        848   startup_stm32f401xc.o
       180         28          0         12          0       9313   stm32f4xx_hal.o
       460        196          0          0          0      34131   stm32f4xx_hal_cortex.o
       182          0          0          0          0       2115   stm32f4xx_hal_dma.o
       800        158          0          0          0       2328   stm32f4xx_hal_gpio.o
        48          6          0          0          0        866   stm32f4xx_hal_msp.o
      1940        184          0          0          0       5472   stm32f4xx_hal_rcc.o
      1304        140          0          0          0       4734   stm32f4xx_hal_spi.o
      2018        150          0          0          0      11572   stm32f4xx_hal_uart.o
        32          6          0          0          0       4698   stm32f4xx_it.o
        16          4         24          4          0       1147   system_stm32f4xx.o
      1212         48      19380          4       1152       8653   tftlcd.o
       180         22          0          0         68       1746   usart.o

    ----------------------------------------------------------------------
      9436       1128      19842         28       2896     488341   Object Totals
         0          0         32          0          0          0   (incl. Generated)
        14          0          2          6          2          0   (incl. Padding)

    ----------------------------------------------------------------------

      Code (inc. data)   RO Data    RW Data    ZI Data      Debug   Library Member Name

         8          0          0          0          0         68   __main.o
       284          0          0          0          0        156   __printf_wp.o
         0          0          0          0          0          0   __rtentry.o
        12          0          0          0          0          0   __rtentry2.o
         6          0          0          0          0          0   __rtentry4.o
        52          8          0          0          0          0   __scatter.o
        26          0          0          0          0          0   __scatter_copy.o
        28          0          0          0          0          0   __scatter_zi.o
        48          6          0          0          0         96   _printf_char_common.o
         6          0          0          0          0          0   _printf_d.o
       120         16          0          0          0         92   _printf_dec.o
       178          0          0          0          0         88   _printf_intcommon.o
        78          0          0          0          0        108   _printf_pad.o
         0          0          0          0          0          0   _printf_percent.o
         4          0          0          0          0          0   _printf_percent_end.o
        10          0          0          0          0         68   _sputc.o
        18          0          0          0          0         80   exit.o
         6          0          0          0          0        152   heapauxi.o
         0          0          0          0          0          0   indicate_semi.o
         2          0          0          0          0          0   libinit.o
         6          0          0          0          0          0   libinit2.o
         2          0          0          0          0          0   libshutdown.o
         2          0          0          0          0          0   libshutdown2.o
         8          4          0          0         96         68   libspace.o
       238          0          0          0          0        100   lludivv7m.o
        40          6          0          0          0         84   noretval__2sprintf.o
        78          0          0          0          0         80   rt_memclr_w.o
         2          0          0          0          0          0   rtexit.o
        10          0          0          0          0          0   rtexit2.o
        12          4          0          0          0         68   sys_exit.o
        74          0          0          0          0         80   sys_stackheap_outer.o
         2          0          0          0          0         68   use_no_semi.o
        10          0          0          0          0        116   fpinit.o

    ----------------------------------------------------------------------
      1378         44          0          0        100       1572   Library Totals
         8          0          0          0          4          0   (incl. Padding)

    ----------------------------------------------------------------------

      Code (inc. data)   RO Data    RW Data    ZI Data      Debug   Library Name

      1360         44          0          0         96       1456   c_w.l
        10          0          0          0          0        116   fz_wm.l

    ----------------------------------------------------------------------
      1378         44          0          0        100       1572   Library Totals

    ----------------------------------------------------------------------

==============================================================================


      Code (inc. data)   RO Data    RW Data    ZI Data      Debug   

     10814       1172      19842         28       2996     482937   Grand Totals
     10814       1172      19842         28       2996     482937   ELF Image Totals
     10814       1172      19842         28          0          0   ROM Totals

==============================================================================

    Total RO  Size (Code + RO Data)                30656 (  29.94kB)
    Total RW  Size (RW Data + ZI Data)              3024 (   2.95kB)
    Total ROM Size (Code + RO Data + RW Data)      30684 (  29.96kB)

==============================================================================

